=====================================================================
== G:\SteamLibrary\steamapps\common\DayZServer\DayZServer_x64.exe
== G:\SteamLibrary\steamapps\common\DayZServer\DayZServer_x64.exe -config=serverDZ.cfg "-mod=@Early Winter or Late Fall Livonia;@AICFireplaceIndoor;@AimSounds;@AmmoStacks;@Basic Ear Plugs;@Bed-Respawning;@Better Medical Pouch;@BetterSuppressors;@CF;@Building Fortifications;@CarVanillaPlus;@CaseBag;@Code Lock;@Combinable RepairKits;@Coupled Mag Vanilla;@Forward Operator Gear;@InediaInfectedAI;@Inventory Move Sounds;@InventoryInCar;@JunkYardDog;@Loot Barrel Transfer;@MagazineLoading;@metabolism;@MountsSights;@Nomadbackpack;@PvZmoD_Spawn_System;@RaG_BaseItems;@RaG_Immersive_Vehicles;@Saline Bag;@StaminaRevised;@Usefull Vanila Tents;@VPPAdminTools;@CJ187-LootChest;@Treasure;@QuickMoveItemsByCategory;@pvez test;@SearchInventory;@CJ187-ToxicZoneAlarm;@Dabs Framework;@DayZ-Expansion-AI;@DayZ-Expansion-Core;" -profiles=profiles "-servermod=@DayZ-Dynamic-AI-Addon;@Survivor Missions"
=====================================================================
Exe timestamp: 2025/01/28 02:52:30
Current time:  2025/02/11 05:18:09
Version 1.26.159040
=====================================================================

 5:18:09.811 [Inputs] Loading inputs default "bin/constants.xml"
 5:18:09.813 [Inputs] Loading inputs default "bin/specific.xml"
 5:18:09.814 [Inputs] Loading inputs default "EarPlugs\data\inputs.xml"
 5:18:09.814 [Inputs] Loading inputs default "InventoryMoveSounds/Scripts/Data/Inputs.xml"
 5:18:09.814 [Inputs] Loading inputs default "LIVEN/PvZmoD_Spawn_System/inputs.xml"
 5:18:09.814 [Inputs] Loading inputs default "PVEZ/data/inputs.xml"
 5:18:09.814 [Inputs] Loading inputs default "SearchInventory/Scripts/Data/inputs.xml"
 5:18:09.814 [Inputs] Loading inputs default "VPPAdminTools/data/modded_Inputs.xml"
 5:18:09.815 [Inputs] Loading inputs default "FOG_MOD/Scripts/Data/inputs.xml"
 5:18:09.815 [Inputs] Loading inputs default "rag/rag_immersive_vehicles/scripts/4_world/rag_immersive_vehicles/actions/inputs/inputs.xml"
 5:18:09.815 [Inputs] Loading inputs default "DayZExpansion/AI/Scripts/inputs.xml"
 5:18:09.815 [Inputs] Loading inputs cfg "profiles\Users\Survivor\Server.core.xml"
 5:18:09.815 !!! [Inputs] Cannot read inputs cfg "profiles\Users\Survivor\Server.core.xml", parser error
 5:18:09.815 [Inputs] Loading inputs cfg "bin/core.xml"
 5:18:09.815 !!! [Inputs] Cannot load input preset "#STR_USER", file does not exist
 5:18:09.816 [Inputs] Exporting inputs cfg "profiles\Users\Survivor\Server.core.xml"
 5:18:23.45 Hostname of server: "Project: Genesis"
 5:18:38.763 [CE][Hive] :: Initializing OFFLINE
 5:18:38.763 [StorageDirs] :: Selected storage directory: G:\SteamLibrary\steamapps\common\DayZServer\mpmissions\dayzOffline.enoch\storage_2\
 5:18:38.763 [CE][Hive] :: Loading core data ... 
 5:18:38.768 [CE][CoreData] :: 8 root classes, 19 defaults, 0 updaters...
 5:18:50.323 [CE] :: WARNING :: Preset map "needle1" is EMPTY.
 5:18:50.326 [CE][TypeSetup] :: 683 classes setuped...
 5:18:51.850 [CE][RegisterBind] :: 0 classes binded...
 5:18:51.850 [CE][RegisterConfig] :: 13970 config classes registered, 0 sub-counters...
 5:18:51.850 [CE][Hive] :: Loading map data ... 
 5:18:51.868 [CE][IgnoreList] "cfgignorelist.xml" :: loaded 17 types
 5:18:51.930 [CE][LoadPrototype] :: loaded 445 prototypes
 5:18:51.930   842 containers, 11094 points
 5:18:51.930   83 dispatches, 324 proxies
 5:18:51.930 !!! [CE][LoadPrototype] 4 groups have no points...
 5:18:51.930 !!! [CE][LoadPrototype] 1 groups have wrong points...
 5:18:51.930 [CE][LoadPrototype] :: last group name: StaticObj_Misc_SupplyBox3_DE...
 5:18:51.947 [CE][LoadPrototype] :: loaded 0 prototypes
 5:18:51.947   50 containers, 276 points
 5:18:51.947   0 dispatches, 0 proxies
 5:18:51.947 [CE][LoadPrototype] :: last group name: PathD_7100...
 5:18:52.750 [CE][LoadMap] "Group" :: loaded 5753 groups, groups failed: 0, largest group range: 26.6
 5:18:52.751 [CE][LoadMap] "Dirt" :: loaded 0 groups, groups failed: 0, largest group range: 26.6
 5:18:52.845 [CE][Links] found 556 total links between groups, of 5753
 5:18:52.845 [CE][LoadClusters] "Cluster" :: Loading files...
 5:18:53.03 [CE][LoadClusters] :: file: "mapgroupcluster.xml", 4 types, 50000 instances
 5:18:53.175 [CE][LoadClusters] :: file: "mapgroupcluster01", 4 types, 50000 instances
 5:18:53.344 [CE][LoadClusters] :: file: "mapgroupcluster02", 4 types, 50000 instances
 5:18:53.522 [CE][LoadClusters] :: file: "mapgroupcluster03", 4 types, 50000 instances
 5:18:53.616 [CE][LoadClusters] :: file: "mapgroupcluster04", 4 types, 25015 instances
 5:18:53.631 [CE][Storage] ver:21 stamp:303, valid:yes, name:"G:\SteamLibrary\steamapps\common\DayZServer\mpmissions\dayzOffline.enoch\storage_2\data\types.bin"
 5:18:53.648 [CE][Storage] ver:21 stamp:300, valid:yes, name:"G:\SteamLibrary\steamapps\common\DayZServer\mpmissions\dayzOffline.enoch\storage_2\data\types.001"
 5:18:53.665 [CE][Storage] ver:21 stamp:301, valid:yes, name:"G:\SteamLibrary\steamapps\common\DayZServer\mpmissions\dayzOffline.enoch\storage_2\data\types.002"
 5:18:53.665 [CE][Storage] Restoring file "G:\SteamLibrary\steamapps\common\DayZServer\mpmissions\dayzOffline.enoch\storage_2\data\types.bin".
 5:18:53.847 !!! [CE][offlineDB] :: No Shutdown message present.
 5:18:53.854 [CE][offlineDB] :: Loaded 45 dynamic events 242 total types.
 5:18:53.900 !!! [CE] :: Unknown usage: 'Historical'.
 5:18:53.900 !!! [CE] :: Unknown usage: 'Historical'.
 5:18:53.900 !!! [CE] :: Unknown usage: 'Historical'.
 5:18:53.900 !!! [CE] :: Unknown usage: 'Historical'.
 5:18:53.900 !!! [CE][offlineDB] :: Type 'ChristmasTree' will be ignored. (Not spawnable. (Scope is not public?))
 5:18:53.900 !!! [CE] :: Unknown usage: 'Historical'.
 5:18:53.901 !!! [CE] :: Unknown usage: 'Historical'.
 5:18:53.901 !!! [CE] :: Unknown usage: 'Historical'.
 5:18:53.901 !!! [CE][offlineDB] :: Type 'Static_FrozenScientist_DE' will be ignored. (Type does not exist. (Typo?))
 5:18:53.901 !!! [CE] :: Unknown usage: 'Historical'.
 5:18:53.925 !!! [CE] :: Unknown usage: 'Tier3'.
 5:18:53.925 !!! [CE] :: Unknown usage: 'Tier3'.
 5:18:53.925 !!! [CE] :: Unknown usage: 'Tier3'.
 5:18:53.925 !!! [CE] :: Unknown usage: 'Tier3'.
 5:18:53.925 !!! [CE] :: Unknown usage: 'Tier3'.
 5:18:53.925 !!! [CE] :: Unknown usage: 'Tier3'.
 5:18:53.925 !!! [CE] :: Unknown usage: 'Tier3'.
 5:18:53.925 !!! [CE] :: Unknown usage: 'Tier3'.
 5:18:53.925 !!! [CE] :: Unknown usage: 'Tier3'.
 5:18:53.925 !!! [CE] :: Unknown usage: 'Tier3'.
 5:18:53.925 !!! [CE] :: Unknown usage: 'Tier3'.
 5:18:53.925 !!! [CE] :: Unknown usage: 'Tier3'.
 5:18:53.925 !!! [CE] :: Unknown usage: 'Tier3'.
 5:18:53.926 !!! [CE] :: Unknown usage: 'Tier3'.
 5:18:53.926 !!! [CE] :: Unknown usage: 'Tier3'.
 5:18:53.926 !!! [CE] :: Unknown usage: 'Tier3'.
 5:18:53.926 !!! [CE] :: Unknown usage: 'Tier3'.
 5:18:53.926 !!! [CE] :: Unknown usage: 'Tier3'.
 5:18:53.926 !!! [CE] :: Unknown usage: 'Tier3'.
 5:18:53.926 !!! [CE] :: Unknown usage: 'Tier3'.
 5:18:53.926 !!! [CE] :: Unknown usage: 'Tier3'.
 5:18:53.926 !!! [CE] :: Unknown usage: 'Tier3'.
 5:18:53.926 !!! [CE] :: Unknown usage: 'Tier3'.
 5:18:53.926 !!! [CE] :: Unknown usage: 'Tier3'.
 5:18:53.926 !!! [CE] :: Unknown usage: 'Tier3'.
 5:18:53.926 !!! [CE] :: Unknown usage: 'Tier3'.
 5:18:53.926 !!! [CE] :: Unknown usage: 'Tier3'.
 5:18:53.927 !!! [CE] :: Unknown usage: 'Tier3'.
 5:18:53.927 !!! [CE] :: Unknown usage: 'Tier3'.
 5:18:53.927 !!! [CE] :: Unknown usage: 'Tier3'.
 5:18:53.927 !!! [CE] :: Unknown usage: 'Tier3'.
 5:18:53.927 !!! [CE] :: Unknown usage: 'Tier3'.
 5:18:53.928 !!! [CE] :: Unknown usage: 'Tier3'.
 5:18:53.928 !!! [CE] :: Unknown usage: 'Tier3'.
 5:18:53.928 !!! [CE] :: Unknown usage: 'Tier3'.
 5:18:53.928 !!! [CE] :: Unknown usage: 'Tier3'.
 5:18:53.928 !!! [CE] :: Unknown usage: 'Tier3'.
 5:18:53.928 !!! [CE] :: Unknown usage: 'Tier3'.
 5:18:53.928 !!! [CE] :: Unknown usage: 'Tier3'.
 5:18:53.928 !!! [CE] :: Unknown usage: 'Tier3'.
 5:18:53.928 !!! [CE] :: Unknown usage: 'Tier3'.
 5:18:53.928 !!! [CE] :: Unknown usage: 'Tier3'.
 5:18:53.928 !!! [CE] :: Unknown usage: 'Tier3'.
 5:18:53.928 !!! [CE] :: Unknown usage: 'Tier3'.
 5:18:53.928 !!! [CE] :: Unknown usage: 'Tier3'.
 5:18:53.928 !!! [CE] :: Unknown usage: 'Tier3'.
 5:18:53.928 !!! [CE] :: Unknown usage: 'Tier3'.
 5:18:53.929 !!! [CE] :: Unknown usage: 'Tier3'.
 5:18:53.993 !!! [CE][offlineDB] :: Type 'rag_baseittems_triple_locker_kit' will be ignored. (Type does not exist. (Typo?))
 5:18:53.993 !!! [CE][offlineDB] :: Type 'rag_baseittems_triple_locker' will be ignored. (Type does not exist. (Typo?))
 5:18:53.993 !!! [CE][offlineDB] :: Type 'rag_baseittems_triple_locker_black_kit' will be ignored. (Type does not exist. (Typo?))
 5:18:53.993 !!! [CE][offlineDB] :: Type 'rag_baseittems_triple_locker_black' will be ignored. (Type does not exist. (Typo?))
 5:18:53.993 !!! [CE][offlineDB] :: Type 'rag_baseittems_triple_locker_green_kit' will be ignored. (Type does not exist. (Typo?))
 5:18:53.994 !!! [CE][offlineDB] :: Type 'rag_baseittems_triple_locker_green' will be ignored. (Type does not exist. (Typo?))
 5:18:53.994 !!! [CE][offlineDB] :: Type 'rag_baseittems_triple_locker_purple_kit' will be ignored. (Type does not exist. (Typo?))
 5:18:53.994 !!! [CE][offlineDB] :: Type 'rag_baseittems_triple_locker_purple' will be ignored. (Type does not exist. (Typo?))
 5:18:53.994 !!! [CE][offlineDB] :: Type 'rag_baseittems_triple_locker_red_kit' will be ignored. (Type does not exist. (Typo?))
 5:18:53.994 !!! [CE][offlineDB] :: Type 'rag_baseittems_triple_locker_red' will be ignored. (Type does not exist. (Typo?))
 5:18:53.994 !!! [CE][offlineDB] :: Type 'rag_baseittems_triple_locker_yellow_kit' will be ignored. (Type does not exist. (Typo?))
 5:18:53.994 !!! [CE][offlineDB] :: Type 'rag_baseittems_triple_locker_yellow' will be ignored. (Type does not exist. (Typo?))
 5:18:53.994 !!! [CE][offlineDB] :: Type 'rag_baseitems_spaycan_paint' will be ignored. (Type does not exist. (Typo?))
 5:18:53.994 !!! [CE][offlineDB] :: Type 'rag_baseitems_spaycan_white' will be ignored. (Type does not exist. (Typo?))
 5:18:53.994 !!! [CE][offlineDB] :: Type 'rag_cabin_kit' will be ignored. (Type does not exist. (Typo?))
 5:18:53.994 !!! [CE][offlineDB] :: Type 'rag_cabin' will be ignored. (Type does not exist. (Typo?))
 5:18:53.994 !!! [CE][offlineDB] :: Type 'rag_cabin_water_pump' will be ignored. (Type does not exist. (Typo?))
 5:18:53.994 !!! [CE][offlineDB] :: Type 'RaG_BB_Admin_Hammer' will be ignored. (Type does not exist. (Typo?))
 5:18:53.994 !!! [CE][offlineDB] :: Type 'RaG_BB_Admin_Hatchet' will be ignored. (Type does not exist. (Typo?))
 5:18:53.994 !!! [CE][offlineDB] :: Type 'RaG_BB_PillarKit' will be ignored. (Type does not exist. (Typo?))
 5:18:53.994 !!! [CE][offlineDB] :: Type 'RaG_BB_Pillar' will be ignored. (Type does not exist. (Typo?))
 5:18:53.994 !!! [CE][offlineDB] :: Type 'RaG_BB_RoofKit' will be ignored. (Type does not exist. (Typo?))
 5:18:53.994 !!! [CE][offlineDB] :: Type 'RaG_BB_Roof' will be ignored. (Type does not exist. (Typo?))
 5:18:53.994 !!! [CE][offlineDB] :: Type 'RaG_BB_FloorKit' will be ignored. (Type does not exist. (Typo?))
 5:18:53.994 !!! [CE][offlineDB] :: Type 'RaG_BB_Floor' will be ignored. (Type does not exist. (Typo?))
 5:18:53.994 !!! [CE][offlineDB] :: Type 'RaG_BB_CeilingKit' will be ignored. (Type does not exist. (Typo?))
 5:18:53.995 !!! [CE][offlineDB] :: Type 'RaG_BB_Ceiling' will be ignored. (Type does not exist. (Typo?))
 5:18:53.995 !!! [CE][offlineDB] :: Type 'RaG_BB_StaircaseKit' will be ignored. (Type does not exist. (Typo?))
 5:18:53.995 !!! [CE][offlineDB] :: Type 'RaG_BB_Staircase' will be ignored. (Type does not exist. (Typo?))
 5:18:53.995 !!! [CE][offlineDB] :: Type 'RaG_BB_Staircase_2Kit' will be ignored. (Type does not exist. (Typo?))
 5:18:53.995 !!! [CE][offlineDB] :: Type 'RaG_BB_Staircase_2' will be ignored. (Type does not exist. (Typo?))
 5:18:53.995 !!! [CE][offlineDB] :: Type 'RaG_BB_StairsKit' will be ignored. (Type does not exist. (Typo?))
 5:18:53.996 !!! [CE][offlineDB] :: Type 'RaG_BB_Stairs' will be ignored. (Type does not exist. (Typo?))
 5:18:53.996 !!! [CE][offlineDB] :: Type 'RaG_BB_WallKit' will be ignored. (Type does not exist. (Typo?))
 5:18:53.996 !!! [CE][offlineDB] :: Type 'RaG_BB_Wall' will be ignored. (Type does not exist. (Typo?))
 5:18:53.996 !!! [CE][offlineDB] :: Type 'RaG_BB_DoorKit' will be ignored. (Type does not exist. (Typo?))
 5:18:53.996 !!! [CE][offlineDB] :: Type 'RaG_BB_Door' will be ignored. (Type does not exist. (Typo?))
 5:18:53.996 !!! [CE][offlineDB] :: Type 'RaG_BB_WindowKit' will be ignored. (Type does not exist. (Typo?))
 5:18:53.996 !!! [CE][offlineDB] :: Type 'RaG_BB_Window' will be ignored. (Type does not exist. (Typo?))
 5:18:53.996 !!! [CE][offlineDB] :: Type 'RaG_BB_Window_SmallKit' will be ignored. (Type does not exist. (Typo?))
 5:18:53.996 !!! [CE][offlineDB] :: Type 'RaG_BB_Window_Small' will be ignored. (Type does not exist. (Typo?))
 5:18:53.996 !!! [CE][offlineDB] :: Type 'RaG_BB_Low_WallKit' will be ignored. (Type does not exist. (Typo?))
 5:18:53.996 !!! [CE][offlineDB] :: Type 'RaG_BB_Low_Wall' will be ignored. (Type does not exist. (Typo?))
 5:18:53.996 !!! [CE][offlineDB] :: Type 'RaG_BB_FoundationKit' will be ignored. (Type does not exist. (Typo?))
 5:18:53.996 !!! [CE][offlineDB] :: Type 'RaG_BB_Foundation' will be ignored. (Type does not exist. (Typo?))
 5:18:53.996 !!! [CE][offlineDB] :: Type 'RaG_BB_GateKit' will be ignored. (Type does not exist. (Typo?))
 5:18:53.996 !!! [CE][offlineDB] :: Type 'RaG_BB_Gate' will be ignored. (Type does not exist. (Typo?))
 5:18:53.996 !!! [CE][offlineDB] :: Type 'RaG_BB_GateLeftKit' will be ignored. (Type does not exist. (Typo?))
 5:18:53.996 !!! [CE][offlineDB] :: Type 'RaG_BB_GateLeft' will be ignored. (Type does not exist. (Typo?))
 5:18:53.996 !!! [CE][offlineDB] :: Type 'RaG_BB_GateRightKit' will be ignored. (Type does not exist. (Typo?))
 5:18:53.996 !!! [CE][offlineDB] :: Type 'RaG_BB_GateRight' will be ignored. (Type does not exist. (Typo?))
 5:18:53.997 !!! [CE][offlineDB] :: Type 'RaG_BB_WoodStorageKit' will be ignored. (Type does not exist. (Typo?))
 5:18:53.997 !!! [CE][offlineDB] :: Type 'RaG_BB_WoodStorage' will be ignored. (Type does not exist. (Typo?))
 5:18:53.997 !!! [CE][offlineDB] :: Type 'RaG_BB_RampKit' will be ignored. (Type does not exist. (Typo?))
 5:18:53.997 !!! [CE][offlineDB] :: Type 'RaG_BB_Ramp' will be ignored. (Type does not exist. (Typo?))
 5:18:53.997 !!! [CE][offlineDB] :: Type 'RaG_BB_StepLadderKit' will be ignored. (Type does not exist. (Typo?))
 5:18:53.997 !!! [CE][offlineDB] :: Type 'RaG_BB_StepLadder' will be ignored. (Type does not exist. (Typo?))
 5:18:53.997 !!! [CE][offlineDB] :: Type 'RaG_BB_Ladder' will be ignored. (Type does not exist. (Typo?))
 5:18:53.997 !!! [CE][offlineDB] :: Type 'RaG_BB_Floor_HatchKit' will be ignored. (Type does not exist. (Typo?))
 5:18:53.997 !!! [CE][offlineDB] :: Type 'RaG_BB_Floor_Hatch' will be ignored. (Type does not exist. (Typo?))
 5:18:53.997 !!! [CE][offlineDB] :: Type 'RaG_BB_Single_DoorKit' will be ignored. (Type does not exist. (Typo?))
 5:18:53.997 !!! [CE][offlineDB] :: Type 'RaG_BB_Single_Door' will be ignored. (Type does not exist. (Typo?))
 5:18:54.243 !!! [CE][DE][SPAWNS] :: [WARNING] :: Skipping entry for non-existing event 'VehicleTransitBus'.
 5:18:54.244 [CE][DE][SPAWNS] :: Total positions: 492
 5:18:54.244 [CE][DE][GROUPS] :: Total eventgroups defined: 61, Eventgroups in use: 61
 5:18:54.245 [CE][Storage] ver:25 stamp:303, valid:yes, name:"G:\SteamLibrary\steamapps\common\DayZServer\mpmissions\dayzOffline.enoch\storage_2\data\events.bin"
 5:18:54.256 [CE][Storage] ver:25 stamp:300, valid:yes, name:"G:\SteamLibrary\steamapps\common\DayZServer\mpmissions\dayzOffline.enoch\storage_2\data\events.001"
 5:18:54.257 [CE][Storage] ver:25 stamp:301, valid:yes, name:"G:\SteamLibrary\steamapps\common\DayZServer\mpmissions\dayzOffline.enoch\storage_2\data\events.002"
 5:18:54.257 [CE][Storage] Restoring file "G:\SteamLibrary\steamapps\common\DayZServer\mpmissions\dayzOffline.enoch\storage_2\data\events.bin".
 5:18:54.258 [CE][DynamicEvent] Load  Events:[45] Primary spawners: 45 Secondary spawners: 4
 5:18:54.265 [CE][Storage] ver:25 stamp:303, valid:yes, name:"G:\SteamLibrary\steamapps\common\DayZServer\mpmissions\dayzOffline.enoch\storage_2\data\dynamic_000.bin"
 5:18:54.275 [CE][Storage] ver:25 stamp:300, valid:yes, name:"G:\SteamLibrary\steamapps\common\DayZServer\mpmissions\dayzOffline.enoch\storage_2\data\dynamic_000.001"
 5:18:54.283 [CE][Storage] ver:25 stamp:301, valid:yes, name:"G:\SteamLibrary\steamapps\common\DayZServer\mpmissions\dayzOffline.enoch\storage_2\data\dynamic_000.002"
 5:18:54.283 [CE][Storage] Restoring file "G:\SteamLibrary\steamapps\common\DayZServer\mpmissions\dayzOffline.enoch\storage_2\data\dynamic_000.bin" 728 items.
 5:18:54.879   728 items loaded. (0 failed)
 5:18:54.895 [CE][Storage] ver:25 stamp:303, valid:yes, name:"G:\SteamLibrary\steamapps\common\DayZServer\mpmissions\dayzOffline.enoch\storage_2\data\dynamic_001.bin"
 5:18:54.899 [CE][Storage] ver:25 stamp:300, valid:yes, name:"G:\SteamLibrary\steamapps\common\DayZServer\mpmissions\dayzOffline.enoch\storage_2\data\dynamic_001.001"
 5:18:54.912 [CE][Storage] ver:25 stamp:301, valid:yes, name:"G:\SteamLibrary\steamapps\common\DayZServer\mpmissions\dayzOffline.enoch\storage_2\data\dynamic_001.002"
 5:18:54.912 [CE][Storage] Restoring file "G:\SteamLibrary\steamapps\common\DayZServer\mpmissions\dayzOffline.enoch\storage_2\data\dynamic_001.bin" 3063 items.
 5:18:56.121   3063 items loaded. (0 failed)
 5:18:56.139 [CE][Storage] ver:25 stamp:303, valid:yes, name:"G:\SteamLibrary\steamapps\common\DayZServer\mpmissions\dayzOffline.enoch\storage_2\data\dynamic_002.bin"
 5:18:56.156 [CE][Storage] ver:25 stamp:300, valid:yes, name:"G:\SteamLibrary\steamapps\common\DayZServer\mpmissions\dayzOffline.enoch\storage_2\data\dynamic_002.001"
 5:18:56.172 [CE][Storage] ver:25 stamp:301, valid:yes, name:"G:\SteamLibrary\steamapps\common\DayZServer\mpmissions\dayzOffline.enoch\storage_2\data\dynamic_002.002"
 5:18:56.172 [CE][Storage] Restoring file "G:\SteamLibrary\steamapps\common\DayZServer\mpmissions\dayzOffline.enoch\storage_2\data\dynamic_002.bin" 838 items.
 5:18:56.477   838 items loaded. (0 failed)
 5:18:56.504 [CE][Storage] ver:25 stamp:303, valid:yes, name:"G:\SteamLibrary\steamapps\common\DayZServer\mpmissions\dayzOffline.enoch\storage_2\data\dynamic_003.bin"
 5:18:56.514 [CE][Storage] ver:25 stamp:300, valid:yes, name:"G:\SteamLibrary\steamapps\common\DayZServer\mpmissions\dayzOffline.enoch\storage_2\data\dynamic_003.001"
 5:18:56.533 [CE][Storage] ver:25 stamp:301, valid:yes, name:"G:\SteamLibrary\steamapps\common\DayZServer\mpmissions\dayzOffline.enoch\storage_2\data\dynamic_003.002"
 5:18:56.533 [CE][Storage] Restoring file "G:\SteamLibrary\steamapps\common\DayZServer\mpmissions\dayzOffline.enoch\storage_2\data\dynamic_003.bin" 1858 items.
 5:18:57.253   1858 items loaded. (0 failed)
 5:18:57.274 [CE][Storage] ver:25 stamp:303, valid:yes, name:"G:\SteamLibrary\steamapps\common\DayZServer\mpmissions\dayzOffline.enoch\storage_2\data\dynamic_004.bin"
 5:18:57.288 [CE][Storage] ver:25 stamp:300, valid:yes, name:"G:\SteamLibrary\steamapps\common\DayZServer\mpmissions\dayzOffline.enoch\storage_2\data\dynamic_004.001"
 5:18:57.299 [CE][Storage] ver:25 stamp:301, valid:yes, name:"G:\SteamLibrary\steamapps\common\DayZServer\mpmissions\dayzOffline.enoch\storage_2\data\dynamic_004.002"
 5:18:57.299 [CE][Storage] Restoring file "G:\SteamLibrary\steamapps\common\DayZServer\mpmissions\dayzOffline.enoch\storage_2\data\dynamic_004.bin" 1696 items.
 5:18:57.980   1696 items loaded. (0 failed)
 5:18:57.995 [CE][Storage] ver:25 stamp:303, valid:yes, name:"G:\SteamLibrary\steamapps\common\DayZServer\mpmissions\dayzOffline.enoch\storage_2\data\dynamic_005.bin"
 5:18:57.996 [CE][Storage] ver:25 stamp:300, valid:yes, name:"G:\SteamLibrary\steamapps\common\DayZServer\mpmissions\dayzOffline.enoch\storage_2\data\dynamic_005.001"
 5:18:58.16 [CE][Storage] ver:25 stamp:301, valid:yes, name:"G:\SteamLibrary\steamapps\common\DayZServer\mpmissions\dayzOffline.enoch\storage_2\data\dynamic_005.002"
 5:18:58.16 [CE][Storage] Restoring file "G:\SteamLibrary\steamapps\common\DayZServer\mpmissions\dayzOffline.enoch\storage_2\data\dynamic_005.bin" 2142 items.
 5:18:59.45   2142 items loaded. (0 failed)
 5:18:59.46 [CE][Storage] ver:25 stamp:303, valid:yes, name:"G:\SteamLibrary\steamapps\common\DayZServer\mpmissions\dayzOffline.enoch\storage_2\data\dynamic_006.bin"
 5:18:59.65 [CE][Storage] ver:25 stamp:300, valid:yes, name:"G:\SteamLibrary\steamapps\common\DayZServer\mpmissions\dayzOffline.enoch\storage_2\data\dynamic_006.001"
 5:18:59.80 [CE][Storage] ver:25 stamp:301, valid:yes, name:"G:\SteamLibrary\steamapps\common\DayZServer\mpmissions\dayzOffline.enoch\storage_2\data\dynamic_006.002"
 5:18:59.80 [CE][Storage] Restoring file "G:\SteamLibrary\steamapps\common\DayZServer\mpmissions\dayzOffline.enoch\storage_2\data\dynamic_006.bin" 1280 items.
 5:18:59.583   1280 items loaded. (0 failed)
 5:18:59.595 [CE][Storage] ver:25 stamp:303, valid:yes, name:"G:\SteamLibrary\steamapps\common\DayZServer\mpmissions\dayzOffline.enoch\storage_2\data\dynamic_007.bin"
 5:18:59.607 [CE][Storage] ver:25 stamp:300, valid:yes, name:"G:\SteamLibrary\steamapps\common\DayZServer\mpmissions\dayzOffline.enoch\storage_2\data\dynamic_007.001"
 5:18:59.608 [CE][Storage] ver:25 stamp:301, valid:yes, name:"G:\SteamLibrary\steamapps\common\DayZServer\mpmissions\dayzOffline.enoch\storage_2\data\dynamic_007.002"
 5:18:59.608 [CE][Storage] Restoring file "G:\SteamLibrary\steamapps\common\DayZServer\mpmissions\dayzOffline.enoch\storage_2\data\dynamic_007.bin" 1414 items.
 5:19:00.131   1414 items loaded. (0 failed)
 5:19:00.131 [CE][Storage] ver:25 stamp:303, valid:yes, name:"G:\SteamLibrary\steamapps\common\DayZServer\mpmissions\dayzOffline.enoch\storage_2\data\dynamic_008.bin"
 5:19:00.141 [CE][Storage] ver:25 stamp:300, valid:yes, name:"G:\SteamLibrary\steamapps\common\DayZServer\mpmissions\dayzOffline.enoch\storage_2\data\dynamic_008.001"
 5:19:00.154 [CE][Storage] ver:25 stamp:301, valid:yes, name:"G:\SteamLibrary\steamapps\common\DayZServer\mpmissions\dayzOffline.enoch\storage_2\data\dynamic_008.002"
 5:19:00.154 [CE][Storage] Restoring file "G:\SteamLibrary\steamapps\common\DayZServer\mpmissions\dayzOffline.enoch\storage_2\data\dynamic_008.bin" 1368 items.
 5:19:00.685   1368 items loaded. (0 failed)
 5:19:00.702 [CE][Storage] ver:25 stamp:303, valid:yes, name:"G:\SteamLibrary\steamapps\common\DayZServer\mpmissions\dayzOffline.enoch\storage_2\data\dynamic_009.bin"
 5:19:00.711 [CE][Storage] ver:25 stamp:300, valid:yes, name:"G:\SteamLibrary\steamapps\common\DayZServer\mpmissions\dayzOffline.enoch\storage_2\data\dynamic_009.001"
 5:19:00.718 [CE][Storage] ver:25 stamp:301, valid:yes, name:"G:\SteamLibrary\steamapps\common\DayZServer\mpmissions\dayzOffline.enoch\storage_2\data\dynamic_009.002"
 5:19:00.718 [CE][Storage] Restoring file "G:\SteamLibrary\steamapps\common\DayZServer\mpmissions\dayzOffline.enoch\storage_2\data\dynamic_009.bin" 1171 items.
 5:19:01.164   1171 items loaded. (0 failed)
 5:19:01.165 [CE][Storage] ver:25 stamp:303, valid:yes, name:"G:\SteamLibrary\steamapps\common\DayZServer\mpmissions\dayzOffline.enoch\storage_2\data\dynamic_010.bin"
 5:19:01.174 [CE][Storage] ver:25 stamp:300, valid:yes, name:"G:\SteamLibrary\steamapps\common\DayZServer\mpmissions\dayzOffline.enoch\storage_2\data\dynamic_010.001"
 5:19:01.186 [CE][Storage] ver:25 stamp:301, valid:yes, name:"G:\SteamLibrary\steamapps\common\DayZServer\mpmissions\dayzOffline.enoch\storage_2\data\dynamic_010.002"
 5:19:01.186 [CE][Storage] Restoring file "G:\SteamLibrary\steamapps\common\DayZServer\mpmissions\dayzOffline.enoch\storage_2\data\dynamic_010.bin" 3430 items.
 5:19:02.530   3430 items loaded. (0 failed)
 5:19:02.549 [CE][Storage] ver:25 stamp:303, valid:yes, name:"G:\SteamLibrary\steamapps\common\DayZServer\mpmissions\dayzOffline.enoch\storage_2\data\dynamic_011.bin"
 5:19:02.549 [CE][Storage] ver:25 stamp:300, valid:yes, name:"G:\SteamLibrary\steamapps\common\DayZServer\mpmissions\dayzOffline.enoch\storage_2\data\dynamic_011.001"
 5:19:02.560 [CE][Storage] ver:25 stamp:301, valid:yes, name:"G:\SteamLibrary\steamapps\common\DayZServer\mpmissions\dayzOffline.enoch\storage_2\data\dynamic_011.002"
 5:19:02.560 [CE][Storage] Restoring file "G:\SteamLibrary\steamapps\common\DayZServer\mpmissions\dayzOffline.enoch\storage_2\data\dynamic_011.bin" 546 items.
 5:19:02.769   546 items loaded. (0 failed)
 5:19:02.770 [CE][Storage] ver:26 stamp:303, valid:yes, name:"G:\SteamLibrary\steamapps\common\DayZServer\mpmissions\dayzOffline.enoch\storage_2\data\building.bin"
 5:19:02.770 [CE][Storage] ver:26 stamp:300, valid:yes, name:"G:\SteamLibrary\steamapps\common\DayZServer\mpmissions\dayzOffline.enoch\storage_2\data\building.001"
 5:19:02.770 [CE][Storage] ver:26 stamp:301, valid:yes, name:"G:\SteamLibrary\steamapps\common\DayZServer\mpmissions\dayzOffline.enoch\storage_2\data\building.002"
 5:19:02.770 [CE][Storage] Restoring file "G:\SteamLibrary\steamapps\common\DayZServer\mpmissions\dayzOffline.enoch\storage_2\data\building.bin" 0 items.
 5:19:02.770   0 items loaded. (0 failed)
 5:19:02.791 [CE][Storage] ver:25 stamp:303, valid:yes, name:"G:\SteamLibrary\steamapps\common\DayZServer\mpmissions\dayzOffline.enoch\storage_2\data\vehicles.bin"
 5:19:02.803 [CE][Storage] ver:25 stamp:300, valid:yes, name:"G:\SteamLibrary\steamapps\common\DayZServer\mpmissions\dayzOffline.enoch\storage_2\data\vehicles.001"
 5:19:02.818 [CE][Storage] ver:25 stamp:301, valid:yes, name:"G:\SteamLibrary\steamapps\common\DayZServer\mpmissions\dayzOffline.enoch\storage_2\data\vehicles.002"
 5:19:02.818 [CE][Storage] Restoring file "G:\SteamLibrary\steamapps\common\DayZServer\mpmissions\dayzOffline.enoch\storage_2\data\vehicles.bin" 230 items.
 5:19:06.634 !!! Scripted variables corrupted upon "Boat_01_Black"
 5:19:10.367 !!! Scripted variables corrupted upon "Boat_01_Blue"
 5:19:59.722 !!! Scripted variables corrupted upon "Boat_01_Black"
 5:20:25.863 !!! Scripted variables corrupted upon "Boat_01_Orange"
 5:20:55.831 !!! Scripted variables corrupted upon "Boat_01_Blue"
 5:21:54.75   230 items loaded. (0 failed)
 5:21:58.673 [CE][Hive] :: Storage load took:184.42 seconds, recovery stamp:303
 5:21:58.673   entity: 21365, building: 0
 5:21:58.673   no lifetime: 48
 5:21:58.673   pathgraph's: 503
 5:21:58.676 [CE][Hive] :: Initializing ... 
 5:22:06.415 [CE][InitializeMap] :: initialized: 0
 5:22:06.415 [CE][Hive] :: Initializing spawners ... 
 5:22:27.532 [CE][LootRespawner] (PRIDummy) :: Initially (re)spawned:0, Nominal:24024, Total in Map: 19673 at 0 (sec)
 5:22:27.532   tests:0, repeats:0 fails:0, overtime:0
 5:22:27.588 [CE][DynEvent] :: 45 types
 5:22:27.588 [00] AmbientFox
 5:22:27.588   Primary Spawner: "Ambient", active: yes, repeat: 1
 5:22:27.588 [01] AmbientHare
 5:22:27.588   Primary Spawner: "Ambient", active: yes, repeat: 1
 5:22:27.588 [02] AmbientHen
 5:22:27.588   Primary Spawner: "Ambient", active: yes, repeat: 1
 5:22:27.588 [03] AnimalBear
 5:22:27.588   Primary Spawner: "Animal", active: yes, repeat: 1
 5:22:27.588 [04] AnimalCow
 5:22:27.588   Primary Spawner: "Animal", active: yes, repeat: 1
 5:22:27.588 [05] AnimalDeer
 5:22:27.588   Primary Spawner: "Animal", active: yes, repeat: 1
 5:22:27.588 [06] AnimalGoat
 5:22:27.588   Primary Spawner: "Animal", active: yes, repeat: 1
 5:22:27.588 [07] AnimalPig
 5:22:27.588   Primary Spawner: "Animal", active: yes, repeat: 1
 5:22:27.588 [08] AnimalRoeDeer
 5:22:27.588   Primary Spawner: "Animal", active: yes, repeat: 1
 5:22:27.588 [09] AnimalSheep
 5:22:27.588   Primary Spawner: "Animal", active: yes, repeat: 1
 5:22:27.588 [10] AnimalWildBoar
 5:22:27.588   Primary Spawner: "Animal", active: yes, repeat: 1
 5:22:27.588 [11] AnimalWolf
 5:22:27.588   Primary Spawner: "Animal", active: yes, repeat: 1
 5:22:27.588 [12] InfectedArmy
 5:22:27.588   Primary Spawner: "Infected", active: yes, repeat: 1
 5:22:27.588 [13] InfectedArmyConvoy
 5:22:27.588   Primary Spawner: "Infected", active: yes, repeat: 1
 5:22:27.588 [14] InfectedArmyHard
 5:22:27.588   Primary Spawner: "Infected", active: yes, repeat: 1
 5:22:27.588 [15] InfectedCity
 5:22:27.588   Primary Spawner: "Infected", active: yes, repeat: 1
 5:22:27.588 [16] InfectedFirefighter
 5:22:27.588   Primary Spawner: "Infected", active: yes, repeat: 1
 5:22:27.588 [17] InfectedIndustrial
 5:22:27.588   Primary Spawner: "Infected", active: yes, repeat: 1
 5:22:27.588 [18] InfectedMedic
 5:22:27.588   Primary Spawner: "Infected", active: yes, repeat: 1
 5:22:27.594 [19] InfectedNBC
 5:22:27.594   Primary Spawner: "Infected", active: yes, repeat: 1
 5:22:27.594 [20] InfectedPolice
 5:22:27.594   Primary Spawner: "Infected", active: yes, repeat: 1
 5:22:27.594 [21] InfectedPoliceHard
 5:22:27.594   Primary Spawner: "Infected", active: yes, repeat: 1
 5:22:27.594 [22] InfectedPrisoner
 5:22:27.594   Primary Spawner: "Infected", active: yes, repeat: 1
 5:22:27.594 [23] InfectedReligious
 5:22:27.594   Primary Spawner: "Infected", active: yes, repeat: 1
 5:22:27.594 [24] InfectedSanta
 5:22:27.594   Primary Spawner: "Infected", active: yes, repeat: 1
 5:22:27.594 [25] InfectedSolitude
 5:22:27.594   Primary Spawner: "Infected", active: yes, repeat: 1
 5:22:27.594 [26] InfectedVillage
 5:22:27.594   Primary Spawner: "Infected", active: yes, repeat: 1
 5:22:27.594 [27] ItemPlanks
 5:22:27.594   Primary Spawner: "Item", active: yes, repeat: 1
 5:22:27.594 [28] Loot
 5:22:27.594   Primary Spawner: "Loot", active: yes, repeat: 2
 5:22:27.594 [29] StaticContaminatedArea
 5:22:27.594   Primary Spawner: "Static", active: yes, repeat: 1
 5:22:27.594 [30] StaticHeliCrash
 5:22:27.594   Primary Spawner: "Static", active: yes, repeat: 1
 5:22:27.594   Secondary Spawner: "Infected", active: yes, repeat: 1
 5:22:27.594 [31] StaticMilitaryConvoy
 5:22:27.594   Primary Spawner: "Static", active: yes, repeat: 1
 5:22:27.594   Secondary Spawner: "Infected", active: yes, repeat: 1
 5:22:27.594 [32] StaticPoliceSituation
 5:22:27.594   Primary Spawner: "Static", active: yes, repeat: 1
 5:22:27.594   Secondary Spawner: "Infected", active: yes, repeat: 1
 5:22:27.594 [33] StaticTrain
 5:22:27.594   Primary Spawner: "Static", active: yes, repeat: 1
 5:22:27.594   Secondary Spawner: "Infected", active: yes, repeat: 1
 5:22:27.594 [34] TrajectoryConiferous
 5:22:27.594   Primary Spawner: "Trajectory", active: yes, repeat: 1
 5:22:27.594 [35] TrajectoryDeciduous
 5:22:27.594   Primary Spawner: "Trajectory", active: yes, repeat: 1
 5:22:27.594 [36] TrajectoryHumus
 5:22:27.594   Primary Spawner: "Trajectory", active: yes, repeat: 1
 5:22:27.594 [37] TrajectoryStones
 5:22:27.594   Primary Spawner: "Trajectory", active: yes, repeat: 1
 5:22:27.594 [38] VehicleBoat
 5:22:27.594   Primary Spawner: "Vehicle", active: yes, repeat: 1
 5:22:27.594 [39] VehicleCivilianSedan
 5:22:27.594   Primary Spawner: "Vehicle", active: yes, repeat: 1
 5:22:27.594 [40] VehicleHatchback02
 5:22:27.594   Primary Spawner: "Vehicle", active: yes, repeat: 1
 5:22:27.594 [41] VehicleOffroad02
 5:22:27.594   Primary Spawner: "Vehicle", active: yes, repeat: 1
 5:22:27.594 [42] VehicleOffroadHatchback