=====================================================================
== G:\SteamLibrary\steamapps\common\DayZServer\DayZServer_x64.exe
== G:\SteamLibrary\steamapps\common\DayZServer\DayZServer_x64.exe -config=serverDZ.cfg "-mod=@Early Winter or Late Fall Livonia;@AICFireplaceIndoor;@AimSounds;@AmmoStacks;@Basic Ear Plugs;@Bed-Respawning;@Better Medical Pouch;@BetterSuppressors;@CF;@Building Fortifications;@CarVanillaPlus;@CaseBag;@Code Lock;@Combinable RepairKits;@Coupled Mag Vanilla;@Forward Operator Gear;@InediaInfectedAI;@Inventory Move Sounds;@InventoryInCar;@JunkYardDog;@Loot Barrel Transfer;@MagazineLoading;@metabolism;@MountsSights;@Nomadbackpack;@PvZmoD_Spawn_System;@RaG_BaseItems;@RaG_Immersive_Vehicles;@Saline Bag;@StaminaRevised;@Usefull Vanila Tents;@VPPAdminTools;@Dabs Framework;@DayZ-Dynamic-AI-Addon;@DayZ-Expansion-AI;@DayZ-Expansion-Core;@DayZ-Expansion-Licensed;@DayZ-Expansion-BaseBuilding;" -profiles=profiles "-servermod=@Survivor Missions"
=====================================================================
Exe timestamp: 2025/01/28 02:52:30
Current time:  2025/02/10 05:20:48
Version 1.26.159040
=====================================================================

 5:20:48.655 [Inputs] Loading inputs default "bin/constants.xml"
 5:20:48.792 [Inputs] Loading inputs default "bin/specific.xml"
 5:20:48.793 [Inputs] Loading inputs default "EarPlugs\data\inputs.xml"
 5:20:48.793 [Inputs] Loading inputs default "InventoryMoveSounds/Scripts/Data/Inputs.xml"
 5:20:48.793 [Inputs] Loading inputs default "LIVEN/PvZmoD_Spawn_System/inputs.xml"
 5:20:48.793 [Inputs] Loading inputs default "VPPAdminTools/data/modded_Inputs.xml"
 5:20:48.794 [Inputs] Loading inputs default "FOG_MOD/Scripts/Data/inputs.xml"
 5:20:48.794 [Inputs] Loading inputs default "rag/rag_immersive_vehicles/scripts/4_world/rag_immersive_vehicles/actions/inputs/inputs.xml"
 5:20:48.794 [Inputs] Loading inputs default "DayZExpansion/AI/Scripts/inputs.xml"
 5:20:48.794 [Inputs] Loading inputs default "DayZExpansion/BaseBuilding/Scripts/Data/Inputs.xml"
 5:20:48.794 [Inputs] Loading inputs cfg "profiles\Users\Survivor\Server.core.xml"
 5:20:48.794 !!! [Inputs] Cannot read inputs cfg "profiles\Users\Survivor\Server.core.xml", parser error
 5:20:48.794 [Inputs] Loading inputs cfg "bin/core.xml"
 5:20:48.794 !!! [Inputs] Cannot load input preset "#STR_USER", file does not exist
 5:20:48.796 [Inputs] Exporting inputs cfg "profiles\Users\Survivor\Server.core.xml"
 5:21:02.787 Hostname of server: "Project: Genesis"
 5:21:18.190 [CE][Hive] :: Initializing OFFLINE
 5:21:18.190 [StorageDirs] :: Selected storage directory: G:\SteamLibrary\steamapps\common\DayZServer\mpmissions\dayzOffline.enoch\storage_1\
 5:21:18.190 [CE][Hive] :: Loading core data ... 
 5:21:18.195 [CE][CoreData] :: 8 root classes, 19 defaults, 0 updaters...
 5:21:30.841 [CE] :: WARNING :: Preset map "needle1" is EMPTY.
 5:21:30.844 [CE][TypeSetup] :: 683 classes setuped...
 5:21:32.797 [CE][RegisterBind] :: 0 classes binded...
 5:21:32.797 [CE][RegisterConfig] :: 14342 config classes registered, 0 sub-counters...
 5:21:32.797 [CE][Hive] :: Loading map data ... 
 5:21:32.821 [CE][IgnoreList] "cfgignorelist.xml" :: loaded 17 types
 5:21:32.884 [CE][LoadPrototype] :: loaded 445 prototypes
 5:21:32.884   842 containers, 11094 points
 5:21:32.884   83 dispatches, 324 proxies
 5:21:32.884 !!! [CE][LoadPrototype] 4 groups have no points...
 5:21:32.884 !!! [CE][LoadPrototype] 1 groups have wrong points...
 5:21:32.884 [CE][LoadPrototype] :: last group name: StaticObj_Misc_SupplyBox3_DE...
 5:21:32.898 [CE][LoadPrototype] :: loaded 0 prototypes
 5:21:32.898   50 containers, 276 points
 5:21:32.898   0 dispatches, 0 proxies
 5:21:32.898 [CE][LoadPrototype] :: last group name: PathD_7100...
 5:21:33.780 [CE][LoadMap] "Group" :: loaded 5753 groups, groups failed: 0, largest group range: 26.6
 5:21:33.782 [CE][LoadMap] "Dirt" :: loaded 0 groups, groups failed: 0, largest group range: 26.6
 5:21:33.868 [CE][Links] found 556 total links between groups, of 5753
 5:21:33.868 [CE][LoadClusters] "Cluster" :: Loading files...
 5:21:34.19 [CE][LoadClusters] :: file: "mapgroupcluster.xml", 4 types, 50000 instances
 5:21:34.192 [CE][LoadClusters] :: file: "mapgroupcluster01", 4 types, 50000 instances
 5:21:34.368 [CE][LoadClusters] :: file: "mapgroupcluster02", 4 types, 50000 instances
 5:21:34.543 [CE][LoadClusters] :: file: "mapgroupcluster03", 4 types, 50000 instances
 5:21:34.639 [CE][LoadClusters] :: file: "mapgroupcluster04", 4 types, 25015 instances
 5:21:34.664 [CE][Storage] ver:21 stamp:8989, valid:yes, name:"G:\SteamLibrary\steamapps\common\DayZServer\mpmissions\dayzOffline.enoch\storage_1\data\types.bin"
 5:21:34.674 [CE][Storage] ver:21 stamp:8987, valid:yes, name:"G:\SteamLibrary\steamapps\common\DayZServer\mpmissions\dayzOffline.enoch\storage_1\data\types.001"
 5:21:34.693 [CE][Storage] ver:21 stamp:8988, valid:yes, name:"G:\SteamLibrary\steamapps\common\DayZServer\mpmissions\dayzOffline.enoch\storage_1\data\types.002"
 5:21:34.693 [CE][Storage] Restoring file "G:\SteamLibrary\steamapps\common\DayZServer\mpmissions\dayzOffline.enoch\storage_1\data\types.bin".
 5:21:34.891 !!! [CE][offlineDB] :: No Shutdown message present.
 5:21:34.898 [CE][offlineDB] :: Loaded 45 dynamic events 242 total types.
 5:21:34.943 !!! [CE] :: Unknown usage: 'Historical'.
 5:21:34.943 !!! [CE] :: Unknown usage: 'Historical'.
 5:21:34.943 !!! [CE] :: Unknown usage: 'Historical'.
 5:21:34.943 !!! [CE] :: Unknown usage: 'Historical'.
 5:21:34.943 !!! [CE][offlineDB] :: Type 'ChristmasTree' will be ignored. (Not spawnable. (Scope is not public?))
 5:21:34.943 !!! [CE] :: Unknown usage: 'Historical'.
 5:21:34.944 !!! [CE] :: Unknown usage: 'Historical'.
 5:21:34.944 !!! [CE] :: Unknown usage: 'Historical'.
 5:21:34.944 !!! [CE][offlineDB] :: Type 'Static_FrozenScientist_DE' will be ignored. (Type does not exist. (Typo?))
 5:21:34.944 !!! [CE] :: Unknown usage: 'Historical'.
 5:21:34.960 !!! [CE] :: Unknown usage: 'Tier3'.
 5:21:34.960 !!! [CE] :: Unknown usage: 'Tier3'.
 5:21:34.960 !!! [CE] :: Unknown usage: 'Tier3'.
 5:21:34.960 !!! [CE] :: Unknown usage: 'Tier3'.
 5:21:34.960 !!! [CE] :: Unknown usage: 'Tier3'.
 5:21:34.960 !!! [CE] :: Unknown usage: 'Tier3'.
 5:21:34.960 !!! [CE] :: Unknown usage: 'Tier3'.
 5:21:34.960 !!! [CE] :: Unknown usage: 'Tier3'.
 5:21:34.960 !!! [CE] :: Unknown usage: 'Tier3'.
 5:21:34.960 !!! [CE] :: Unknown usage: 'Tier3'.
 5:21:34.960 !!! [CE] :: Unknown usage: 'Tier3'.
 5:21:34.960 !!! [CE] :: Unknown usage: 'Tier3'.
 5:21:34.960 !!! [CE] :: Unknown usage: 'Tier3'.
 5:21:34.960 !!! [CE] :: Unknown usage: 'Tier3'.
 5:21:34.960 !!! [CE] :: Unknown usage: 'Tier3'.
 5:21:34.960 !!! [CE] :: Unknown usage: 'Tier3'.
 5:21:34.960 !!! [CE] :: Unknown usage: 'Tier3'.
 5:21:34.960 !!! [CE] :: Unknown usage: 'Tier3'.
 5:21:34.960 !!! [CE] :: Unknown usage: 'Tier3'.
 5:21:34.960 !!! [CE] :: Unknown usage: 'Tier3'.
 5:21:34.960 !!! [CE] :: Unknown usage: 'Tier3'.
 5:21:34.960 !!! [CE] :: Unknown usage: 'Tier3'.
 5:21:34.960 !!! [CE] :: Unknown usage: 'Tier3'.
 5:21:34.960 !!! [CE] :: Unknown usage: 'Tier3'.
 5:21:34.960 !!! [CE] :: Unknown usage: 'Tier3'.
 5:21:34.960 !!! [CE] :: Unknown usage: 'Tier3'.
 5:21:34.960 !!! [CE] :: Unknown usage: 'Tier3'.
 5:21:34.960 !!! [CE] :: Unknown usage: 'Tier3'.
 5:21:34.960 !!! [CE] :: Unknown usage: 'Tier3'.
 5:21:34.960 !!! [CE] :: Unknown usage: 'Tier3'.
 5:21:34.960 !!! [CE] :: Unknown usage: 'Tier3'.
 5:21:34.960 !!! [CE] :: Unknown usage: 'Tier3'.
 5:21:34.960 !!! [CE] :: Unknown usage: 'Tier3'.
 5:21:34.960 !!! [CE] :: Unknown usage: 'Tier3'.
 5:21:34.960 !!! [CE] :: Unknown usage: 'Tier3'.
 5:21:34.960 !!! [CE] :: Unknown usage: 'Tier3'.
 5:21:34.960 !!! [CE] :: Unknown usage: 'Tier3'.
 5:21:34.960 !!! [CE] :: Unknown usage: 'Tier3'.
 5:21:34.960 !!! [CE] :: Unknown usage: 'Tier3'.
 5:21:34.960 !!! [CE] :: Unknown usage: 'Tier3'.
 5:21:34.960 !!! [CE] :: Unknown usage: 'Tier3'.
 5:21:34.960 !!! [CE] :: Unknown usage: 'Tier3'.
 5:21:34.960 !!! [CE] :: Unknown usage: 'Tier3'.
 5:21:34.960 !!! [CE] :: Unknown usage: 'Tier3'.
 5:21:34.960 !!! [CE] :: Unknown usage: 'Tier3'.
 5:21:34.960 !!! [CE] :: Unknown usage: 'Tier3'.
 5:21:34.960 !!! [CE] :: Unknown usage: 'Tier3'.
 5:21:34.960 !!! [CE] :: Unknown usage: 'Tier3'.
 5:21:35.28 !!! [CE][offlineDB] :: Type 'rag_baseittems_triple_locker_kit' will be ignored. (Type does not exist. (Typo?))
 5:21:35.28 !!! [CE][offlineDB] :: Type 'rag_baseittems_triple_locker' will be ignored. (Type does not exist. (Typo?))
 5:21:35.28 !!! [CE][offlineDB] :: Type 'rag_baseittems_triple_locker_black_kit' will be ignored. (Type does not exist. (Typo?))
 5:21:35.28 !!! [CE][offlineDB] :: Type 'rag_baseittems_triple_locker_black' will be ignored. (Type does not exist. (Typo?))
 5:21:35.28 !!! [CE][offlineDB] :: Type 'rag_baseittems_triple_locker_green_kit' will be ignored. (Type does not exist. (Typo?))
 5:21:35.28 !!! [CE][offlineDB] :: Type 'rag_baseittems_triple_locker_green' will be ignored. (Type does not exist. (Typo?))
 5:21:35.28 !!! [CE][offlineDB] :: Type 'rag_baseittems_triple_locker_purple_kit' will be ignored. (Type does not exist. (Typo?))
 5:21:35.28 !!! [CE][offlineDB] :: Type 'rag_baseittems_triple_locker_purple' will be ignored. (Type does not exist. (Typo?))
 5:21:35.28 !!! [CE][offlineDB] :: Type 'rag_baseittems_triple_locker_red_kit' will be ignored. (Type does not exist. (Typo?))
 5:21:35.28 !!! [CE][offlineDB] :: Type 'rag_baseittems_triple_locker_red' will be ignored. (Type does not exist. (Typo?))
 5:21:35.28 !!! [CE][offlineDB] :: Type 'rag_baseittems_triple_locker_yellow_kit' will be ignored. (Type does not exist. (Typo?))
 5:21:35.28 !!! [CE][offlineDB] :: Type 'rag_baseittems_triple_locker_yellow' will be ignored. (Type does not exist. (Typo?))
 5:21:35.28 !!! [CE][offlineDB] :: Type 'rag_baseitems_spaycan_paint' will be ignored. (Type does not exist. (Typo?))
 5:21:35.28 !!! [CE][offlineDB] :: Type 'rag_baseitems_spaycan_white' will be ignored. (Type does not exist. (Typo?))
 5:21:35.28 !!! [CE][offlineDB] :: Type 'rag_cabin_kit' will be ignored. (Type does not exist. (Typo?))
 5:21:35.28 !!! [CE][offlineDB] :: Type 'rag_cabin' will be ignored. (Type does not exist. (Typo?))
 5:21:35.28 !!! [CE][offlineDB] :: Type 'rag_cabin_water_pump' will be ignored. (Type does not exist. (Typo?))
 5:21:35.28 !!! [CE][offlineDB] :: Type 'RaG_BB_Admin_Hammer' will be ignored. (Type does not exist. (Typo?))
 5:21:35.28 !!! [CE][offlineDB] :: Type 'RaG_BB_Admin_Hatchet' will be ignored. (Type does not exist. (Typo?))
 5:21:35.28 !!! [CE][offlineDB] :: Type 'RaG_BB_PillarKit' will be ignored. (Type does not exist. (Typo?))
 5:21:35.28 !!! [CE][offlineDB] :: Type 'RaG_BB_Pillar' will be ignored. (Type does not exist. (Typo?))
 5:21:35.28 !!! [CE][offlineDB] :: Type 'RaG_BB_RoofKit' will be ignored. (Type does not exist. (Typo?))
 5:21:35.28 !!! [CE][offlineDB] :: Type 'RaG_BB_Roof' will be ignored. (Type does not exist. (Typo?))
 5:21:35.28 !!! [CE][offlineDB] :: Type 'RaG_BB_FloorKit' will be ignored. (Type does not exist. (Typo?))
 5:21:35.28 !!! [CE][offlineDB] :: Type 'RaG_BB_Floor' will be ignored. (Type does not exist. (Typo?))
 5:21:35.28 !!! [CE][offlineDB] :: Type 'RaG_BB_CeilingKit' will be ignored. (Type does not exist. (Typo?))
 5:21:35.28 !!! [CE][offlineDB] :: Type 'RaG_BB_Ceiling' will be ignored. (Type does not exist. (Typo?))
 5:21:35.29 !!! [CE][offlineDB] :: Type 'RaG_BB_StaircaseKit' will be ignored. (Type does not exist. (Typo?))
 5:21:35.29 !!! [CE][offlineDB] :: Type 'RaG_BB_Staircase' will be ignored. (Type does not exist. (Typo?))
 5:21:35.29 !!! [CE][offlineDB] :: Type 'RaG_BB_Staircase_2Kit' will be ignored. (Type does not exist. (Typo?))
 5:21:35.29 !!! [CE][offlineDB] :: Type 'RaG_BB_Staircase_2' will be ignored. (Type does not exist. (Typo?))
 5:21:35.29 !!! [CE][offlineDB] :: Type 'RaG_BB_StairsKit' will be ignored. (Type does not exist. (Typo?))
 5:21:35.29 !!! [CE][offlineDB] :: Type 'RaG_BB_Stairs' will be ignored. (Type does not exist. (Typo?))
 5:21:35.29 !!! [CE][offlineDB] :: Type 'RaG_BB_WallKit' will be ignored. (Type does not exist. (Typo?))
 5:21:35.29 !!! [CE][offlineDB] :: Type 'RaG_BB_Wall' will be ignored. (Type does not exist. (Typo?))
 5:21:35.29 !!! [CE][offlineDB] :: Type 'RaG_BB_DoorKit' will be ignored. (Type does not exist. (Typo?))
 5:21:35.29 !!! [CE][offlineDB] :: Type 'RaG_BB_Door' will be ignored. (Type does not exist. (Typo?))
 5:21:35.29 !!! [CE][offlineDB] :: Type 'RaG_BB_WindowKit' will be ignored. (Type does not exist. (Typo?))
 5:21:35.29 !!! [CE][offlineDB] :: Type 'RaG_BB_Window' will be ignored. (Type does not exist. (Typo?))
 5:21:35.29 !!! [CE][offlineDB] :: Type 'RaG_BB_Window_SmallKit' will be ignored. (Type does not exist. (Typo?))
 5:21:35.29 !!! [CE][offlineDB] :: Type 'RaG_BB_Window_Small' will be ignored. (Type does not exist. (Typo?))
 5:21:35.29 !!! [CE][offlineDB] :: Type 'RaG_BB_Low_WallKit' will be ignored. (Type does not exist. (Typo?))
 5:21:35.29 !!! [CE][offlineDB] :: Type 'RaG_BB_Low_Wall' will be ignored. (Type does not exist. (Typo?))
 5:21:35.29 !!! [CE][offlineDB] :: Type 'RaG_BB_FoundationKit' will be ignored. (Type does not exist. (Typo?))
 5:21:35.29 !!! [CE][offlineDB] :: Type 'RaG_BB_Foundation' will be ignored. (Type does not exist. (Typo?))
 5:21:35.29 !!! [CE][offlineDB] :: Type 'RaG_BB_GateKit' will be ignored. (Type does not exist. (Typo?))
 5:21:35.29 !!! [CE][offlineDB] :: Type 'RaG_BB_Gate' will be ignored. (Type does not exist. (Typo?))
 5:21:35.29 !!! [CE][offlineDB] :: Type 'RaG_BB_GateLeftKit' will be ignored. (Type does not exist. (Typo?))
 5:21:35.29 !!! [CE][offlineDB] :: Type 'RaG_BB_GateLeft' will be ignored. (Type does not exist. (Typo?))
 5:21:35.29 !!! [CE][offlineDB] :: Type 'RaG_BB_GateRightKit' will be ignored. (Type does not exist. (Typo?))
 5:21:35.29 !!! [CE][offlineDB] :: Type 'RaG_BB_GateRight' will be ignored. (Type does not exist. (Typo?))
 5:21:35.29 !!! [CE][offlineDB] :: Type 'RaG_BB_WoodStorageKit' will be ignored. (Type does not exist. (Typo?))
 5:21:35.29 !!! [CE][offlineDB] :: Type 'RaG_BB_WoodStorage' will be ignored. (Type does not exist. (Typo?))
 5:21:35.29 !!! [CE][offlineDB] :: Type 'RaG_BB_RampKit' will be ignored. (Type does not exist. (Typo?))
 5:21:35.29 !!! [CE][offlineDB] :: Type 'RaG_BB_Ramp' will be ignored. (Type does not exist. (Typo?))
 5:21:35.29 !!! [CE][offlineDB] :: Type 'RaG_BB_StepLadderKit' will be ignored. (Type does not exist. (Typo?))
 5:21:35.29 !!! [CE][offlineDB] :: Type 'RaG_BB_StepLadder' will be ignored. (Type does not exist. (Typo?))
 5:21:35.29 !!! [CE][offlineDB] :: Type 'RaG_BB_Ladder' will be ignored. (Type does not exist. (Typo?))
 5:21:35.29 !!! [CE][offlineDB] :: Type 'RaG_BB_Floor_HatchKit' will be ignored. (Type does not exist. (Typo?))
 5:21:35.29 !!! [CE][offlineDB] :: Type 'RaG_BB_Floor_Hatch' will be ignored. (Type does not exist. (Typo?))
 5:21:35.29 !!! [CE][offlineDB] :: Type 'RaG_BB_Single_DoorKit' will be ignored. (Type does not exist. (Typo?))
 5:21:35.29 !!! [CE][offlineDB] :: Type 'RaG_BB_Single_Door' will be ignored. (Type does not exist. (Typo?))
 5:21:35.245 !!! [CE][DE][SPAWNS] :: [WARNING] :: Skipping entry for non-existing event 'VehicleTransitBus'.
 5:21:35.245 [CE][DE][SPAWNS] :: Total positions: 492
 5:21:35.245 [CE][DE][GROUPS] :: Total eventgroups defined: 61, Eventgroups in use: 61
 5:21:35.253 [CE][Storage] ver:25 stamp:8989, valid:yes, name:"G:\SteamLibrary\steamapps\common\DayZServer\mpmissions\dayzOffline.enoch\storage_1\data\events.bin"
 5:21:35.262 [CE][Storage] ver:25 stamp:8987, valid:yes, name:"G:\SteamLibrary\steamapps\common\DayZServer\mpmissions\dayzOffline.enoch\storage_1\data\events.001"
 5:21:35.273 [CE][Storage] ver:25 stamp:8988, valid:yes, name:"G:\SteamLibrary\steamapps\common\DayZServer\mpmissions\dayzOffline.enoch\storage_1\data\events.002"
 5:21:35.273 [CE][Storage] Restoring file "G:\SteamLibrary\steamapps\common\DayZServer\mpmissions\dayzOffline.enoch\storage_1\data\events.bin".
 5:21:35.273 [CE][DynamicEvent] Load  Events:[45] Primary spawners: 45 Secondary spawners: 4
 5:21:35.287 [CE][Storage] ver:25 stamp:8989, valid:yes, name:"G:\SteamLibrary\steamapps\common\DayZServer\mpmissions\dayzOffline.enoch\storage_1\data\dynamic_000.bin"
 5:21:35.308 [CE][Storage] ver:25 stamp:8987, valid:yes, name:"G:\SteamLibrary\steamapps\common\DayZServer\mpmissions\dayzOffline.enoch\storage_1\data\dynamic_000.001"
 5:21:35.323 [CE][Storage] ver:25 stamp:8988, valid:yes, name:"G:\SteamLibrary\steamapps\common\DayZServer\mpmissions\dayzOffline.enoch\storage_1\data\dynamic_000.002"
 5:21:35.323 [CE][Storage] Restoring file "G:\SteamLibrary\steamapps\common\DayZServer\mpmissions\dayzOffline.enoch\storage_1\data\dynamic_000.bin" 702 items.
 5:21:37.426   702 items loaded. (0 failed)
 5:21:37.438 [CE][Storage] ver:25 stamp:8989, valid:yes, name:"G:\SteamLibrary\steamapps\common\DayZServer\mpmissions\dayzOffline.enoch\storage_1\data\dynamic_001.bin"
 5:21:37.447 [CE][Storage] ver:25 stamp:8987, valid:yes, name:"G:\SteamLibrary\steamapps\common\DayZServer\mpmissions\dayzOffline.enoch\storage_1\data\dynamic_001.001"
 5:21:37.459 [CE][Storage] ver:25 stamp:8988, valid:yes, name:"G:\SteamLibrary\steamapps\common\DayZServer\mpmissions\dayzOffline.enoch\storage_1\data\dynamic_001.002"
 5:21:37.459 [CE][Storage] Restoring file "G:\SteamLibrary\steamapps\common\DayZServer\mpmissions\dayzOffline.enoch\storage_1\data\dynamic_001.bin" 2776 items.
 5:21:40.336   2776 items loaded. (0 failed)
 5:21:40.345 [CE][Storage] ver:25 stamp:8989, valid:yes, name:"G:\SteamLibrary\steamapps\common\DayZServer\mpmissions\dayzOffline.enoch\storage_1\data\dynamic_002.bin"
 5:21:40.359 [CE][Storage] ver:25 stamp:8987, valid:yes, name:"G:\SteamLibrary\steamapps\common\DayZServer\mpmissions\dayzOffline.enoch\storage_1\data\dynamic_002.001"
 5:21:40.375 [CE][Storage] ver:25 stamp:8988, valid:yes, name:"G:\SteamLibrary\steamapps\common\DayZServer\mpmissions\dayzOffline.enoch\storage_1\data\dynamic_002.002"
 5:21:40.375 [CE][Storage] Restoring file "G:\SteamLibrary\steamapps\common\DayZServer\mpmissions\dayzOffline.enoch\storage_1\data\dynamic_002.bin" 790 items.
 5:21:41.89   790 items loaded. (0 failed)
 5:21:41.107 [CE][Storage] ver:25 stamp:8989, valid:yes, name:"G:\SteamLibrary\steamapps\common\DayZServer\mpmissions\dayzOffline.enoch\storage_1\data\dynamic_003.bin"
 5:21:41.122 [CE][Storage] ver:25 stamp:8987, valid:yes, name:"G:\SteamLibrary\steamapps\common\DayZServer\mpmissions\dayzOffline.enoch\storage_1\data\dynamic_003.001"
 5:21:41.125 [CE][Storage] ver:25 stamp:8988, valid:yes, name:"G:\SteamLibrary\steamapps\common\DayZServer\mpmissions\dayzOffline.enoch\storage_1\data\dynamic_003.002"
 5:21:41.125 [CE][Storage] Restoring file "G:\SteamLibrary\steamapps\common\DayZServer\mpmissions\dayzOffline.enoch\storage_1\data\dynamic_003.bin" 1692 items.
 5:21:42.235   1692 items loaded. (0 failed)
 5:21:42.247 [CE][Storage] ver:25 stamp:8989, valid:yes, name:"G:\SteamLibrary\steamapps\common\DayZServer\mpmissions\dayzOffline.enoch\storage_1\data\dynamic_004.bin"
 5:21:42.257 [CE][Storage] ver:25 stamp:8987, valid:yes, name:"G:\SteamLibrary\steamapps\common\DayZServer\mpmissions\dayzOffline.enoch\storage_1\data\dynamic_004.001"
 5:21:42.278 [CE][Storage] ver:25 stamp:8988, valid:yes, name:"G:\SteamLibrary\steamapps\common\DayZServer\mpmissions\dayzOffline.enoch\storage_1\data\dynamic_004.002"
 5:21:42.278 [CE][Storage] Restoring file "G:\SteamLibrary\steamapps\common\DayZServer\mpmissions\dayzOffline.enoch\storage_1\data\dynamic_004.bin" 1586 items.
 5:21:43.41   1586 items loaded. (0 failed)
 5:21:43.56 [CE][Storage] ver:25 stamp:8989, valid:yes, name:"G:\SteamLibrary\steamapps\common\DayZServer\mpmissions\dayzOffline.enoch\storage_1\data\dynamic_005.bin"
 5:21:43.67 [CE][Storage] ver:25 stamp:8987, valid:yes, name:"G:\SteamLibrary\steamapps\common\DayZServer\mpmissions\dayzOffline.enoch\storage_1\data\dynamic_005.001"
 5:21:43.76 [CE][Storage] ver:25 stamp:8988, valid:yes, name:"G:\SteamLibrary\steamapps\common\DayZServer\mpmissions\dayzOffline.enoch\storage_1\data\dynamic_005.002"
 5:21:43.76 [CE][Storage] Restoring file "G:\SteamLibrary\steamapps\common\DayZServer\mpmissions\dayzOffline.enoch\storage_1\data\dynamic_005.bin" 2017 items.
 5:21:44.262   2017 items loaded. (0 failed)
 5:21:44.273 [CE][Storage] ver:25 stamp:8989, valid:yes, name:"G:\SteamLibrary\steamapps\common\DayZServer\mpmissions\dayzOffline.enoch\storage_1\data\dynamic_006.bin"
 5:21:44.292 [CE][Storage] ver:25 stamp:8987, valid:yes, name:"G:\SteamLibrary\steamapps\common\DayZServer\mpmissions\dayzOffline.enoch\storage_1\data\dynamic_006.001"
 5:21:44.307 [CE][Storage] ver:25 stamp:8988, valid:yes, name:"G:\SteamLibrary\steamapps\common\DayZServer\mpmissions\dayzOffline.enoch\storage_1\data\dynamic_006.002"
 5:21:44.307 [CE][Storage] Restoring file "G:\SteamLibrary\steamapps\common\DayZServer\mpmissions\dayzOffline.enoch\storage_1\data\dynamic_006.bin" 1245 items.
 5:21:45.31   1245 items loaded. (0 failed)
 5:21:45.32 [CE][Storage] ver:25 stamp:8989, valid:yes, name:"G:\SteamLibrary\steamapps\common\DayZServer\mpmissions\dayzOffline.enoch\storage_1\data\dynamic_007.bin"
 5:21:45.43 [CE][Storage] ver:25 stamp:8987, valid:yes, name:"G:\SteamLibrary\steamapps\common\DayZServer\mpmissions\dayzOffline.enoch\storage_1\data\dynamic_007.001"
 5:21:45.56 [CE][Storage] ver:25 stamp:8988, valid:yes, name:"G:\SteamLibrary\steamapps\common\DayZServer\mpmissions\dayzOffline.enoch\storage_1\data\dynamic_007.002"
 5:21:45.56 [CE][Storage] Restoring file "G:\SteamLibrary\steamapps\common\DayZServer\mpmissions\dayzOffline.enoch\storage_1\data\dynamic_007.bin" 1331 items.
 5:21:45.826   1331 items loaded. (0 failed)
 5:21:45.826 [CE][Storage] ver:25 stamp:8989, valid:yes, name:"G:\SteamLibrary\steamapps\common\DayZServer\mpmissions\dayzOffline.enoch\storage_1\data\dynamic_008.bin"
 5:21:45.838 [CE][Storage] ver:25 stamp:8987, valid:yes, name:"G:\SteamLibrary\steamapps\common\DayZServer\mpmissions\dayzOffline.enoch\storage_1\data\dynamic_008.001"
 5:21:45.845 [CE][Storage] ver:25 stamp:8988, valid:yes, name:"G:\SteamLibrary\steamapps\common\DayZServer\mpmissions\dayzOffline.enoch\storage_1\data\dynamic_008.002"
 5:21:45.845 [CE][Storage] Restoring file "G:\SteamLibrary\steamapps\common\DayZServer\mpmissions\dayzOffline.enoch\storage_1\data\dynamic_008.bin" 1230 items.
 5:21:46.559   1230 items loaded. (0 failed)
 5:21:46.559 [CE][Storage] ver:25 stamp:8989, valid:yes, name:"G:\SteamLibrary\steamapps\common\DayZServer\mpmissions\dayzOffline.enoch\storage_1\data\dynamic_009.bin"
 5:21:46.581 [CE][Storage] ver:25 stamp:8987, valid:yes, name:"G:\SteamLibrary\steamapps\common\DayZServer\mpmissions\dayzOffline.enoch\storage_1\data\dynamic_009.001"
 5:21:46.599 [CE][Storage] ver:25 stamp:8988, valid:yes, name:"G:\SteamLibrary\steamapps\common\DayZServer\mpmissions\dayzOffline.enoch\storage_1\data\dynamic_009.002"
 5:21:46.599 [CE][Storage] Restoring file "G:\SteamLibrary\steamapps\common\DayZServer\mpmissions\dayzOffline.enoch\storage_1\data\dynamic_009.bin" 1163 items.
 5:21:47.273   1163 items loaded. (0 failed)
 5:21:47.274 [CE][Storage] ver:25 stamp:8989, valid:yes, name:"G:\SteamLibrary\steamapps\common\DayZServer\mpmissions\dayzOffline.enoch\storage_1\data\dynamic_010.bin"
 5:21:47.294 [CE][Storage] ver:25 stamp:8987, valid:yes, name:"G:\SteamLibrary\steamapps\common\DayZServer\mpmissions\dayzOffline.enoch\storage_1\data\dynamic_010.001"
 5:21:47.309 [CE][Storage] ver:25 stamp:8988, valid:yes, name:"G:\SteamLibrary\steamapps\common\DayZServer\mpmissions\dayzOffline.enoch\storage_1\data\dynamic_010.002"
 5:21:47.309 [CE][Storage] Restoring file "G:\SteamLibrary\steamapps\common\DayZServer\mpmissions\dayzOffline.enoch\storage_1\data\dynamic_010.bin" 3180 items.
 5:21:48.974   3180 items loaded. (0 failed)
 5:21:48.991 [CE][Storage] ver:25 stamp:8989, valid:yes, name:"G:\SteamLibrary\steamapps\common\DayZServer\mpmissions\dayzOffline.enoch\storage_1\data\dynamic_011.bin"
 5:21:49.07 [CE][Storage] ver:25 stamp:8987, valid:yes, name:"G:\SteamLibrary\steamapps\common\DayZServer\mpmissions\dayzOffline.enoch\storage_1\data\dynamic_011.001"
 5:21:49.19 [CE][Storage] ver:25 stamp:8988, valid:yes, name:"G:\SteamLibrary\steamapps\common\DayZServer\mpmissions\dayzOffline.enoch\storage_1\data\dynamic_011.002"
 5:21:49.19 [CE][Storage] Restoring file "G:\SteamLibrary\steamapps\common\DayZServer\mpmissions\dayzOffline.enoch\storage_1\data\dynamic_011.bin" 526 items.
 5:21:49.242   526 items loaded. (0 failed)
 5:21:49.243 [CE][Storage] ver:26 stamp:8989, valid:yes, name:"G:\SteamLibrary\steamapps\common\DayZServer\mpmissions\dayzOffline.enoch\storage_1\data\building.bin"
 5:21:49.243 [CE][Storage] ver:26 stamp:8987, valid:yes, name:"G:\SteamLibrary\steamapps\common\DayZServer\mpmissions\dayzOffline.enoch\storage_1\data\building.001"
 5:21:49.243 [CE][Storage] ver:26 stamp:8988, valid:yes, name:"G:\SteamLibrary\steamapps\common\DayZServer\mpmissions\dayzOffline.enoch\storage_1\data\building.002"
 5:21:49.243 [CE][Storage] Restoring file "G:\SteamLibrary\steamapps\common\DayZServer\mpmissions\dayzOffline.enoch\storage_1\data\building.bin" 3 items.
 5:21:49.243   3 items loaded. (0 failed)
 5:21:49.256 [CE][Storage] ver:25 stamp:8989, valid:yes, name:"G:\SteamLibrary\steamapps\common\DayZServer\mpmissions\dayzOffline.enoch\storage_1\data\vehicles.bin"
 5:21:49.274 [CE][Storage] ver:25 stamp:8987, valid:yes, name:"G:\SteamLibrary\steamapps\common\DayZServer\mpmissions\dayzOffline.enoch\storage_1\data\vehicles.001"
 5:21:49.288 [CE][Storage] ver:25 stamp:8988, valid:yes, name:"G:\SteamLibrary\steamapps\common\DayZServer\mpmissions\dayzOffline.enoch\storage_1\data\vehicles.002"
 5:21:49.288 [CE][Storage] Restoring file "G:\SteamLibrary\steamapps\common\DayZServer\mpmissions\dayzOffline.enoch\storage_1\data\vehicles.bin" 213 items.
 5:21:50.108   213 items loaded. (0 failed)
 5:21:50.130 [CE][Hive] :: Storage load took:14.84 seconds, recovery stamp:8989
 5:21:50.130   entity: 21663, building: 3
 5:21:50.130   no lifetime: 48
 5:21:50.130   pathgraph's: 566
 5:21:50.130 [CE][Hive] :: Initializing ... 
 5:21:50.178 [CE][InitializeMap] :: initialized: 2
 5:21:50.178 [CE][Hive] :: Initializing spawners ... 
 5:21:52.201 [CE][LootRespawner] (PRIDummy) :: Initially (re)spawned:0, Nominal:23995, Total in Map: 18383 at 0 (sec)
 5:21:52.201   tests:0, repeats:0 fails:0, overtime:0
 5:21:52.201 [CE][DynEvent] :: 45 types
 5:21:52.201 [00] AmbientFox
 5:21:52.201   Primary Spawner: "Ambient", active: yes, repeat: 1
 5:21:52.201 [01] AmbientHare
 5:21:52.201   Primary Spawner: "Ambient", active: yes, repeat: 1
 5:21:52.201 [02] AmbientHen
 5:21:52.201   Primary Spawner: "Ambient", active: yes, repeat: 1
 5:21:52.201 [03] AnimalBear
 5:21:52.201   Primary Spawner: "Animal", active: yes, repeat: 1
 5:21:52.201 [04] AnimalCow
 5:21:52.201   Primary Spawner: "Animal", active: yes, repeat: 1
 5:21:52.201 [05] AnimalDeer
 5:21:52.201   Primary Spawner: "Animal", active: yes, repeat: 1
 5:21:52.201 [06] AnimalGoat
 5:21:52.201   Primary Spawner: "Animal", active: yes, repeat: 1
 5:21:52.201 [07] AnimalPig
 5:21:52.201   Primary Spawner: "Animal", active: yes, repeat: 1
 5:21:52.201 [08] AnimalRoeDeer
 5:21:52.201   Primary Spawner: "Animal", active: yes, repeat: 1
 5:21:52.201 [09] AnimalSheep
 5:21:52.202   Primary Spawner: "Animal", active: yes, repeat: 1
 5:21:52.202 [10] AnimalWildBoar
 5:21:52.202   Primary Spawner: "Animal", active: yes, repeat: 1
 5:21:52.202 [11] AnimalWolf
 5:21:52.202   Primary Spawner: "Animal", active: yes, repeat: 1
 5:21:52.202 [12] InfectedArmy
 5:21:52.202   Primary Spawner: "Infected", active: yes, repeat: 1
 5:21:52.202 [13] InfectedArmyConvoy
 5:21:52.202   Primary Spawner: "Infected", active: yes, repeat: 1
 5:21:52.202 [14] InfectedArmyHard
 5:21:52.202   Primary Spawner: "Infected", active: yes, repeat: 1
 5:21:52.202 [15] InfectedCity
 5:21:52.202   Primary Spawner: "Infected", active: yes, repeat: 1
 5:21:52.202 [16] InfectedFirefighter
 5:21:52.202   Primary Spawner: "Infected", active: yes, repeat: 1
 5:21:52.202 [17] InfectedIndustrial
 5:21:52.202   Primary Spawner: "Infected", active: yes, repeat: 1
 5:21:52.202 [18] InfectedMedic
 5:21:52.202   Primary Spawner: "Infected", active: yes, repeat: 1
 5:21:52.202 [19] InfectedNBC
 5:21:52.202   Primary Spawner: "Infected", active: yes, repeat: 1
 5:21:52.202 [20] InfectedPolice
 5:21:52.202   Primary Spawner: "Infected", active: yes, repeat: 1
 5:21:52.202 [21] InfectedPoliceHard
 5:21:52.202   Primary Spawner: "Infected", active: yes, repeat: 1
 5:21:52.202 [22] InfectedPrisoner
 5:21:52.202   Primary Spawner: "Infected", active: yes, repeat: 1
 5:21:52.202 [23] InfectedReligious
 5:21:52.202   Primary Spawner: "Infected", active: yes, repeat: 1
 5:21:52.202 [24] InfectedSanta
 5:21:52.202   Primary Spawner: "Infected", active: yes, repeat: 1
 5:21:52.202 [25] InfectedSolitude
 5:21:52.202   Primary Spawner: "Infected", active: yes, repeat: 1
 5:21:52.202 [26] InfectedVillage
 5:21:52.202   Primary Spawner: "Infected", active: yes, repeat: 1
 5:21:52.202 [27] ItemPlanks
 5:21:52.202   Primary Spawner: "Item", active: yes, repeat: 1
 5:21:52.202 [28] Loot
 5:21:52.202   Primary Spawner: "Loot", active: yes, repeat: 2
 5:21:52.202 [29] StaticContaminatedArea
 5:21:52.202   Primary Spawner: "Static", active: yes, repeat: 1
 5:21:52.202 [30] StaticHeliCrash
 5:21:52.202   Primary Spawner: "Static", active: yes, repeat: 1
 5:21:52.202   Secondary Spawner: "Infected", active: yes, repeat: 1
 5:21:52.202 [31] StaticMilitaryConvoy
 5:21:52.202   Primary Spawner: "Static", active: yes, repeat: 1
 5:21:52.202   Secondary Spawner: "Infected", active: yes, repeat: 1
 5:21:52.202 [32] StaticPoliceSituation
 5:21:52.202   Primary Spawner: "Static", active: yes, repeat: 1
 5:21:52.202   Secondary Spawner: "Infected", active: yes, repeat: 1
 5:21:52.202 [33] StaticTrain
 5:21:52.202   Primary Spawner: "Static", active: yes, repeat: 1
 5:21:52.202   Secondary Spawner: "Infected", active: yes, repeat: 1
 5:21:52.202 [34] TrajectoryConiferous
 5:21:52.202   Primary Spawner: "Trajectory", active: yes, repeat: 1
 5:21:52.202 [35] TrajectoryDeciduous
 5:21:52.202   Primary Spawner: "Trajectory", active: yes, repeat: 1
 5:21:52.202 [36] TrajectoryHumus
 5:21:52.202   Primary Spawner: "Trajectory", active: yes, repeat: 1
 5:21:52.202 [37] TrajectoryStones
 5:21:52.202   Primary Spawner: "Trajectory", active: yes, repeat: 1
 5:21:52.202 [38] VehicleBoat
 5:21:52.202   Primary Spawner: "Vehicle", active: yes, repeat: 1
 5:21:52.202 [39] VehicleCivilianSedan
 5:21:52.202   Primary Spawner: "Vehicle", active: yes, repeat: 1
 5:21:52.202 [40] VehicleHatchback02
 5:21:52.202   Primary Spawner: "Vehicle", active: yes, repeat: 1
 5:21:52.202 [41] VehicleOffroad02
 5:21:52.202   Primary Spawner: "Vehicle", active: yes, repeat: 1
 5:21:52.202 [42] VehicleOffroadHatchback
 5:21:52.202   Primary Spawner: "Vehicle", active: yes, repeat: 1
 5:21:52.202 [43] VehicleSedan02
 5:21:52.202   Primary Spawner: "Vehicle", active: yes, repeat: 1
 5:21:52.202 [44] VehicleTruck01
 5:21:52.202   Primary Spawner: "Vehicle", active: yes, repeat: 1
 5:21:52.202 [CE][Hive] :: Initializing of spawners done.
 5:21:52.208 [CE][Hive] :: Init sequence finished.
 5:21:52.208 Player connect enabled
 5:22:12.240 [CE][LootRespawner] (PRIDummy) :: Item [0] causing search overtime: "KitchenKnife"
 5:22:12.341 [CE][LootRespawner] (PRIDummy) :: Item [1] causing search overtime: "PetrolLighter"
 5:22:12.440 [CE][LootRespawner] (PRIDummy) :: Item [2] causing search overtime: "Jeans_Grey"
 5:22:12.540 [CE][LootRespawner] (PRIDummy) :: Item [3] causing search overtime: "Jeans_Blue"
 5:22:12.641 [CE][LootRespawner] (PRIDummy) :: Item [4] causing search overtime: "Jeans_Black"
 5:22:12.740 [CE][LootRespawner] (PRIDummy) :: Item [5] causing search overtime: "Jeans_Green"
 5:22:12.840 [CE][LootRespawner] (PRIDummy) :: Item [6] causing search overtime: "Jeans_BlueDark"
 5:22:12.941 [CE][LootRespawner] (PRIDummy) :: Item [7] causing search overtime: "Jeans_Brown"
 5:22:13.40 [CE][LootRespawner] (PRIDummy) :: Item [8] causing search overtime: "BaseballCap_CMMG_Pink"
 5:22:13.148 [CE][LootRespawner] (PRIDummy) :: Item [9] causing search overtime: "BaseballCap_Black"
 5:22:13.246 [CE][LootRespawner] (PRIDummy) :: Item [10] causing search overtime: "BaseballCap_Beige"
 5:22:13.347 [CE][LootRespawner] (PRIDummy) :: Item [11] causing search overtime: "BaseballCap_Olive"
 5:22:13.446 [CE][LootRespawner] (PRIDummy) :: Item [12] causing search overtime: "BaseballCap_Blue"
 5:22:13.546 [CE][LootRespawner] (PRIDummy) :: Item [13] causing search overtime: "BaseballCap_Pink"
 5:22:13.646 [CE][LootRespawner] (PRIDummy) :: Item [14] causing search overtime: "BaseballCap_Red"
 5:22:13.746 [CE][LootRespawner] (PRIDummy) :: Item [15] causing search overtime: "BaseballCap_CMMG_Black"
 5:22:13.846 [CE][LootRespawner] (PRIDummy) :: Item [16] causing search overtime: "FlatCap_Grey"
 5:22:13.946 [CE][LootRespawner] (PRIDummy) :: Item [17] causing search overtime: "FlatCap_Blue"
 5:22:14.46 [CE][LootRespawner] (PRIDummy) :: Item [18] causing search overtime: "FlatCap_GreyCheck"
 5:22:14.147 [CE][LootRespawner] (PRIDummy) :: Item [19] causing search overtime: "FlatCap_BlackCheck"
 5:22:39.293 [CE][LootRespawner] (PRIDummy) :: Item [20] causing search overtime: "FlatCap_Black"
 5:22:39.393 [CE][LootRespawner] (PRIDummy) :: Item [21] causing search overtime: "FlatCap_BrownCheck"
 5:22:39.493 [CE][LootRespawner] (PRIDummy) :: Item [22] causing search overtime: "FlatCap_BlackCheck"
 5:22:39.592 [CE][LootRespawner] (PRIDummy) :: Item [23] causing search overtime: "FlatCap_Brown"
 5:22:39.692 [CE][LootRespawner] (PRIDummy) :: Item [24] causing search overtime: "FlatCap_Red"
 5:22:39.792 [CE][LootRespawner] (PRIDummy) :: Item [25] causing search overtime: "DressShoes_White"
 5:22:39.908 [CE][LootRespawner] (PRIDummy) :: Item [26] causing search overtime: "BoonieHat_Olive"
 5:22:40.06 [CE][LootRespawner] (PRIDummy) :: Item [27] causing search overtime: "KukriKnife"
 5:22:40.106 [CE][LootRespawner] (PRIDummy) :: Item [28] causing search overtime: "DressShoes_Brown"
 5:22:40.206 [CE][LootRespawner] (PRIDummy) :: Item [29] causing search overtime: "DressShoes_Sunburst"
 5:22:40.307 [CE][LootRespawner] (PRIDummy) :: Item [30] causing search overtime: "SlacksPants_DarkGrey"
 5:22:40.406 [CE][LootRespawner] (PRIDummy) :: Item [31] causing search overtime: "BoonieHat_Blue"
 5:22:40.506 [CE][LootRespawner] (PRIDummy) :: Item [32] causing search overtime: "DesignerGlasses"
 5:22:40.606 [CE][LootRespawner] (PRIDummy) :: Item [33] causing search overtime: "SlacksPants_Blue"
 5:22:40.707 [CE][LootRespawner] (PRIDummy) :: Item [34] causing search overtime: "WoolGloves_White"
 5:22:40.806 [CE][LootRespawner] (PRIDummy) :: Item [35] causing search overtime: "BoonieHat_Orange"
 5:22:40.906 [CE][LootRespawner] (PRIDummy) :: Item [36] causing search overtime: "SlacksPants_Black"
 5:22:41.06 [CE][LootRespawner] (PRIDummy) :: Item [37] causing search overtime: "SlacksPants_White"
 5:22:41.106 [CE][LootRespawner] (PRIDummy) :: Item [38] causing search overtime: "SlacksPants_LightGrey"
 5:22:41.206 [CE][LootRespawner] (PRIDummy) :: Item [39] causing search overtime: "BoonieHat_Tan"
 5:22:42.306 [CE][VehicleRespawner] (PRIContaminatedArea) :: Initial random enabled for "StaticContaminatedArea" - Chosen nominal: 1
 5:23:06.283 [CE][LootRespawner] (PRIDummy) :: Item [40] causing search overtime: "BoonieHat_Tan"
 5:23:06.382 [CE][LootRespawner] (PRIDummy) :: Item [41] causing search overtime: "DressShoes_Beige"
 5:23:06.482 [CE][LootRespawner] (PRIDummy) :: Item [42] causing search overtime: "ZmijovkaCap_Blue"
 5:23:06.582 [CE][LootRespawner] (PRIDummy) :: Item [43] causing search overtime: "WomanSuit_Khaki"
 5:23:06.683 [CE][LootRespawner] (PRIDummy) :: Item [44] causing search overtime: "WomanSuit_Brown"
 5:23:06.849 [CE][LootRespawner] (PRIDummy) :: Item [45] causing search overtime: "ManSuit_LightGrey"
 5:23:06.946 [CE][LootRespawner] (PRIDummy) :: Item [46] causing search overtime: "ManSuit_Blue"
