=====================================================================
== G:\SteamLibrary\steamapps\common\DayZServer\DayZServer_x64.exe
== G:\SteamLibrary\steamapps\common\DayZServer\DayZServer_x64.exe -config=serverDZ.cfg "-mod=@Dabs Framework;@DayZ-Expansion-AI;@DayZ-Expansion-Core;@DayZ-Expansion-Licensed;@DayZ-Expansion-BaseBuilding;@Early Winter or Late Fall Livonia;@AICFireplaceIndoor;@AimSounds;@AmmoStacks;@Basic Ear Plugs;@Bed-Respawning;@Better Medical Pouch;@BetterSuppressors;@CF;@Building Fortifications;@CarVanillaPlus;@CaseBag;@Code Lock;@Combinable RepairKits;@Coupled Mag Vanilla;@Forward Operator Gear;@InediaInfectedAI;@Inventory Move Sounds;@InventoryInCar;@JunkYardDog;@Loot Barrel Transfer;@MagazineLoading;@metabolism;@MountsSights;@Nomadbackpack;@PvZmoD_Spawn_System;@RaG_BaseItems;@RaG_Immersive_Vehicles;@Saline Bag;@StaminaRevised;@Usefull Vanila Tents;@VPPAdminTools;@SearchInventory;@PVEZ Reloaded;" -profiles=profiles "-servermod=@DayZ-Dynamic-AI-Addon;@Survivor Missions"
=====================================================================
Exe timestamp: 2025/01/28 02:52:30
Current time:  2025/02/11 06:04:08
Version 1.26.159040
=====================================================================

 6:04:08.160 [Inputs] Loading inputs default "bin/constants.xml"
 6:04:08.171 [Inputs] Loading inputs default "bin/specific.xml"
 6:04:08.172 [Inputs] Loading inputs default "EarPlugs\data\inputs.xml"
 6:04:08.172 [Inputs] Loading inputs default "InventoryMoveSounds/Scripts/Data/Inputs.xml"
 6:04:08.172 [Inputs] Loading inputs default "LIVEN/PvZmoD_Spawn_System/inputs.xml"
 6:04:08.172 [Inputs] Loading inputs default "PVEZ/data/inputs.xml"
 6:04:08.172 [Inputs] Loading inputs default "SearchInventory/Scripts/Data/inputs.xml"
 6:04:08.172 [Inputs] Loading inputs default "VPPAdminTools/data/modded_Inputs.xml"
 6:04:08.173 [Inputs] Loading inputs default "FOG_MOD/Scripts/Data/inputs.xml"
 6:04:08.173 [Inputs] Loading inputs default "rag/rag_immersive_vehicles/scripts/4_world/rag_immersive_vehicles/actions/inputs/inputs.xml"
 6:04:08.173 [Inputs] Loading inputs default "DayZExpansion/AI/Scripts/inputs.xml"
 6:04:08.173 [Inputs] Loading inputs default "DayZExpansion/BaseBuilding/Scripts/Data/Inputs.xml"
 6:04:08.173 [Inputs] Loading inputs cfg "profiles\Users\Survivor\Server.core.xml"
 6:04:08.173 !!! [Inputs] Cannot read inputs cfg "profiles\Users\Survivor\Server.core.xml", parser error
 6:04:08.173 [Inputs] Loading inputs cfg "bin/core.xml"
 6:04:08.173 !!! [Inputs] Cannot load input preset "#STR_USER", file does not exist
 6:04:08.174 [Inputs] Exporting inputs cfg "profiles\Users\Survivor\Server.core.xml"
 6:04:25.498 Hostname of server: "Project: Genesis"
 6:04:41.350 [CE][Hive] :: Initializing OFFLINE
 6:04:41.350 [StorageDirs] :: Selected storage directory: G:\SteamLibrary\steamapps\common\DayZServer\mpmissions\dayzOffline.enoch\storage_2\
 6:04:41.351 [CE][Hive] :: Loading core data ... 
 6:04:41.355 [CE][CoreData] :: 8 root classes, 19 defaults, 0 updaters...
 6:04:53.952 [CE] :: WARNING :: Preset map "needle1" is EMPTY.
 6:04:53.954 [CE][TypeSetup] :: 683 classes setuped...
 6:04:55.684 [CE][RegisterBind] :: 0 classes binded...
 6:04:55.684 [CE][RegisterConfig] :: 14342 config classes registered, 0 sub-counters...
 6:04:55.684 [CE][Hive] :: Loading map data ... 
 6:04:55.697 [CE][IgnoreList] "cfgignorelist.xml" :: loaded 17 types
 6:04:55.766 [CE][LoadPrototype] :: loaded 445 prototypes
 6:04:55.766   842 containers, 11094 points
 6:04:55.766   83 dispatches, 324 proxies
 6:04:55.766 !!! [CE][LoadPrototype] 4 groups have no points...
 6:04:55.766 !!! [CE][LoadPrototype] 1 groups have wrong points...
 6:04:55.766 [CE][LoadPrototype] :: last group name: StaticObj_Misc_SupplyBox3_DE...
 6:04:55.785 [CE][LoadPrototype] :: loaded 0 prototypes
 6:04:55.785   50 containers, 276 points
 6:04:55.785   0 dispatches, 0 proxies
 6:04:55.785 [CE][LoadPrototype] :: last group name: PathD_7100...
 6:04:56.524 [CE][LoadMap] "Group" :: loaded 5753 groups, groups failed: 0, largest group range: 26.6
 6:04:56.525 [CE][LoadMap] "Dirt" :: loaded 0 groups, groups failed: 0, largest group range: 26.6
 6:04:56.603 [CE][Links] found 556 total links between groups, of 5753
 6:04:56.603 [CE][LoadClusters] "Cluster" :: Loading files...
 6:04:56.760 [CE][LoadClusters] :: file: "mapgroupcluster.xml", 4 types, 50000 instances
 6:04:56.929 [CE][LoadClusters] :: file: "mapgroupcluster01", 4 types, 50000 instances
 6:04:57.118 [CE][LoadClusters] :: file: "mapgroupcluster02", 4 types, 50000 instances
 6:04:57.292 [CE][LoadClusters] :: file: "mapgroupcluster03", 4 types, 50000 instances
 6:04:57.380 [CE][LoadClusters] :: file: "mapgroupcluster04", 4 types, 25015 instances
 6:04:57.398 [CE][Storage] ver:21 stamp:321, valid:yes, name:"G:\SteamLibrary\steamapps\common\DayZServer\mpmissions\dayzOffline.enoch\storage_2\data\types.bin"
 6:04:57.406 [CE][Storage] ver:21 stamp:318, valid:yes, name:"G:\SteamLibrary\steamapps\common\DayZServer\mpmissions\dayzOffline.enoch\storage_2\data\types.001"
 6:04:57.416 [CE][Storage] ver:21 stamp:319, valid:yes, name:"G:\SteamLibrary\steamapps\common\DayZServer\mpmissions\dayzOffline.enoch\storage_2\data\types.002"
 6:04:57.416 [CE][Storage] Restoring file "G:\SteamLibrary\steamapps\common\DayZServer\mpmissions\dayzOffline.enoch\storage_2\data\types.bin".
 6:04:57.601 !!! [CE][offlineDB] :: No Shutdown message present.
 6:04:57.608 [CE][offlineDB] :: Loaded 45 dynamic events 242 total types.
 6:04:57.654 !!! [CE] :: Unknown usage: 'Historical'.
 6:04:57.654 !!! [CE] :: Unknown usage: 'Historical'.
 6:04:57.654 !!! [CE] :: Unknown usage: 'Historical'.
 6:04:57.654 !!! [CE] :: Unknown usage: 'Historical'.
 6:04:57.654 !!! [CE][offlineDB] :: Type 'ChristmasTree' will be ignored. (Not spawnable. (Scope is not public?))
 6:04:57.655 !!! [CE] :: Unknown usage: 'Historical'.
 6:04:57.655 !!! [CE] :: Unknown usage: 'Historical'.
 6:04:57.655 !!! [CE] :: Unknown usage: 'Historical'.
 6:04:57.655 !!! [CE][offlineDB] :: Type 'Static_FrozenScientist_DE' will be ignored. (Type does not exist. (Typo?))
 6:04:57.655 !!! [CE] :: Unknown usage: 'Historical'.
 6:04:57.679 !!! [CE] :: Unknown usage: 'Tier3'.
 6:04:57.679 !!! [CE] :: Unknown usage: 'Tier3'.
 6:04:57.679 !!! [CE] :: Unknown usage: 'Tier3'.
 6:04:57.679 !!! [CE] :: Unknown usage: 'Tier3'.
 6:04:57.679 !!! [CE] :: Unknown usage: 'Tier3'.
 6:04:57.679 !!! [CE] :: Unknown usage: 'Tier3'.
 6:04:57.679 !!! [CE] :: Unknown usage: 'Tier3'.
 6:04:57.679 !!! [CE] :: Unknown usage: 'Tier3'.
 6:04:57.679 !!! [CE] :: Unknown usage: 'Tier3'.
 6:04:57.679 !!! [CE] :: Unknown usage: 'Tier3'.
 6:04:57.679 !!! [CE] :: Unknown usage: 'Tier3'.
 6:04:57.679 !!! [CE] :: Unknown usage: 'Tier3'.
 6:04:57.679 !!! [CE] :: Unknown usage: 'Tier3'.
 6:04:57.679 !!! [CE] :: Unknown usage: 'Tier3'.
 6:04:57.679 !!! [CE] :: Unknown usage: 'Tier3'.
 6:04:57.679 !!! [CE] :: Unknown usage: 'Tier3'.
 6:04:57.679 !!! [CE] :: Unknown usage: 'Tier3'.
 6:04:57.679 !!! [CE] :: Unknown usage: 'Tier3'.
 6:04:57.679 !!! [CE] :: Unknown usage: 'Tier3'.
 6:04:57.679 !!! [CE] :: Unknown usage: 'Tier3'.
 6:04:57.679 !!! [CE] :: Unknown usage: 'Tier3'.
 6:04:57.679 !!! [CE] :: Unknown usage: 'Tier3'.
 6:04:57.679 !!! [CE] :: Unknown usage: 'Tier3'.
 6:04:57.679 !!! [CE] :: Unknown usage: 'Tier3'.
 6:04:57.679 !!! [CE] :: Unknown usage: 'Tier3'.
 6:04:57.679 !!! [CE] :: Unknown usage: 'Tier3'.
 6:04:57.679 !!! [CE] :: Unknown usage: 'Tier3'.
 6:04:57.679 !!! [CE] :: Unknown usage: 'Tier3'.
 6:04:57.679 !!! [CE] :: Unknown usage: 'Tier3'.
 6:04:57.679 !!! [CE] :: Unknown usage: 'Tier3'.
 6:04:57.679 !!! [CE] :: Unknown usage: 'Tier3'.
 6:04:57.679 !!! [CE] :: Unknown usage: 'Tier3'.
 6:04:57.680 !!! [CE] :: Unknown usage: 'Tier3'.
 6:04:57.680 !!! [CE] :: Unknown usage: 'Tier3'.
 6:04:57.680 !!! [CE] :: Unknown usage: 'Tier3'.
 6:04:57.680 !!! [CE] :: Unknown usage: 'Tier3'.
 6:04:57.680 !!! [CE] :: Unknown usage: 'Tier3'.
 6:04:57.680 !!! [CE] :: Unknown usage: 'Tier3'.
 6:04:57.680 !!! [CE] :: Unknown usage: 'Tier3'.
 6:04:57.680 !!! [CE] :: Unknown usage: 'Tier3'.
 6:04:57.680 !!! [CE] :: Unknown usage: 'Tier3'.
 6:04:57.680 !!! [CE] :: Unknown usage: 'Tier3'.
 6:04:57.680 !!! [CE] :: Unknown usage: 'Tier3'.
 6:04:57.680 !!! [CE] :: Unknown usage: 'Tier3'.
 6:04:57.680 !!! [CE] :: Unknown usage: 'Tier3'.
 6:04:57.680 !!! [CE] :: Unknown usage: 'Tier3'.
 6:04:57.680 !!! [CE] :: Unknown usage: 'Tier3'.
 6:04:57.680 !!! [CE] :: Unknown usage: 'Tier3'.
 6:04:57.747 !!! [CE][offlineDB] :: Type 'rag_baseittems_triple_locker_kit' will be ignored. (Type does not exist. (Typo?))
 6:04:57.747 !!! [CE][offlineDB] :: Type 'rag_baseittems_triple_locker' will be ignored. (Type does not exist. (Typo?))
 6:04:57.747 !!! [CE][offlineDB] :: Type 'rag_baseittems_triple_locker_black_kit' will be ignored. (Type does not exist. (Typo?))
 6:04:57.747 !!! [CE][offlineDB] :: Type 'rag_baseittems_triple_locker_black' will be ignored. (Type does not exist. (Typo?))
 6:04:57.747 !!! [CE][offlineDB] :: Type 'rag_baseittems_triple_locker_green_kit' will be ignored. (Type does not exist. (Typo?))
 6:04:57.747 !!! [CE][offlineDB] :: Type 'rag_baseittems_triple_locker_green' will be ignored. (Type does not exist. (Typo?))
 6:04:57.747 !!! [CE][offlineDB] :: Type 'rag_baseittems_triple_locker_purple_kit' will be ignored. (Type does not exist. (Typo?))
 6:04:57.747 !!! [CE][offlineDB] :: Type 'rag_baseittems_triple_locker_purple' will be ignored. (Type does not exist. (Typo?))
 6:04:57.747 !!! [CE][offlineDB] :: Type 'rag_baseittems_triple_locker_red_kit' will be ignored. (Type does not exist. (Typo?))
 6:04:57.747 !!! [CE][offlineDB] :: Type 'rag_baseittems_triple_locker_red' will be ignored. (Type does not exist. (Typo?))
 6:04:57.747 !!! [CE][offlineDB] :: Type 'rag_baseittems_triple_locker_yellow_kit' will be ignored. (Type does not exist. (Typo?))
 6:04:57.747 !!! [CE][offlineDB] :: Type 'rag_baseittems_triple_locker_yellow' will be ignored. (Type does not exist. (Typo?))
 6:04:57.747 !!! [CE][offlineDB] :: Type 'rag_baseitems_spaycan_paint' will be ignored. (Type does not exist. (Typo?))
 6:04:57.747 !!! [CE][offlineDB] :: Type 'rag_baseitems_spaycan_white' will be ignored. (Type does not exist. (Typo?))
 6:04:57.747 !!! [CE][offlineDB] :: Type 'rag_cabin_kit' will be ignored. (Type does not exist. (Typo?))
 6:04:57.747 !!! [CE][offlineDB] :: Type 'rag_cabin' will be ignored. (Type does not exist. (Typo?))
 6:04:57.747 !!! [CE][offlineDB] :: Type 'rag_cabin_water_pump' will be ignored. (Type does not exist. (Typo?))
 6:04:57.747 !!! [CE][offlineDB] :: Type 'RaG_BB_Admin_Hammer' will be ignored. (Type does not exist. (Typo?))
 6:04:57.747 !!! [CE][offlineDB] :: Type 'RaG_BB_Admin_Hatchet' will be ignored. (Type does not exist. (Typo?))
 6:04:57.747 !!! [CE][offlineDB] :: Type 'RaG_BB_PillarKit' will be ignored. (Type does not exist. (Typo?))
 6:04:57.747 !!! [CE][offlineDB] :: Type 'RaG_BB_Pillar' will be ignored. (Type does not exist. (Typo?))
 6:04:57.747 !!! [CE][offlineDB] :: Type 'RaG_BB_RoofKit' will be ignored. (Type does not exist. (Typo?))
 6:04:57.747 !!! [CE][offlineDB] :: Type 'RaG_BB_Roof' will be ignored. (Type does not exist. (Typo?))
 6:04:57.747 !!! [CE][offlineDB] :: Type 'RaG_BB_FloorKit' will be ignored. (Type does not exist. (Typo?))
 6:04:57.747 !!! [CE][offlineDB] :: Type 'RaG_BB_Floor' will be ignored. (Type does not exist. (Typo?))
 6:04:57.747 !!! [CE][offlineDB] :: Type 'RaG_BB_CeilingKit' will be ignored. (Type does not exist. (Typo?))
 6:04:57.747 !!! [CE][offlineDB] :: Type 'RaG_BB_Ceiling' will be ignored. (Type does not exist. (Typo?))
 6:04:57.747 !!! [CE][offlineDB] :: Type 'RaG_BB_StaircaseKit' will be ignored. (Type does not exist. (Typo?))
 6:04:57.747 !!! [CE][offlineDB] :: Type 'RaG_BB_Staircase' will be ignored. (Type does not exist. (Typo?))
 6:04:57.747 !!! [CE][offlineDB] :: Type 'RaG_BB_Staircase_2Kit' will be ignored. (Type does not exist. (Typo?))
 6:04:57.747 !!! [CE][offlineDB] :: Type 'RaG_BB_Staircase_2' will be ignored. (Type does not exist. (Typo?))
 6:04:57.747 !!! [CE][offlineDB] :: Type 'RaG_BB_StairsKit' will be ignored. (Type does not exist. (Typo?))
 6:04:57.747 !!! [CE][offlineDB] :: Type 'RaG_BB_Stairs' will be ignored. (Type does not exist. (Typo?))
 6:04:57.747 !!! [CE][offlineDB] :: Type 'RaG_BB_WallKit' will be ignored. (Type does not exist. (Typo?))
 6:04:57.747 !!! [CE][offlineDB] :: Type 'RaG_BB_Wall' will be ignored. (Type does not exist. (Typo?))
 6:04:57.747 !!! [CE][offlineDB] :: Type 'RaG_BB_DoorKit' will be ignored. (Type does not exist. (Typo?))
 6:04:57.747 !!! [CE][offlineDB] :: Type 'RaG_BB_Door' will be ignored. (Type does not exist. (Typo?))
 6:04:57.747 !!! [CE][offlineDB] :: Type 'RaG_BB_WindowKit' will be ignored. (Type does not exist. (Typo?))
 6:04:57.747 !!! [CE][offlineDB] :: Type 'RaG_BB_Window' will be ignored. (Type does not exist. (Typo?))
 6:04:57.747 !!! [CE][offlineDB] :: Type 'RaG_BB_Window_SmallKit' will be ignored. (Type does not exist. (Typo?))
 6:04:57.747 !!! [CE][offlineDB] :: Type 'RaG_BB_Window_Small' will be ignored. (Type does not exist. (Typo?))
 6:04:57.747 !!! [CE][offlineDB] :: Type 'RaG_BB_Low_WallKit' will be ignored. (Type does not exist. (Typo?))
 6:04:57.747 !!! [CE][offlineDB] :: Type 'RaG_BB_Low_Wall' will be ignored. (Type does not exist. (Typo?))
 6:04:57.747 !!! [CE][offlineDB] :: Type 'RaG_BB_FoundationKit' will be ignored. (Type does not exist. (Typo?))
 6:04:57.747 !!! [CE][offlineDB] :: Type 'RaG_BB_Foundation' will be ignored. (Type does not exist. (Typo?))
 6:04:57.747 !!! [CE][offlineDB] :: Type 'RaG_BB_GateKit' will be ignored. (Type does not exist. (Typo?))
 6:04:57.747 !!! [CE][offlineDB] :: Type 'RaG_BB_Gate' will be ignored. (Type does not exist. (Typo?))
 6:04:57.747 !!! [CE][offlineDB] :: Type 'RaG_BB_GateLeftKit' will be ignored. (Type does not exist. (Typo?))
 6:04:57.747 !!! [CE][offlineDB] :: Type 'RaG_BB_GateLeft' will be ignored. (Type does not exist. (Typo?))
 6:04:57.747 !!! [CE][offlineDB] :: Type 'RaG_BB_GateRightKit' will be ignored. (Type does not exist. (Typo?))
 6:04:57.747 !!! [CE][offlineDB] :: Type 'RaG_BB_GateRight' will be ignored. (Type does not exist. (Typo?))
 6:04:57.747 !!! [CE][offlineDB] :: Type 'RaG_BB_WoodStorageKit' will be ignored. (Type does not exist. (Typo?))
 6:04:57.747 !!! [CE][offlineDB] :: Type 'RaG_BB_WoodStorage' will be ignored. (Type does not exist. (Typo?))
 6:04:57.747 !!! [CE][offlineDB] :: Type 'RaG_BB_RampKit' will be ignored. (Type does not exist. (Typo?))
 6:04:57.747 !!! [CE][offlineDB] :: Type 'RaG_BB_Ramp' will be ignored. (Type does not exist. (Typo?))
 6:04:57.747 !!! [CE][offlineDB] :: Type 'RaG_BB_StepLadderKit' will be ignored. (Type does not exist. (Typo?))
 6:04:57.747 !!! [CE][offlineDB] :: Type 'RaG_BB_StepLadder' will be ignored. (Type does not exist. (Typo?))
 6:04:57.747 !!! [CE][offlineDB] :: Type 'RaG_BB_Ladder' will be ignored. (Type does not exist. (Typo?))
 6:04:57.747 !!! [CE][offlineDB] :: Type 'RaG_BB_Floor_HatchKit' will be ignored. (Type does not exist. (Typo?))
 6:04:57.747 !!! [CE][offlineDB] :: Type 'RaG_BB_Floor_Hatch' will be ignored. (Type does not exist. (Typo?))
 6:04:57.747 !!! [CE][offlineDB] :: Type 'RaG_BB_Single_DoorKit' will be ignored. (Type does not exist. (Typo?))
 6:04:57.747 !!! [CE][offlineDB] :: Type 'RaG_BB_Single_Door' will be ignored. (Type does not exist. (Typo?))
 6:04:57.778 !!! [CE][offlineDB] :: Type 'TRMetalDetector' will be ignored. (Type does not exist. (Typo?))
 6:04:57.778 !!! [CE][offlineDB] :: Type 'TRMetalDetectorMil' will be ignored. (Type does not exist. (Typo?))
 6:04:57.778 !!! [CE][offlineDB] :: Type 'HiddenStash' will be ignored. (Type does not exist. (Typo?))
 6:04:57.778 !!! [CE][offlineDB] :: Type 'HauntedStash' will be ignored. (Type does not exist. (Typo?))
 6:04:57.778 !!! [CE][offlineDB] :: Type 'RadioBeaconStash' will be ignored. (Type does not exist. (Typo?))
 6:04:57.778 !!! [CE][offlineDB] :: Type 'ItemPhoto01' will be ignored. (Type does not exist. (Typo?))
 6:04:57.778 !!! [CE][offlineDB] :: Type 'ItemPhoto02' will be ignored. (Type does not exist. (Typo?))
 6:04:57.778 !!! [CE][offlineDB] :: Type 'ItemPhoto03' will be ignored. (Type does not exist. (Typo?))
 6:04:57.778 !!! [CE][offlineDB] :: Type 'ItemPhoto04' will be ignored. (Type does not exist. (Typo?))
 6:04:57.778 !!! [CE][offlineDB] :: Type 'ItemPhoto05' will be ignored. (Type does not exist. (Typo?))
 6:04:57.778 !!! [CE][offlineDB] :: Type 'ItemPhoto06' will be ignored. (Type does not exist. (Typo?))
 6:04:57.778 !!! [CE][offlineDB] :: Type 'ItemPhoto07' will be ignored. (Type does not exist. (Typo?))
 6:04:57.778 !!! [CE][offlineDB] :: Type 'ItemPhoto08' will be ignored. (Type does not exist. (Typo?))
 6:04:57.778 !!! [CE][offlineDB] :: Type 'ItemPhoto09' will be ignored. (Type does not exist. (Typo?))
 6:04:57.778 !!! [CE][offlineDB] :: Type 'ItemPhoto10' will be ignored. (Type does not exist. (Typo?))
 6:04:57.778 !!! [CE][offlineDB] :: Type 'ItemPhoto11' will be ignored. (Type does not exist. (Typo?))
 6:04:57.778 !!! [CE][offlineDB] :: Type 'ItemPhoto12' will be ignored. (Type does not exist. (Typo?))
 6:04:57.778 !!! [CE][offlineDB] :: Type 'ItemPhoto13' will be ignored. (Type does not exist. (Typo?))
 6:04:57.778 !!! [CE][offlineDB] :: Type 'ItemPhoto14' will be ignored. (Type does not exist. (Typo?))
 6:04:57.778 !!! [CE][offlineDB] :: Type 'ItemPhoto15' will be ignored. (Type does not exist. (Typo?))
 6:04:57.778 !!! [CE][offlineDB] :: Type 'ItemPhoto16' will be ignored. (Type does not exist. (Typo?))
 6:04:57.778 !!! [CE][offlineDB] :: Type 'ItemPhoto17' will be ignored. (Type does not exist. (Typo?))
 6:04:57.778 !!! [CE][offlineDB] :: Type 'ItemPhoto18' will be ignored. (Type does not exist. (Typo?))
 6:04:57.778 !!! [CE][offlineDB] :: Type 'ItemPhoto19' will be ignored. (Type does not exist. (Typo?))
 6:04:57.778 !!! [CE][offlineDB] :: Type 'ItemPhoto20' will be ignored. (Type does not exist. (Typo?))
 6:04:57.947 !!! [CE][DE][SPAWNS] :: [WARNING] :: Skipping entry for non-existing event 'VehicleTransitBus'.
 6:04:57.947 [CE][DE][SPAWNS] :: Total positions: 492
 6:04:57.947 [CE][DE][GROUPS] :: Total eventgroups defined: 61, Eventgroups in use: 61
 6:04:57.961 [CE][Storage] ver:25 stamp:321, valid:yes, name:"G:\SteamLibrary\steamapps\common\DayZServer\mpmissions\dayzOffline.enoch\storage_2\data\events.bin"
 6:04:57.966 [CE][Storage] ver:25 stamp:318, valid:yes, name:"G:\SteamLibrary\steamapps\common\DayZServer\mpmissions\dayzOffline.enoch\storage_2\data\events.001"
 6:04:57.975 [CE][Storage] ver:25 stamp:319, valid:yes, name:"G:\SteamLibrary\steamapps\common\DayZServer\mpmissions\dayzOffline.enoch\storage_2\data\events.002"
 6:04:57.975 [CE][Storage] Restoring file "G:\SteamLibrary\steamapps\common\DayZServer\mpmissions\dayzOffline.enoch\storage_2\data\events.bin".
 6:04:57.976 [CE][DynamicEvent] Load  Events:[45] Primary spawners: 45 Secondary spawners: 4
 6:04:57.986 [CE][Storage] ver:25 stamp:321, valid:yes, name:"G:\SteamLibrary\steamapps\common\DayZServer\mpmissions\dayzOffline.enoch\storage_2\data\dynamic_000.bin"
 6:04:58.07 [CE][Storage] ver:25 stamp:318, valid:yes, name:"G:\SteamLibrary\steamapps\common\DayZServer\mpmissions\dayzOffline.enoch\storage_2\data\dynamic_000.001"
 6:04:58.26 [CE][Storage] ver:25 stamp:319, valid:yes, name:"G:\SteamLibrary\steamapps\common\DayZServer\mpmissions\dayzOffline.enoch\storage_2\data\dynamic_000.002"
 6:04:58.26 [CE][Storage] Restoring file "G:\SteamLibrary\steamapps\common\DayZServer\mpmissions\dayzOffline.enoch\storage_2\data\dynamic_000.bin" 726 items.
 6:04:58.639   726 items loaded. (0 failed)
 6:04:58.650 [CE][Storage] ver:25 stamp:321, valid:yes, name:"G:\SteamLibrary\steamapps\common\DayZServer\mpmissions\dayzOffline.enoch\storage_2\data\dynamic_001.bin"
 6:04:58.662 [CE][Storage] ver:25 stamp:318, valid:yes, name:"G:\SteamLibrary\steamapps\common\DayZServer\mpmissions\dayzOffline.enoch\storage_2\data\dynamic_001.001"
 6:04:58.663 [CE][Storage] ver:25 stamp:319, valid:yes, name:"G:\SteamLibrary\steamapps\common\DayZServer\mpmissions\dayzOffline.enoch\storage_2\data\dynamic_001.002"
 6:04:58.663 [CE][Storage] Restoring file "G:\SteamLibrary\steamapps\common\DayZServer\mpmissions\dayzOffline.enoch\storage_2\data\dynamic_001.bin" 3072 items.
 6:05:00.76   3072 items loaded. (0 failed)
 6:05:00.96 [CE][Storage] ver:25 stamp:321, valid:yes, name:"G:\SteamLibrary\steamapps\common\DayZServer\mpmissions\dayzOffline.enoch\storage_2\data\dynamic_002.bin"
 6:05:00.111 [CE][Storage] ver:25 stamp:318, valid:yes, name:"G:\SteamLibrary\steamapps\common\DayZServer\mpmissions\dayzOffline.enoch\storage_2\data\dynamic_002.001"
 6:05:00.122 [CE][Storage] ver:25 stamp:319, valid:yes, name:"G:\SteamLibrary\steamapps\common\DayZServer\mpmissions\dayzOffline.enoch\storage_2\data\dynamic_002.002"
 6:05:00.122 [CE][Storage] Restoring file "G:\SteamLibrary\steamapps\common\DayZServer\mpmissions\dayzOffline.enoch\storage_2\data\dynamic_002.bin" 838 items.
 6:05:00.522   838 items loaded. (0 failed)
 6:05:00.523 [CE][Storage] ver:25 stamp:321, valid:yes, name:"G:\SteamLibrary\steamapps\common\DayZServer\mpmissions\dayzOffline.enoch\storage_2\data\dynamic_003.bin"
 6:05:00.541 [CE][Storage] ver:25 stamp:318, valid:yes, name:"G:\SteamLibrary\steamapps\common\DayZServer\mpmissions\dayzOffline.enoch\storage_2\data\dynamic_003.001"
 6:05:00.555 [CE][Storage] ver:25 stamp:319, valid:yes, name:"G:\SteamLibrary\steamapps\common\DayZServer\mpmissions\dayzOffline.enoch\storage_2\data\dynamic_003.002"
 6:05:00.555 [CE][Storage] Restoring file "G:\SteamLibrary\steamapps\common\DayZServer\mpmissions\dayzOffline.enoch\storage_2\data\dynamic_003.bin" 1872 items.
 6:05:01.340   1872 items loaded. (0 failed)
 6:05:01.348 [CE][Storage] ver:25 stamp:321, valid:yes, name:"G:\SteamLibrary\steamapps\common\DayZServer\mpmissions\dayzOffline.enoch\storage_2\data\dynamic_004.bin"
 6:05:01.358 [CE][Storage] ver:25 stamp:318, valid:yes, name:"G:\SteamLibrary\steamapps\common\DayZServer\mpmissions\dayzOffline.enoch\storage_2\data\dynamic_004.001"
 6:05:01.362 [CE][Storage] ver:25 stamp:319, valid:yes, name:"G:\SteamLibrary\steamapps\common\DayZServer\mpmissions\dayzOffline.enoch\storage_2\data\dynamic_004.002"
 6:05:01.362 [CE][Storage] Restoring file "G:\SteamLibrary\steamapps\common\DayZServer\mpmissions\dayzOffline.enoch\storage_2\data\dynamic_004.bin" 1697 items.
 6:05:02.58   1697 items loaded. (0 failed)
 6:05:02.59 [CE][Storage] ver:25 stamp:321, valid:yes, name:"G:\SteamLibrary\steamapps\common\DayZServer\mpmissions\dayzOffline.enoch\storage_2\data\dynamic_005.bin"
 6:05:02.72 [CE][Storage] ver:25 stamp:318, valid:yes, name:"G:\SteamLibrary\steamapps\common\DayZServer\mpmissions\dayzOffline.enoch\storage_2\data\dynamic_005.001"
 6:05:02.87 [CE][Storage] ver:25 stamp:319, valid:yes, name:"G:\SteamLibrary\steamapps\common\DayZServer\mpmissions\dayzOffline.enoch\storage_2\data\dynamic_005.002"
 6:05:02.87 [CE][Storage] Restoring file "G:\SteamLibrary\steamapps\common\DayZServer\mpmissions\dayzOffline.enoch\storage_2\data\dynamic_005.bin" 2152 items.
 6:05:03.26   2152 items loaded. (0 failed)
 6:05:03.44 [CE][Storage] ver:25 stamp:321, valid:yes, name:"G:\SteamLibrary\steamapps\common\DayZServer\mpmissions\dayzOffline.enoch\storage_2\data\dynamic_006.bin"
 6:05:03.52 [CE][Storage] ver:25 stamp:318, valid:yes, name:"G:\SteamLibrary\steamapps\common\DayZServer\mpmissions\dayzOffline.enoch\storage_2\data\dynamic_006.001"
 6:05:03.70 [CE][Storage] ver:25 stamp:319, valid:yes, name:"G:\SteamLibrary\steamapps\common\DayZServer\mpmissions\dayzOffline.enoch\storage_2\data\dynamic_006.002"
 6:05:03.70 [CE][Storage] Restoring file "G:\SteamLibrary\steamapps\common\DayZServer\mpmissions\dayzOffline.enoch\storage_2\data\dynamic_006.bin" 1280 items.
 6:05:03.604   1280 items loaded. (0 failed)
 6:05:03.622 [CE][Storage] ver:25 stamp:321, valid:yes, name:"G:\SteamLibrary\steamapps\common\DayZServer\mpmissions\dayzOffline.enoch\storage_2\data\dynamic_007.bin"
 6:05:03.631 [CE][Storage] ver:25 stamp:318, valid:yes, name:"G:\SteamLibrary\steamapps\common\DayZServer\mpmissions\dayzOffline.enoch\storage_2\data\dynamic_007.001"
 6:05:03.651 [CE][Storage] ver:25 stamp:319, valid:yes, name:"G:\SteamLibrary\steamapps\common\DayZServer\mpmissions\dayzOffline.enoch\storage_2\data\dynamic_007.002"
 6:05:03.651 [CE][Storage] Restoring file "G:\SteamLibrary\steamapps\common\DayZServer\mpmissions\dayzOffline.enoch\storage_2\data\dynamic_007.bin" 1414 items.
 6:05:04.223   1414 items loaded. (0 failed)
 6:05:04.223 [CE][Storage] ver:25 stamp:321, valid:yes, name:"G:\SteamLibrary\steamapps\common\DayZServer\mpmissions\dayzOffline.enoch\storage_2\data\dynamic_008.bin"
 6:05:04.242 [CE][Storage] ver:25 stamp:318, valid:yes, name:"G:\SteamLibrary\steamapps\common\DayZServer\mpmissions\dayzOffline.enoch\storage_2\data\dynamic_008.001"
 6:05:04.255 [CE][Storage] ver:25 stamp:319, valid:yes, name:"G:\SteamLibrary\steamapps\common\DayZServer\mpmissions\dayzOffline.enoch\storage_2\data\dynamic_008.002"
 6:05:04.255 [CE][Storage] Restoring file "G:\SteamLibrary\steamapps\common\DayZServer\mpmissions\dayzOffline.enoch\storage_2\data\dynamic_008.bin" 1376 items.
 6:05:04.860   1376 items loaded. (0 failed)
 6:05:04.879 [CE][Storage] ver:25 stamp:321, valid:yes, name:"G:\SteamLibrary\steamapps\common\DayZServer\mpmissions\dayzOffline.enoch\storage_2\data\dynamic_009.bin"
 6:05:04.888 !!! [CE][Storage] Failed to read [Storage] data file "G:\SteamLibrary\steamapps\common\DayZServer\mpmissions\dayzOffline.enoch\storage_2\data\dynamic_009.001".
 6:05:04.889   File not closed...
 6:05:04.889 [CE][Storage] ver:25 stamp:321, valid:NO, name:"G:\SteamLibrary\steamapps\common\DayZServer\mpmissions\dayzOffline.enoch\storage_2\data\dynamic_009.001"
 6:05:04.906 [CE][Storage] ver:25 stamp:319, valid:yes, name:"G:\SteamLibrary\steamapps\common\DayZServer\mpmissions\dayzOffline.enoch\storage_2\data\dynamic_009.002"
 6:05:04.906 [CE][Storage] Restoring file "G:\SteamLibrary\steamapps\common\DayZServer\mpmissions\dayzOffline.enoch\storage_2\data\dynamic_009.bin" 1171 items.
 6:05:05.566   1171 items loaded. (0 failed)
 6:05:05.585 [CE][Storage] ver:25 stamp:321, valid:yes, name:"G:\SteamLibrary\steamapps\common\DayZServer\mpmissions\dayzOffline.enoch\storage_2\data\dynamic_010.bin"
 6:05:05.586 [CE][Storage] ver:25 stamp:321, valid:yes, name:"G:\SteamLibrary\steamapps\common\DayZServer\mpmissions\dayzOffline.enoch\storage_2\data\dynamic_010.001"
 6:05:05.599 [CE][Storage] ver:25 stamp:319, valid:yes, name:"G:\SteamLibrary\steamapps\common\DayZServer\mpmissions\dayzOffline.enoch\storage_2\data\dynamic_010.002"
 6:05:05.599 [CE][Storage] Restoring file "G:\SteamLibrary\steamapps\common\DayZServer\mpmissions\dayzOffline.enoch\storage_2\data\dynamic_010.bin" 3430 items.
 6:05:07.388   3430 items loaded. (0 failed)
 6:05:07.399 [CE][Storage] ver:25 stamp:321, valid:yes, name:"G:\SteamLibrary\steamapps\common\DayZServer\mpmissions\dayzOffline.enoch\storage_2\data\dynamic_011.bin"
 6:05:07.413 [CE][Storage] ver:25 stamp:321, valid:yes, name:"G:\SteamLibrary\steamapps\common\DayZServer\mpmissions\dayzOffline.enoch\storage_2\data\dynamic_011.001"
 6:05:07.414 [CE][Storage] ver:25 stamp:319, valid:yes, name:"G:\SteamLibrary\steamapps\common\DayZServer\mpmissions\dayzOffline.enoch\storage_2\data\dynamic_011.002"
 6:05:07.414 [CE][Storage] Restoring file "G:\SteamLibrary\steamapps\common\DayZServer\mpmissions\dayzOffline.enoch\storage_2\data\dynamic_011.bin" 545 items.
 6:05:07.676   545 items loaded. (0 failed)
 6:05:07.676 [CE][Storage] ver:26 stamp:321, valid:yes, name:"G:\SteamLibrary\steamapps\common\DayZServer\mpmissions\dayzOffline.enoch\storage_2\data\building.bin"
 6:05:07.677 [CE][Storage] ver:26 stamp:318, valid:yes, name:"G:\SteamLibrary\steamapps\common\DayZServer\mpmissions\dayzOffline.enoch\storage_2\data\building.001"
 6:05:07.677 [CE][Storage] ver:26 stamp:319, valid:yes, name:"G:\SteamLibrary\steamapps\common\DayZServer\mpmissions\dayzOffline.enoch\storage_2\data\building.002"
 6:05:07.677 [CE][Storage] Restoring file "G:\SteamLibrary\steamapps\common\DayZServer\mpmissions\dayzOffline.enoch\storage_2\data\building.bin" 0 items.
 6:05:07.677   0 items loaded. (0 failed)
 6:05:07.689 [CE][Storage] ver:25 stamp:321, valid:yes, name:"G:\SteamLibrary\steamapps\common\DayZServer\mpmissions\dayzOffline.enoch\storage_2\data\vehicles.bin"
 6:05:07.701 [CE][Storage] ver:25 stamp:318, valid:yes, name:"G:\SteamLibrary\steamapps\common\DayZServer\mpmissions\dayzOffline.enoch\storage_2\data\vehicles.001"
 6:05:07.717 [CE][Storage] ver:25 stamp:319, valid:yes, name:"G:\SteamLibrary\steamapps\common\DayZServer\mpmissions\dayzOffline.enoch\storage_2\data\vehicles.002"
 6:05:07.718 [CE][Storage] Restoring file "G:\SteamLibrary\steamapps\common\DayZServer\mpmissions\dayzOffline.enoch\storage_2\data\vehicles.bin" 229 items.
 6:05:08.564   229 items loaded. (0 failed)
 6:05:08.591 [CE][Hive] :: Storage load took:10.63 seconds, recovery stamp:321
 6:05:08.591   entity: 21403, building: 0
 6:05:08.591   no lifetime: 48
 6:05:08.591   pathgraph's: 503
 6:05:08.591 [CE][Hive] :: Initializing ... 
 6:05:08.640 [CE][InitializeMap] :: initialized: 0
 6:05:08.640 [CE][Hive] :: Initializing spawners ... 
 6:05:10.668 [CE][LootRespawner] (PRIDummy) :: Initially (re)spawned:0, Nominal:23995, Total in Map: 19711 at 0 (sec)
 6:05:10.668   tests:0, repeats:0 fails:0, overtime:0
 6:05:10.669 [CE][DynEvent] :: 45 types
 6:05:10.669 [00] AmbientFox
 6:05:10.669   Primary Spawner: "Ambient", active: yes, repeat: 1
 6:05:10.669 [01] AmbientHare
 6:05:10.669   Primary Spawner: "Ambient", active: yes, repeat: 1
 6:05:10.669 [02] AmbientHen
 6:05:10.669   Primary Spawner: "Ambient", active: yes, repeat: 1
 6:05:10.669 [03] AnimalBear
 6:05:10.669   Primary Spawner: "Animal", active: yes, repeat: 1
 6:05:10.669 [04] AnimalCow
 6:05:10.669   Primary Spawner: "Animal", active: yes, repeat: 1
 6:05:10.669 [05] AnimalDeer
 6:05:10.669   Primary Spawner: "Animal", active: yes, repeat: 1
 6:05:10.669 [06] AnimalGoat
 6:05:10.669   Primary Spawner: "Animal", active: yes, repeat: 1
 6:05:10.669 [07] AnimalPig
 6:05:10.669   Primary Spawner: "Animal", active: yes, repeat: 1
 6:05:10.669 [08] AnimalRoeDeer
 6:05:10.669   Primary Spawner: "Animal", active: yes, repeat: 1
 6:05:10.669 [09] AnimalSheep
 6:05:10.669   Primary Spawner: "Animal", active: yes, repeat: 1
 6:05:10.669 [10] AnimalWildBoar
 6:05:10.669   Primary Spawner: "Animal", active: yes, repeat: 1
 6:05:10.669 [11] AnimalWolf
 6:05:10.669   Primary Spawner: "Animal", active: yes, repeat: 1
 6:05:10.669 [12] InfectedArmy
 6:05:10.669   Primary Spawner: "Infected", active: yes, repeat: 1
 6:05:10.669 [13] InfectedArmyConvoy
 6:05:10.669   Primary Spawner: "Infected", active: yes, repeat: 1
 6:05:10.669 [14] InfectedArmyHard
 6:05:10.669   Primary Spawner: "Infected", active: yes, repeat: 1
 6:05:10.669 [15] InfectedCity
 6:05:10.669   Primary Spawner: "Infected", active: yes, repeat: 1
 6:05:10.669 [16] InfectedFirefighter
 6:05:10.669   Primary Spawner: "Infected", active: yes, repeat: 1
 6:05:10.669 [17] InfectedIndustrial
 6:05:10.669   Primary Spawner: "Infected", active: yes, repeat: 1
 6:05:10.669 [18] InfectedMedic
 6:05:10.669   Primary Spawner: "Infected", active: yes, repeat: 1
 6:05:10.669 [19] InfectedNBC
 6:05:10.669   Primary Spawner: "Infected", active: yes, repeat: 1
 6:05:10.669 [20] InfectedPolice
 6:05:10.669   Primary Spawner: "Infected", active: yes, repeat: 1
 6:05:10.669 [21] InfectedPoliceHard
 6:05:10.669   Primary Spawner: "Infected", active: yes, repeat: 1
 6:05:10.669 [22] InfectedPrisoner
 6:05:10.669   Primary Spawner: "Infected", active: yes, repeat: 1
 6:05:10.669 [23] InfectedReligious
 6:05:10.669   Primary Spawner: "Infected", active: yes, repeat: 1
 6:05:10.669 [24] InfectedSanta
 6:05:10.669   Primary Spawner: "Infected", active: yes, repeat: 1
 6:05:10.669 [25] InfectedSolitude
 6:05:10.669   Primary Spawner: "Infected", active: yes, repeat: 1
 6:05:10.669 [26] InfectedVillage
 6:05:10.669   Primary Spawner: "Infected", active: yes, repeat: 1
 6:05:10.669 [27] ItemPlanks
 6:05:10.669   Primary Spawner: "Item", active: yes, repeat: 1
 6:05:10.669 [28] Loot
 6:05:10.669   Primary Spawner: "Loot", active: yes, repeat: 2
 6:05:10.669 [29] StaticContaminatedArea
 6:05:10.669   Primary Spawner: "Static", active: yes, repeat: 1
 6:05:10.669 [30] StaticHeliCrash
 6:05:10.669   Primary Spawner: "Static", active: yes, repeat: 1
 6:05:10.669   Secondary Spawner: "Infected", active: yes, repeat: 1
 6:05:10.669 [31] StaticMilitaryConvoy
 6:05:10.669   Primary Spawner: "Static", active: yes, repeat: 1
 6:05:10.669   Secondary Spawner: "Infected", active: yes, repeat: 1
 6:05:10.669 [32] StaticPoliceSituation
 6:05:10.669   Primary Spawner: "Static", active: yes, repeat: 1
 6:05:10.669   Secondary Spawner: "Infected", active: yes, repeat: 1
 6:05:10.669 [33] StaticTrain
 6:05:10.669   Primary Spawner: "Static", active: yes, repeat: 1
 6:05:10.669   Secondary Spawner: "Infected", active: yes, repeat: 1
 6:05:10.669 [34] TrajectoryConiferous
 6:05:10.669   Primary Spawner: "Trajectory", active: yes, repeat: 1
 6:05:10.669 [35] TrajectoryDeciduous
 6:05:10.669   Primary Spawner: "Trajectory", active: yes, repeat: 1
 6:05:10.669 [36] TrajectoryHumus
 6:05:10.669   Primary Spawner: "Trajectory", active: yes, repeat: 1
 6:05:10.669 [37] TrajectoryStones
 6:05:10.669   Primary Spawner: "Trajectory", active: yes, repeat: 1
 6:05:10.669 [38] VehicleBoat
 6:05:10.669   Primary Spawner: "Vehicle", active: yes, repeat: 1
 6:05:10.669 [39] VehicleCivilianSedan
 6:05:10.669   Primary Spawner: "Vehicle", active: yes, repeat: 1
 6:05:10.669 [40] VehicleHatchback02
 6:05:10.669   Primary Spawner: "Vehicle", active: yes, repeat: 1
 6:05:10.669 [41] VehicleOffroad02
 6:05:10.669   Primary Spawner: "Vehicle", active: yes, repeat: 1
 6:05:10.669 [42] VehicleOffroadHatchback
 6:05:10.669   Primary Spawner: "Vehicle", active: yes, repeat: 1
 6:05:10.669 [43] VehicleSedan02
 6:05:10.669   Primary Spawner: "Vehicle", active: yes, repeat: 1
 6:05:10.669 [44] VehicleTruck01
 6:05:10.669   Primary Spawner: "Vehicle", active: yes, repeat: 1
 6:05:10.669 [CE][Hive] :: Initializing of spawners done.
 6:05:10.675 [CE][Hive] :: Init sequence finished.
 6:05:10.675 Player connect enabled
 6:05:15.14  --- Termination successfully completed --- 
