=====================================================================
== G:\SteamLibrary\steamapps\common\DayZServer\DayZServer_x64.exe
== G:\SteamLibrary\steamapps\common\DayZServer\DayZServer_x64.exe -config=serverDZ.cfg "-mod=@Dabs Framework;@DayZ-Expansion-AI;@DayZ-Expansion-Core;@DayZ-Expansion-Licensed;@DayZ-Expansion-BaseBuilding;@Hashima Islands;@AICFireplaceIndoor;@AimSounds;@AmmoStacks;@Basic Ear Plugs;@Bed-Respawning;@Better Medical Pouch;@BetterSuppressors;@CF;@Building Fortifications;@CarVanillaPlus;@CaseBag;@Code Lock;@Combinable RepairKits;@Coupled Mag Vanilla;@Forward Operator Gear;@InediaInfectedAI;@Inventory Move Sounds;@InventoryInCar;@JunkYardDog;@Loot Barrel Transfer;@MagazineLoading;@metabolism;@MountsSights;@Nomadbackpack;@RaG_BaseItems;@RaG_Immersive_Vehicles;@Saline Bag;@StaminaRevised;@Usefull Vanila Tents;@VPPAdminTools;@SearchInventory;@BigWheelZ;@Hashima Islands Assets;" -profiles=profiles "-servermod=@DayZ-Dynamic-AI-Addon;"
=====================================================================
Exe timestamp: 2025/01/28 02:52:30
Current time:  2025/02/20 09:26:13
Version 1.26.159040
=====================================================================

 9:26:13.978 [Inputs] Loading inputs default "bin/constants.xml"
 9:26:14.09 [Inputs] Loading inputs default "bin/specific.xml"
 9:26:14.09 [Inputs] Loading inputs default "EarPlugs\data\inputs.xml"
 9:26:14.09 [Inputs] Loading inputs default "InventoryMoveSounds/Scripts/Data/Inputs.xml"
 9:26:14.09 [Inputs] Loading inputs default "SearchInventory/Scripts/Data/inputs.xml"
 9:26:14.09 [Inputs] Loading inputs default "VPPAdminTools/data/modded_Inputs.xml"
 9:26:14.10 [Inputs] Loading inputs default "FOG_MOD/Scripts/Data/inputs.xml"
 9:26:14.10 [Inputs] Loading inputs default "rag/rag_immersive_vehicles/scripts/4_world/rag_immersive_vehicles/actions/inputs/inputs.xml"
 9:26:14.10 [Inputs] Loading inputs default "DayZExpansion/AI/Scripts/inputs.xml"
 9:26:14.10 [Inputs] Loading inputs default "DayZExpansion/BaseBuilding/Scripts/Data/Inputs.xml"
 9:26:14.10 [Inputs] Loading inputs cfg "profiles\Users\Survivor\Server.core.xml"
 9:26:14.10 !!! [Inputs] Cannot read inputs cfg "profiles\Users\Survivor\Server.core.xml", parser error
 9:26:14.11 [Inputs] Loading inputs cfg "bin/core.xml"
 9:26:14.11 !!! [Inputs] Cannot load input preset "#STR_USER", file does not exist
 9:26:14.12 [Inputs] Exporting inputs cfg "profiles\Users\Survivor\Server.core.xml"
 9:26:28.05 Hostname of server: "Nightmare in Hashima"
 9:26:34.918 [CE][Hive] :: Initializing OFFLINE
 9:26:34.918 [StorageDirs] :: Selected storage directory: G:\SteamLibrary\steamapps\common\DayZServer\mpmissions\main.hashima\storage_1\
 9:26:34.918 [CE][Hive] :: Loading core data ... 
 9:26:34.927 [CE][CoreData] :: 6 root classes, 18 defaults, 0 updaters...
 9:26:46.13 [CE] :: WARNING :: Preset map "needle1" is EMPTY.
 9:26:46.14 [CE][TypeSetup] :: 0 classes setuped...
 9:26:46.20 [CE] :: WARNING :: Preset map "needle1" is EMPTY.
 9:26:46.20 [CE][TypeSetup] :: 1 classes setuped...
 9:26:46.22 [CE] :: WARNING :: Preset map "needle1" is EMPTY.
 9:26:46.22 [CE][TypeSetup] :: 19 classes setuped...
 9:26:46.25 [CE] :: WARNING :: Preset map "needle1" is EMPTY.
 9:26:46.25 [CE][TypeSetup] :: 47 classes setuped...
 9:26:46.36 [CE] :: WARNING :: Preset map "needle1" is EMPTY.
 9:26:46.36 [CE][TypeSetup] :: 2 classes setuped...
 9:26:46.44 [CE] :: WARNING :: Preset map "needle1" is EMPTY.
 9:26:46.44 [CE][TypeSetup] :: 9 classes setuped...
 9:26:46.46 [CE] :: WARNING :: Preset map "needle1" is EMPTY.
 9:26:46.46 [CE][TypeSetup] :: 2 classes setuped...
 9:26:46.55 [CE] :: WARNING :: Preset map "needle1" is EMPTY.
 9:26:46.56 [CE][TypeSetup] :: 148 classes setuped...
 9:26:46.70 [CE] :: WARNING :: Preset map "needle1" is EMPTY.
 9:26:46.70 [CE][TypeSetup] :: 21 classes setuped...
 9:26:46.87 [CE] :: WARNING :: Preset map "needle1" is EMPTY.
 9:26:46.88 [CE][TypeSetup] :: 174 classes setuped...
 9:26:46.101 [CE] :: WARNING :: Preset map "needle1" is EMPTY.
 9:26:46.101 [CE][TypeSetup] :: 19 classes setuped...
 9:26:46.113 [CE] :: WARNING :: Preset map "needle1" is EMPTY.
 9:26:46.113 [CE][TypeSetup] :: 47 classes setuped...
 9:26:46.128 [CE] :: WARNING :: Preset map "needle1" is EMPTY.
 9:26:46.129 [CE][TypeSetup] :: 124 classes setuped...
 9:26:48.469 [CE][RegisterBind] :: 0 classes binded...
 9:26:48.469 [CE][RegisterConfig] :: 15258 config classes registered, 0 sub-counters...
 9:26:48.469 [CE][Hive] :: Loading map data ... 
 9:26:48.470 [CE][IgnoreList] "cfgignorelist.xml" :: loaded 0 types
 9:26:48.549 [CE][LoadPrototype] :: loaded 424 prototypes
 9:26:48.549   765 containers, 10780 points
 9:26:48.549   84 dispatches, 327 proxies
 9:26:48.549 !!! [CE][LoadPrototype] 2 groups have no points...
 9:26:48.549 !!! [CE][LoadPrototype] 1 groups have wrong points...
 9:26:48.549 [CE][LoadPrototype] :: last group name: Wreck_SantasSleigh...
 9:26:48.567 [CE][LoadPrototype] :: loaded 0 prototypes
 9:26:48.567   55 containers, 232 points
 9:26:48.567   0 dispatches, 0 proxies
 9:26:48.567 [CE][LoadPrototype] :: last group name: Stones...
 9:26:49.782 [CE][LoadMap] "Group" :: loaded 2171 groups, groups failed: 0, largest group range: 34.0
 9:26:49.783 [CE][LoadMap] "Dirt" :: loaded 0 groups, groups failed: 0, largest group range: 34.0
 9:26:49.794 [CE][Links] found 1134 total links between groups, of 2171
 9:26:49.794 [CE][LoadClusters] "Cluster" :: Loading files...
 9:26:49.853 [CE][LoadClusters] :: file: "mapgroupcluster.xml", 4 types, 9025 instances
 9:26:49.875 [CE][Storage] ver:21 stamp:456, valid:yes, name:"G:\SteamLibrary\steamapps\common\DayZServer\mpmissions\main.hashima\storage_1\data\types.bin"
 9:26:49.884 [CE][Storage] ver:21 stamp:453, valid:yes, name:"G:\SteamLibrary\steamapps\common\DayZServer\mpmissions\main.hashima\storage_1\data\types.001"
 9:26:49.893 [CE][Storage] ver:21 stamp:454, valid:yes, name:"G:\SteamLibrary\steamapps\common\DayZServer\mpmissions\main.hashima\storage_1\data\types.002"
 9:26:49.893 [CE][Storage] Restoring file "G:\SteamLibrary\steamapps\common\DayZServer\mpmissions\main.hashima\storage_1\data\types.bin".
 9:26:50.221 !!! [CE][offlineDB] :: No Shutdown message present.
 9:26:50.227 [CE][offlineDB] :: Loaded 0 dynamic events 0 total types.
 9:26:50.235 [CE][offlineDB] :: Loaded 0 dynamic events 0 total types.
 9:26:50.250 [CE][offlineDB] :: Loaded 19 dynamic events 284 total types.
 9:26:50.258 [CE][offlineDB] :: Loaded 25 dynamic events 295 total types.
 9:26:50.259 [CE][offlineDB] :: Loaded 36 dynamic events 309 total types.
 9:26:50.466 !!! [CE] :: Unknown usage: 'Tier4'.
 9:26:50.466 !!! [CE] :: Unknown usage: 'Tier4'.
 9:26:50.466 !!! [CE] :: Unknown usage: 'Tier4'.
 9:26:50.466 !!! [CE] :: Unknown usage: 'Tier4'.
 9:26:50.466 !!! [CE] :: Unknown usage: 'Tier4'.
 9:26:50.466 !!! [CE] :: Unknown usage: 'Tier4'.
 9:26:50.466 !!! [CE] :: Unknown usage: 'Tier4'.
 9:26:50.466 !!! [CE] :: Unknown usage: 'Tier4'.
 9:26:50.466 !!! [CE] :: Unknown usage: 'Tier4'.
 9:26:50.466 !!! [CE] :: Unknown usage: 'Tier4'.
 9:26:50.466 !!! [CE] :: Unknown usage: 'Tier4'.
 9:26:50.466 !!! [CE] :: Unknown usage: 'Tier4'.
 9:26:50.466 !!! [CE] :: Unknown usage: 'Tier4'.
 9:26:50.466 !!! [CE] :: Unknown usage: 'Tier4'.
 9:26:50.466 !!! [CE] :: Unknown usage: 'Tier4'.
 9:26:50.466 !!! [CE] :: Unknown usage: 'Tier4'.
 9:26:50.466 !!! [CE] :: Unknown usage: 'Tier4'.
 9:26:50.466 !!! [CE] :: Unknown usage: 'Tier4'.
 9:26:50.466 !!! [CE] :: Unknown usage: 'Tier4'.
 9:26:50.466 !!! [CE] :: Unknown usage: 'Tier4'.
 9:26:50.466 !!! [CE] :: Unknown usage: 'Tier4'.
 9:26:50.466 !!! [CE] :: Unknown usage: 'Tier4'.
 9:26:50.466 !!! [CE] :: Unknown usage: 'Tier4'.
 9:26:50.466 !!! [CE] :: Unknown usage: 'Tier4'.
 9:26:50.466 !!! [CE] :: Unknown usage: 'Tier4'.
 9:26:50.466 !!! [CE] :: Unknown usage: 'Tier4'.
 9:26:50.466 !!! [CE] :: Unknown usage: 'Tier4'.
 9:26:50.466 !!! [CE] :: Unknown usage: 'Tier4'.
 9:26:50.466 !!! [CE] :: Unknown usage: 'Tier4'.
 9:26:50.466 !!! [CE] :: Unknown usage: 'Tier4'.
 9:26:50.466 !!! [CE] :: Unknown usage: 'Tier4'.
 9:26:50.466 !!! [CE] :: Unknown usage: 'Tier4'.
 9:26:50.467 !!! [CE] :: Unknown usage: 'Tier4'.
 9:26:50.467 !!! [CE] :: Unknown usage: 'Tier4'.
 9:26:50.467 !!! [CE] :: Unknown usage: 'Tier4'.
 9:26:50.467 !!! [CE] :: Unknown usage: 'Tier4'.
 9:26:50.467 !!! [CE] :: Unknown usage: 'Tier4'.
 9:26:50.467 !!! [CE] :: Unknown usage: 'Tier4'.
 9:26:50.467 !!! [CE] :: Unknown usage: 'Tier4'.
 9:26:50.467 !!! [CE] :: Unknown usage: 'Tier4'.
 9:26:50.467 !!! [CE] :: Unknown usage: 'Tier4'.
 9:26:50.467 !!! [CE] :: Unknown usage: 'Tier4'.
 9:26:50.467 !!! [CE] :: Unknown usage: 'Tier4'.
 9:26:50.467 !!! [CE] :: Unknown usage: 'Tier4'.
 9:26:50.467 !!! [CE] :: Unknown usage: 'Tier4'.
 9:26:50.467 !!! [CE] :: Unknown usage: 'Tier4'.
 9:26:50.467 !!! [CE] :: Unknown usage: 'Tier4'.
 9:26:50.467 !!! [CE] :: Unknown usage: 'Tier4'.
 9:26:50.551 !!! [CE][offlineDB] :: Type 'rag_baseitems_spaycan_paint' will be ignored. (Type does not exist. (Typo?))
 9:26:50.551 !!! [CE][offlineDB] :: Type 'rag_baseitems_spaycan_white' will be ignored. (Type does not exist. (Typo?))
 9:26:50.552 !!! [CE][offlineDB] :: Type 'rag_cabin_kit' will be ignored. (Type does not exist. (Typo?))
 9:26:50.552 !!! [CE][offlineDB] :: Type 'rag_cabin' will be ignored. (Type does not exist. (Typo?))
 9:26:50.552 !!! [CE][offlineDB] :: Type 'rag_cabin_water_pump' will be ignored. (Type does not exist. (Typo?))
 9:26:50.582 [CE][DE][SPAWNS] :: Total positions: 28
 9:26:50.582 [CE][DE][GROUPS] :: Total eventgroups defined: 0, Eventgroups in use: 0
 9:26:50.601 [CE][Storage] ver:25 stamp:456, valid:yes, name:"G:\SteamLibrary\steamapps\common\DayZServer\mpmissions\main.hashima\storage_1\data\events.bin"
 9:26:50.601 [CE][Storage] ver:25 stamp:453, valid:yes, name:"G:\SteamLibrary\steamapps\common\DayZServer\mpmissions\main.hashima\storage_1\data\events.001"
 9:26:50.603 [CE][Storage] ver:25 stamp:454, valid:yes, name:"G:\SteamLibrary\steamapps\common\DayZServer\mpmissions\main.hashima\storage_1\data\events.002"
 9:26:50.604 [CE][Storage] Restoring file "G:\SteamLibrary\steamapps\common\DayZServer\mpmissions\main.hashima\storage_1\data\events.bin".
 9:26:50.604 [CE][DynamicEvent] Load  Events:[36] Primary spawners: 36 Secondary spawners: 1
 9:26:50.608 [CE][Storage] ver:25 stamp:456, valid:yes, name:"G:\SteamLibrary\steamapps\common\DayZServer\mpmissions\main.hashima\storage_1\data\dynamic_000.bin"
 9:26:50.611 [CE][Storage] ver:25 stamp:453, valid:yes, name:"G:\SteamLibrary\steamapps\common\DayZServer\mpmissions\main.hashima\storage_1\data\dynamic_000.001"
 9:26:50.613 [CE][Storage] ver:25 stamp:454, valid:yes, name:"G:\SteamLibrary\steamapps\common\DayZServer\mpmissions\main.hashima\storage_1\data\dynamic_000.002"
 9:26:50.613 [CE][Storage] Restoring file "G:\SteamLibrary\steamapps\common\DayZServer\mpmissions\main.hashima\storage_1\data\dynamic_000.bin" 454 items.
 9:26:53.243   454 items loaded. (0 failed)
 9:26:53.253 [CE][Storage] ver:25 stamp:456, valid:yes, name:"G:\SteamLibrary\steamapps\common\DayZServer\mpmissions\main.hashima\storage_1\data\dynamic_001.bin"
 9:26:53.266 [CE][Storage] ver:25 stamp:453, valid:yes, name:"G:\SteamLibrary\steamapps\common\DayZServer\mpmissions\main.hashima\storage_1\data\dynamic_001.001"
 9:26:53.274 [CE][Storage] ver:25 stamp:454, valid:yes, name:"G:\SteamLibrary\steamapps\common\DayZServer\mpmissions\main.hashima\storage_1\data\dynamic_001.002"
 9:26:53.274 [CE][Storage] Restoring file "G:\SteamLibrary\steamapps\common\DayZServer\mpmissions\main.hashima\storage_1\data\dynamic_001.bin" 1584 items.
 9:26:54.769   1584 items loaded. (0 failed)
 9:26:54.778 [CE][Storage] ver:25 stamp:456, valid:yes, name:"G:\SteamLibrary\steamapps\common\DayZServer\mpmissions\main.hashima\storage_1\data\dynamic_002.bin"
 9:26:54.793 [CE][Storage] ver:25 stamp:453, valid:yes, name:"G:\SteamLibrary\steamapps\common\DayZServer\mpmissions\main.hashima\storage_1\data\dynamic_002.001"
 9:26:54.804 [CE][Storage] ver:25 stamp:454, valid:yes, name:"G:\SteamLibrary\steamapps\common\DayZServer\mpmissions\main.hashima\storage_1\data\dynamic_002.002"
 9:26:54.804 [CE][Storage] Restoring file "G:\SteamLibrary\steamapps\common\DayZServer\mpmissions\main.hashima\storage_1\data\dynamic_002.bin" 1002 items.
 9:26:55.516   1002 items loaded. (0 failed)
 9:26:55.534 [CE][Storage] ver:25 stamp:456, valid:yes, name:"G:\SteamLibrary\steamapps\common\DayZServer\mpmissions\main.hashima\storage_1\data\dynamic_003.bin"
 9:26:55.550 [CE][Storage] ver:25 stamp:453, valid:yes, name:"G:\SteamLibrary\steamapps\common\DayZServer\mpmissions\main.hashima\storage_1\data\dynamic_003.001"
 9:26:55.567 [CE][Storage] ver:25 stamp:454, valid:yes, name:"G:\SteamLibrary\steamapps\common\DayZServer\mpmissions\main.hashima\storage_1\data\dynamic_003.002"
 9:26:55.567 [CE][Storage] Restoring file "G:\SteamLibrary\steamapps\common\DayZServer\mpmissions\main.hashima\storage_1\data\dynamic_003.bin" 819 items.
 9:26:56.144   819 items loaded. (0 failed)
 9:26:56.145 [CE][Storage] ver:25 stamp:456, valid:yes, name:"G:\SteamLibrary\steamapps\common\DayZServer\mpmissions\main.hashima\storage_1\data\dynamic_004.bin"
 9:26:56.160 [CE][Storage] ver:25 stamp:453, valid:yes, name:"G:\SteamLibrary\steamapps\common\DayZServer\mpmissions\main.hashima\storage_1\data\dynamic_004.001"
 9:26:56.166 [CE][Storage] ver:25 stamp:454, valid:yes, name:"G:\SteamLibrary\steamapps\common\DayZServer\mpmissions\main.hashima\storage_1\data\dynamic_004.002"
 9:26:56.166 [CE][Storage] Restoring file "G:\SteamLibrary\steamapps\common\DayZServer\mpmissions\main.hashima\storage_1\data\dynamic_004.bin" 690 items.
 9:26:56.454   690 items loaded. (0 failed)
 9:26:56.458 [CE][Storage] ver:25 stamp:456, valid:yes, name:"G:\SteamLibrary\steamapps\common\DayZServer\mpmissions\main.hashima\storage_1\data\dynamic_005.bin"
 9:26:56.459 [CE][Storage] ver:25 stamp:453, valid:yes, name:"G:\SteamLibrary\steamapps\common\DayZServer\mpmissions\main.hashima\storage_1\data\dynamic_005.001"
 9:26:56.477 [CE][Storage] ver:25 stamp:454, valid:yes, name:"G:\SteamLibrary\steamapps\common\DayZServer\mpmissions\main.hashima\storage_1\data\dynamic_005.002"
 9:26:56.477 [CE][Storage] Restoring file "G:\SteamLibrary\steamapps\common\DayZServer\mpmissions\main.hashima\storage_1\data\dynamic_005.bin" 807 items.
 9:26:56.875   807 items loaded. (0 failed)
 9:26:56.876 [CE][Storage] ver:25 stamp:456, valid:yes, name:"G:\SteamLibrary\steamapps\common\DayZServer\mpmissions\main.hashima\storage_1\data\dynamic_006.bin"
 9:26:56.877 [CE][Storage] ver:25 stamp:453, valid:yes, name:"G:\SteamLibrary\steamapps\common\DayZServer\mpmissions\main.hashima\storage_1\data\dynamic_006.001"
 9:26:56.890 [CE][Storage] ver:25 stamp:454, valid:yes, name:"G:\SteamLibrary\steamapps\common\DayZServer\mpmissions\main.hashima\storage_1\data\dynamic_006.002"
 9:26:56.891 [CE][Storage] Restoring file "G:\SteamLibrary\steamapps\common\DayZServer\mpmissions\main.hashima\storage_1\data\dynamic_006.bin" 454 items.
 9:26:57.83   454 items loaded. (0 failed)
 9:26:57.88 [CE][Storage] ver:25 stamp:456, valid:yes, name:"G:\SteamLibrary\steamapps\common\DayZServer\mpmissions\main.hashima\storage_1\data\dynamic_007.bin"
 9:26:57.89 [CE][Storage] ver:25 stamp:453, valid:yes, name:"G:\SteamLibrary\steamapps\common\DayZServer\mpmissions\main.hashima\storage_1\data\dynamic_007.001"
 9:26:57.96 [CE][Storage] ver:25 stamp:454, valid:yes, name:"G:\SteamLibrary\steamapps\common\DayZServer\mpmissions\main.hashima\storage_1\data\dynamic_007.002"
 9:26:57.96 [CE][Storage] Restoring file "G:\SteamLibrary\steamapps\common\DayZServer\mpmissions\main.hashima\storage_1\data\dynamic_007.bin" 572 items.
 9:26:57.456   572 items loaded. (0 failed)
 9:26:57.472 [CE][Storage] ver:25 stamp:456, valid:yes, name:"G:\SteamLibrary\steamapps\common\DayZServer\mpmissions\main.hashima\storage_1\data\dynamic_008.bin"
 9:26:57.473 [CE][Storage] ver:25 stamp:453, valid:yes, name:"G:\SteamLibrary\steamapps\common\DayZServer\mpmissions\main.hashima\storage_1\data\dynamic_008.001"
 9:26:57.474 [CE][Storage] ver:25 stamp:454, valid:yes, name:"G:\SteamLibrary\steamapps\common\DayZServer\mpmissions\main.hashima\storage_1\data\dynamic_008.002"
 9:26:57.474 [CE][Storage] Restoring file "G:\SteamLibrary\steamapps\common\DayZServer\mpmissions\main.hashima\storage_1\data\dynamic_008.bin" 1351 items.
 9:26:58.94   1351 items loaded. (0 failed)
 9:26:58.95 [CE][Storage] ver:25 stamp:456, valid:yes, name:"G:\SteamLibrary\steamapps\common\DayZServer\mpmissions\main.hashima\storage_1\data\dynamic_009.bin"
 9:26:58.104 [CE][Storage] ver:25 stamp:453, valid:yes, name:"G:\SteamLibrary\steamapps\common\DayZServer\mpmissions\main.hashima\storage_1\data\dynamic_009.001"
 9:26:58.115 [CE][Storage] ver:25 stamp:454, valid:yes, name:"G:\SteamLibrary\steamapps\common\DayZServer\mpmissions\main.hashima\storage_1\data\dynamic_009.002"
 9:26:58.115 [CE][Storage] Restoring file "G:\SteamLibrary\steamapps\common\DayZServer\mpmissions\main.hashima\storage_1\data\dynamic_009.bin" 571 items.
 9:26:58.375   571 items loaded. (0 failed)
 9:26:58.376 [CE][Storage] ver:25 stamp:456, valid:yes, name:"G:\SteamLibrary\steamapps\common\DayZServer\mpmissions\main.hashima\storage_1\data\dynamic_010.bin"
 9:26:58.392 [CE][Storage] ver:25 stamp:453, valid:yes, name:"G:\SteamLibrary\steamapps\common\DayZServer\mpmissions\main.hashima\storage_1\data\dynamic_010.001"
 9:26:58.400 [CE][Storage] ver:25 stamp:454, valid:yes, name:"G:\SteamLibrary\steamapps\common\DayZServer\mpmissions\main.hashima\storage_1\data\dynamic_010.002"
 9:26:58.400 [CE][Storage] Restoring file "G:\SteamLibrary\steamapps\common\DayZServer\mpmissions\main.hashima\storage_1\data\dynamic_010.bin" 90 items.
 9:26:58.439   90 items loaded. (0 failed)
 9:26:58.439 [CE][Storage] ver:25 stamp:456, valid:yes, name:"G:\SteamLibrary\steamapps\common\DayZServer\mpmissions\main.hashima\storage_1\data\dynamic_011.bin"
 9:26:58.440 [CE][Storage] ver:25 stamp:453, valid:yes, name:"G:\SteamLibrary\steamapps\common\DayZServer\mpmissions\main.hashima\storage_1\data\dynamic_011.001"
 9:26:58.440 [CE][Storage] ver:25 stamp:454, valid:yes, name:"G:\SteamLibrary\steamapps\common\DayZServer\mpmissions\main.hashima\storage_1\data\dynamic_011.002"
 9:26:58.440 [CE][Storage] Restoring file "G:\SteamLibrary\steamapps\common\DayZServer\mpmissions\main.hashima\storage_1\data\dynamic_011.bin" 0 items.
 9:26:58.440   0 items loaded. (0 failed)
 9:26:58.440 [CE][Storage] ver:26 stamp:456, valid:yes, name:"G:\SteamLibrary\steamapps\common\DayZServer\mpmissions\main.hashima\storage_1\data\building.bin"
 9:26:58.440 [CE][Storage] ver:26 stamp:453, valid:yes, name:"G:\SteamLibrary\steamapps\common\DayZServer\mpmissions\main.hashima\storage_1\data\building.001"
 9:26:58.440 [CE][Storage] ver:26 stamp:454, valid:yes, name:"G:\SteamLibrary\steamapps\common\DayZServer\mpmissions\main.hashima\storage_1\data\building.002"
 9:26:58.440 [CE][Storage] Restoring file "G:\SteamLibrary\steamapps\common\DayZServer\mpmissions\main.hashima\storage_1\data\building.bin" 0 items.
 9:26:58.440   0 items loaded. (0 failed)
 9:26:58.441 [CE][Storage] ver:25 stamp:456, valid:yes, name:"G:\SteamLibrary\steamapps\common\DayZServer\mpmissions\main.hashima\storage_1\data\vehicles.bin"
 9:26:58.456 [CE][Storage] ver:25 stamp:453, valid:yes, name:"G:\SteamLibrary\steamapps\common\DayZServer\mpmissions\main.hashima\storage_1\data\vehicles.001"
 9:26:58.456 [CE][Storage] ver:25 stamp:454, valid:yes, name:"G:\SteamLibrary\steamapps\common\DayZServer\mpmissions\main.hashima\storage_1\data\vehicles.002"
 9:26:58.456 [CE][Storage] Restoring file "G:\SteamLibrary\steamapps\common\DayZServer\mpmissions\main.hashima\storage_1\data\vehicles.bin" 33 items.
 9:26:58.736   33 items loaded. (0 failed)
 9:26:58.743 [CE][Hive] :: Storage load took:8.14 seconds, recovery stamp:456
 9:26:58.743   entity: 9725, building: 0
 9:26:58.743   no lifetime: 4
 9:26:58.743   pathgraph's: 79
 9:26:58.744 [CE][Hive] :: Initializing ... 
 9:26:58.763 [CE][InitializeMap] :: initialized: 0
 9:26:58.763 [CE][Hive] :: Initializing spawners ... 
 9:27:00.809 [CE][LootRespawner] (PRIDummy) :: Initially (re)spawned:0, Nominal:10032, Total in Map: 8432 at 0 (sec)
 9:27:00.809   tests:0, repeats:0 fails:0, overtime:0
 9:27:00.814 [CE][DynEvent] :: 36 types
 9:27:00.814 [00] InfectedArmy
 9:27:00.814   Primary Spawner: "Infected", active: yes, repeat: 1
 9:27:00.814 [01] InfectedArmyHeavy
 9:27:00.814   Primary Spawner: "Infected", active: yes, repeat: 1
 9:27:00.814 [02] InfectedCity
 9:27:00.814   Primary Spawner: "Infected", active: yes, repeat: 1
 9:27:00.814 [03] InfectedCityTier1
 9:27:00.814   Primary Spawner: "Infected", active: yes, repeat: 1
 9:27:00.814 [04] InfectedCityTier2
 9:27:00.814   Primary Spawner: "Infected", active: yes, repeat: 1
 9:27:00.814 [05] InfectedCityTier3
 9:27:00.814   Primary Spawner: "Infected", active: yes, repeat: 1
 9:27:00.814 [06] InfectedFirefighter
 9:27:00.814   Primary Spawner: "Infected", active: yes, repeat: 1
 9:27:00.814 [07] InfectedIndustrial
 9:27:00.814   Primary Spawner: "Infected", active: yes, repeat: 1
 9:27:00.814 [08] InfectedMedic
 9:27:00.814   Primary Spawner: "Infected", active: yes, repeat: 1
 9:27:00.814 [09] InfectedNBCBlack
 9:27:00.814   Primary Spawner: "Infected", active: yes, repeat: 1
 9:27:00.814 [10] InfectedNBCGreen
 9:27:00.814   Primary Spawner: "Infected", active: yes, repeat: 1
 9:27:00.814 [11] InfectedNBCPurple
 9:27:00.814   Primary Spawner: "Infected", active: yes, repeat: 1
 9:27:00.814 [12] InfectedNBCRed
 9:27:00.814   Primary Spawner: "Infected", active: yes, repeat: 1
 9:27:00.814 [13] InfectedPolice
 9:27:00.814   Primary Spawner: "Infected", active: yes, repeat: 1
 9:27:00.814 [14] InfectedPrisoner
 9:27:00.814   Primary Spawner: "Infected", active: yes, repeat: 1
 9:27:00.814 [15] InfectedReligious
 9:27:00.814   Primary Spawner: "Infected", active: yes, repeat: 1
 9:27:00.814 [16] InfectedSolitude
 9:27:00.814   Primary Spawner: "Infected", active: yes, repeat: 1
 9:27:00.814 [17] InfectedVillage
 9:27:00.814   Primary Spawner: "Infected", active: yes, repeat: 1
 9:27:00.814 [18] InfectedVillageTier1
 9:27:00.814   Primary Spawner: "Infected", active: yes, repeat: 1
 9:27:00.814 [19] AnimalBear
 9:27:00.814   Primary Spawner: "Animal", active: yes, repeat: 1
 9:27:00.814 [20] AnimalHen
 9:27:00.814   Primary Spawner: "Animal", active: yes, repeat: 1
 9:27:00.814 [21] AnimalPig
 9:27:00.814   Primary Spawner: "Animal", active: yes, repeat: 1
 9:27:00.814 [22] AnimalRoeDeer
 9:27:00.814   Primary Spawner: "Animal", active: yes, repeat: 1
 9:27:00.814 [23] AnimalWildBoar
 9:27:00.814   Primary Spawner: "Animal", active: yes, repeat: 1
 9:27:00.814 [24] AnimalWolf
 9:27:00.814   Primary Spawner: "Animal", active: yes, repeat: 1
 9:27:00.814 [25] Loot
 9:27:00.814   Primary Spawner: "Loot", active: yes, repeat: 2
 9:27:00.814 [26] TrajectoryApple
 9:27:00.814   Primary Spawner: "Trajectory", active: yes, repeat: 1
 9:27:00.814 [27] TrajectoryConiferous
 9:27:00.814   Primary Spawner: "Trajectory", active: yes, repeat: 1
 9:27:00.814 [28] TrajectoryDeciduous
 9:27:00.814   Primary Spawner: "Trajectory", active: yes, repeat: 1
 9:27:00.814 [29] TrajectoryHumus
 9:27:00.814   Primary Spawner: "Trajectory", active: yes, repeat: 1
 9:27:00.814 [30] TrajectoryPear
 9:27:00.814   Primary Spawner: "Trajectory", active: yes, repeat: 1
 9:27:00.814 [31] TrajectoryPlum
 9:27:00.814   Primary Spawner: "Trajectory", active: yes, repeat: 1
 9:27:00.814 [32] TrajectoryStones
 9:27:00.814   Primary Spawner: "Trajectory", active: yes, repeat: 1
 9:27:00.814 [33] StaticAirplaneCrate_1
 9:27:00.814   Primary Spawner: "Static", active: yes, repeat: 1
 9:27:00.814 [34] StaticAirplaneCrate_2
 9:27:00.814   Primary Spawner: "Static", active: yes, repeat: 1
 9:27:00.814 [35] StaticHeliCrash
 9:27:00.814   Primary Spawner: "Static", active: yes, repeat: 1
 9:27:00.814   Secondary Spawner: "Infected", active: yes, repeat: 1
 9:27:00.814 [CE][Hive] :: Initializing of spawners done.
 9:27:00.817 [CE][Hive] :: Init sequence finished.
 9:27:00.817 Player connect enabled
 9:27:20.940 [CE][LootRespawner] (PRIDummy) :: Item [0] causing search overtime: "CCS_Hashima_Clothing_Firefighter_Jacket_Black"
 9:27:21.439 [CE][LootRespawner] (PRIDummy) :: Item [0] is hard to place, performance drops: "CoyoteBag_Green"
 9:27:21.439 [CE][LootRespawner] (PRIDummy) :: Item [1] is hard to place, performance drops: "CoyoteBag_Green"
 9:27:21.439 [CE][LootRespawner] (PRIDummy) :: Item [2] is hard to place, performance drops: "CoyoteBag_Green"
 9:27:21.439 [CE][LootRespawner] (PRIDummy) :: Item [3] is hard to place, performance drops: "CoyoteBag_Green"
 9:27:21.940 [CE][LootRespawner] (PRIDummy) :: Item [1] causing search overtime: "CCS_RokuohShaType89"
 9:27:22.140 [CE][LootRespawner] (PRIDummy) :: Item [4] is hard to place, performance drops: "M4A1"
 9:27:47.405 [CE][LootRespawner] (PRIDummy) :: Item [2] causing search overtime: "CCS_PID_73"
 9:27:47.805 [CE][LootRespawner] (PRIDummy) :: Item [5] is hard to place, performance drops: "FOG_SF_Cover_M81"
 9:27:47.805 [CE][LootRespawner] (PRIDummy) :: Item [6] is hard to place, performance drops: "FOG_SF_Cover_M81"
 9:27:48.106 [CE][LootRespawner] (PRIDummy) :: Item [3] causing search overtime: "CCS_Hashima_Clothing_Firefighter_Jacket_Black"
 9:28:14.445 [CE][LootRespawner] (PRIDummy) :: Item [4] causing search overtime: "CCS_PID_73"
 9:28:14.744 [CE][LootRespawner] (PRIDummy) :: Item [5] causing search overtime: "CCS_Hashima_Clothing_Firefighter_Jacket_Black"
 9:28:41.478 [CE][LootRespawner] (PRIDummy) :: Item [6] causing search overtime: "CCS_PID_73"
 9:28:41.577 [CE][LootRespawner] (PRIDummy) :: Item [7] is hard to place, performance drops: "FOG_Vest_Osprey_MCB"
 9:28:41.678 [CE][LootRespawner] (PRIDummy) :: Item [7] causing search overtime: "CCS_Hashima_Clothing_Firefighter_Jacket_Black"
 9:29:08.472 [CE][LootRespawner] (PRIDummy) :: Item [8] causing search overtime: "CCS_PID_73"
 9:29:08.672 [CE][LootRespawner] (PRIDummy) :: Item [9] causing search overtime: "CCS_Hashima_Clothing_Firefighter_Jacket_Black"
 9:29:35.476 [CE][LootRespawner] (PRIDummy) :: Item [10] causing search overtime: "CCS_PID_73"
 9:29:35.676 [CE][LootRespawner] (PRIDummy) :: Item [11] causing search overtime: "CCS_Hashima_Clothing_Firefighter_Jacket_Black"
 9:29:36.876 [CE][LootRespawner] (PRIDummy) :: Item [8] is hard to place, performance drops: "FOG_Pants_Crye_G3_RTGR"
 9:30:02.517 [CE][LootRespawner] (PRIDummy) :: Item [12] causing search overtime: "CCS_PID_73"
 9:30:02.617 [CE][LootRespawner] (PRIDummy) :: Item [13] causing search overtime: "CCS_Hashima_Clothing_Firefighter_Jacket_Black"
 9:30:29.657 [CE][LootRespawner] (PRIDummy) :: Item [14] causing search overtime: "CCS_PID_73"
 9:30:29.757 [CE][LootRespawner] (PRIDummy) :: Item [9] is hard to place, performance drops: "FOG_Pouch_Admin_Spiritus_MC"
 9:30:30.61 [CE][LootRespawner] (PRIDummy) :: Item [15] causing search overtime: "CCS_Hashima_Clothing_Firefighter_Jacket_Black"
 9:30:56.660 [CE][LootRespawner] (PRIDummy) :: Item [16] causing search overtime: "CCS_PID_73"
 9:30:56.860 [CE][LootRespawner] (PRIDummy) :: Item [10] is hard to place, performance drops: "FOG_Vest_Thor_EMR"
 9:30:56.960 [CE][LootRespawner] (PRIDummy) :: Item [17] causing search overtime: "CCS_Hashima_Clothing_Firefighter_Jacket_Black"
 9:31:23.160 [CE][LootRespawner] (PRIDummy) :: Item [18] causing search overtime: "CCS_PID_73"
 9:31:23.360 [CE][LootRespawner] (PRIDummy) :: Item [19] causing search overtime: "CCS_Hashima_Clothing_Firefighter_Jacket_Black"
 9:31:50.159 [CE][LootRespawner] (PRIDummy) :: Item [20] causing search overtime: "CCS_PID_73"
 9:31:50.460 [CE][LootRespawner] (PRIDummy) :: Item [21] causing search overtime: "CCS_Hashima_Clothing_Firefighter_Jacket_Black"
 9:31:51.559 [CE][LootRespawner] (PRIDummy) :: Item [11] is hard to place, performance drops: "FOG_Vest_TacTec_MC"
 9:32:16.118 [Login]: Adding player Penguin (70104442) to login queue at position 0
 9:32:16.118 [LoginMachine]: Add player Penguin (70104442 192.168.1.5:53575)
 9:32:16.118 [StateMachine]: Player Penguin (dpnid 70104442 uid ) Entering AuthPlayerLoginState
 9:32:17.60 [CE][LootRespawner] (PRIDummy) :: Item [22] causing search overtime: "CCS_PID_73"
 9:32:17.221 [StateMachine]: Player Penguin (dpnid 70104442 uid ) Entering WaitAuthPlayerLoginState
 9:32:17.398 [CE][LootRespawner] (PRIDummy) :: Item [23] causing search overtime: "CCS_Hashima_Clothing_Firefighter_Jacket_Black"
 9:32:18.498 [CE][LootRespawner] (PRIDummy) :: Item [12] is hard to place, performance drops: "FOG_ButtonUp_Clouds"
 9:32:19.845 Player Penguin (id=R5KkZb3Ywicboa8ntCzbBJK6WLpakj_6yA-ghmDo4lw=) has connected.
 9:32:19.845 Player "Penguin"(steamID=76561198413928129) is connected
 9:32:19.845 [StateMachine]: Player Penguin (dpnid 70104442 uid ) Entering WaitPlayerAssignedLoginState
 9:32:20.476 [StateMachine]: Player Penguin (dpnid 70104442 uid ) Entering PlayerAssignedLoginState
 9:32:20.476 [StateMachine]: Player Penguin (dpnid 70104442 uid R5KkZb3Ywicboa8ntCzbBJK6WLpakj_6yA-ghmDo4lw=) Entering DBGetLoginTimeLoginState
 9:32:20.478 [StateMachine]: Player Penguin (dpnid 70104442 uid R5KkZb3Ywicboa8ntCzbBJK6WLpakj_6yA-ghmDo4lw=) Entering DBWaitLoginTimeLoginState
 9:32:25.478 [StateMachine]: Player Penguin (dpnid 70104442 uid R5KkZb3Ywicboa8ntCzbBJK6WLpakj_6yA-ghmDo4lw=) Entering DBGetCharacterLoginState
 9:32:25.479 [StateMachine]: Player Penguin (dpnid 70104442 uid R5KkZb3Ywicboa8ntCzbBJK6WLpakj_6yA-ghmDo4lw=) Entering CreateNetObjectsLoginState
 9:32:25.481 [StateMachine]: Player Penguin (dpnid 70104442 uid R5KkZb3Ywicboa8ntCzbBJK6WLpakj_6yA-ghmDo4lw=) Entering PreloadCamLoginState
 9:32:25.481 [StateMachine]: Player Penguin (dpnid 70104442 uid R5KkZb3Ywicboa8ntCzbBJK6WLpakj_6yA-ghmDo4lw=) Entering WaitPreloadCamLoginState
 9:32:44.213 [CE][LootRespawner] (PRIDummy) :: Item [24] causing search overtime: "CCS_PID_73"
 9:32:44.513 [CE][LootRespawner] (PRIDummy) :: Item [25] causing search overtime: "CCS_Hashima_Clothing_Firefighter_Jacket_Black"
 9:33:10.813 [CE][LootRespawner] (PRIDummy) :: Item [26] causing search overtime: "CCS_PID_73"
 9:33:10.912 [CE][LootRespawner] (PRIDummy) :: Item [13] is hard to place, performance drops: "FOG_Lerch_Boots_MCB"
 9:33:11.113 [CE][LootRespawner] (PRIDummy) :: Item [27] causing search overtime: "CCS_Hashima_Clothing_Firefighter_Jacket_Black"
 9:33:33.779 [StateMachine]: Player Penguin (dpnid 70104442 uid R5KkZb3Ywicboa8ntCzbBJK6WLpakj_6yA-ghmDo4lw=) Entering GetLoadedCharLoginState
 9:33:55.307 <LOAD EXISTING CHAR>:
    charID 1
    playerID 1
    dpnid 70104442
    uid R5KkZb3Ywicboa8ntCzbBJK6WLpakj_6yA-ghmDo4lw=
 9:33:59.393 [CE][LootRespawner] (PRIDummy) :: Item [14] is hard to place, performance drops: "FOG_Zypher_Boots_RG_NoSocks"
 9:33:59.492 [CE][LootRespawner] (PRIDummy) :: Item [28] causing search overtime: "CCS_PID_73"
 9:33:59.594 [CE][LootRespawner] (PRIDummy) :: Item [15] is hard to place, performance drops: "FOG_Pouch_Belly_CB"
 9:33:59.692 [CE][LootRespawner] (PRIDummy) :: Item [16] is hard to place, performance drops: "FOG_Pouch_Mag_Kangaroo_AOR2"
 9:33:59.692 [CE][LootRespawner] (PRIDummy) :: Item [17] is hard to place, performance drops: "FOG_Pouch_Mag_Kangaroo_AOR2"
 9:33:59.892 [CE][LootRespawner] (PRIDummy) :: Item [18] is hard to place, performance drops: "FOG_TV110T_MagPouches_Black"
 9:34:00.91 [CE][LootRespawner] (PRIDummy) :: Item [29] causing search overtime: "CCS_Hashima_Clothing_Firefighter_Jacket_Black"
 9:34:26.395 !!! [CE][Point] Removing 3029.842041, 2082.775635 from Land_Wreck_offroad02_aban1
 9:34:26.492 [CE][LootRespawner] (PRIDummy) :: Item [19] is hard to place, performance drops: "FOG_Panel_MapPackMed_Khk"
 9:34:26.794 [CE][LootRespawner] (PRIDummy) :: Item [30] causing search overtime: "CCS_PID_73"
 9:34:26.995 !!! [CE][Point] Removing 3034.203857, 2081.883545 from Land_Wreck_offroad02_aban1
 9:34:27.93 [CE][LootRespawner] (PRIDummy) :: Item [31] causing search overtime: "CCS_Hashima_Clothing_Firefighter_Jacket_Black"
 9:34:53.404 [CE][LootRespawner] (PRIDummy) :: Item [32] causing search overtime: "CCS_PID_73"
 9:34:53.704 [CE][LootRespawner] (PRIDummy) :: Item [33] causing search overtime: "CCS_Hashima_Clothing_Firefighter_Jacket_Black"
 9:34:54.503 [CE][LootRespawner] (PRIDummy) :: Item [20] is hard to place, performance drops: "FOG_L9Patagonia_MC"
 9:34:54.503 [CE][LootRespawner] (PRIDummy) :: Item [21] is hard to place, performance drops: "FOG_L9Patagonia_MC"
 9:35:20.109 [CE][LootRespawner] (PRIDummy) :: Item [22] is hard to place, performance drops: "Ki_Coupler"
 9:35:20.109 [CE][LootRespawner] (PRIDummy) :: Item [23] is hard to place, performance drops: "Ki_Coupler"
 9:35:20.110 [CE][LootRespawner] (PRIDummy) :: Item [24] is hard to place, performance drops: "Ki_Coupler"
 9:35:20.110 [CE][LootRespawner] (PRIDummy) :: Item [25] is hard to place, performance drops: "Ki_Coupler"
 9:35:20.907 [CE][LootRespawner] (PRIDummy) :: Item [34] causing search overtime: "CCS_PID_73"
 9:35:21.107 [CE][LootRespawner] (PRIDummy) :: Item [26] is hard to place, performance drops: "FOG_JPC_Panel_AOR1_Flag_US"
 9:35:21.208 [CE][LootRespawner] (PRIDummy) :: Item [35] causing search overtime: "CCS_Hashima_Clothing_Firefighter_Jacket_Black"
 9:35:47.18 [CE][LootRespawner] (PRIDummy) :: Item [27] is hard to place, performance drops: "Ki_Coupler"
 9:35:47.19 [CE][LootRespawner] (PRIDummy) :: Item [28] is hard to place, performance drops: "Ki_Coupler"
 9:35:47.19 [CE][LootRespawner] (PRIDummy) :: Item [29] is hard to place, performance drops: "Ki_Coupler"
 9:35:47.19 [CE][LootRespawner] (PRIDummy) :: Item [30] is hard to place, performance drops: "Ki_Coupler"
 9:35:47.21 [CE][LootRespawner] (PRIDummy) :: Item [31] is hard to place, performance drops: "Ki_Coupler"
 9:35:47.318 [CE][LootRespawner] (PRIDummy) :: Item [36] causing search overtime: "CCS_PID_73"
 9:35:47.619 [CE][LootRespawner] (PRIDummy) :: Item [37] causing search overtime: "CCS_Hashima_Clothing_Firefighter_Jacket_Black"
 9:35:48.418 [CE][LootRespawner] (PRIDummy) :: Item [32] is hard to place, performance drops: "FOG_Pants_Crye_G3_DNC"
 9:35:48.618 [CE][LootRespawner] (PRIDummy) :: Item [33] is hard to place, performance drops: "FOG_Vest_LBT6094_MC"
 9:36:14.332 [CE][LootRespawner] (PRIDummy) :: Item [38] causing search overtime: "CCS_PID_73"
 9:36:14.431 [CE][LootRespawner] (PRIDummy) :: Item [39] causing search overtime: "CCS_Hashima_Clothing_Firefighter_Jacket_Black"
 9:36:15.242 [CE][LootRespawner] (PRIDummy) :: Item [34] is hard to place, performance drops: "FOG_Pouch_Mag_Dope_MCAL"
 9:36:15.341 [CE][LootRespawner] (PRIDummy) :: Item [35] is hard to place, performance drops: "FOG_Hoodie_Jacket_Rolled_PERDL"
 9:36:15.541 [CE][LootRespawner] (PRIDummy) :: Item [36] is hard to place, performance drops: "FOG_Hooded_Cloak_RG"
 9:36:16.44 [CE][Links] found 0 total links between groups, of 1
 9:36:16.44 [CE][SpawnRandomLoot] (StaticAirplaneCrate_2) :: Type: StaticObj_Misc_SupplyBox2_DE, lootmin: 2, lootmax: 4, wanted: 2, deloot: 2, containermaxsum: 4
 9:36:16.47 [CE][Links] found 0 total links between groups, of 2
 9:36:16.47 [CE][SpawnRandomLoot] (StaticAirplaneCrate_2) :: Type: StaticObj_Misc_SupplyBox2_DE, lootmin: 2, lootmax: 4, wanted: 2, deloot: 2, containermaxsum: 4
 9:36:16.49 [CE][Links] found 0 total links between groups, of 3
 9:36:16.49 [CE][SpawnRandomLoot] (StaticAirplaneCrate_2) :: Type: StaticObj_Misc_SupplyBox2_DE, lootmin: 2, lootmax: 4, wanted: 3, deloot: 2, containermaxsum: 4
 9:36:16.52 [CE][Links] found 0 total links between groups, of 4
 9:36:16.52 [CE][SpawnRandomLoot] (StaticAirplaneCrate_2) :: Type: StaticObj_Misc_SupplyBox2_DE, lootmin: 2, lootmax: 4, wanted: 3, deloot: 2, containermaxsum: 4
 9:36:16.55 [CE][Links] found 0 total links between groups, of 5
 9:36:16.55 [CE][SpawnRandomLoot] (StaticAirplaneCrate_2) :: Type: StaticObj_Misc_SupplyBox3_DE, lootmin: 2, lootmax: 4, wanted: 2, deloot: 2, containermaxsum: 4
 9:36:16.58 [CE][Links] found 0 total links between groups, of 6
 9:36:16.58 [CE][SpawnRandomLoot] (StaticAirplaneCrate_2) :: Type: StaticObj_Misc_SupplyBox3_DE, lootmin: 2, lootmax: 4, wanted: 3, deloot: 2, containermaxsum: 4
 9:36:40.954 [CE][LootRespawner] (PRIDummy) :: Item [37] is hard to place, performance drops: "FOG_Tshirt_Black_Canoe"
 9:36:40.954 [CE][LootRespawner] (PRIDummy) :: Item [38] is hard to place, performance drops: "FOG_Tshirt_Black_Canoe"
 9:36:41.53 [CE][LootRespawner] (PRIDummy) :: Item [40] causing search overtime: "CCS_PID_73"
 9:36:41.153 [CE][LootRespawner] (PRIDummy) :: Item [39] is hard to place, performance drops: "FOG_Boonie_AOR2"
 9:36:41.153 [CE][LootRespawner] (PRIDummy) :: Item [40] is hard to place, performance drops: "FOG_Boonie_AOR2"
 9:36:41.254 [CE][LootRespawner] (PRIDummy) :: Item [41] causing search overtime: "CCS_Hashima_Clothing_Firefighter_Jacket_Black"
 9:36:42.353 [CE][LootRespawner] (PRIDummy) :: Item [41] is hard to place, performance drops: "FOG_Pouch_Belly_RG"
 9:36:42.553 [CE][LootRespawner] (PRIDummy) :: Item [42] is hard to place, performance drops: "FOG_Enhanced_PCU_DNC"
 9:36:44.757 [CE][Links] found 0 total links between groups, of 7
 9:36:44.757 [CE][SpawnRandomLoot] (StaticAirplaneCrate_2) :: Type: StaticObj_Misc_SupplyBox3_DE, lootmin: 2, lootmax: 4, wanted: 2, deloot: 2, containermaxsum: 4
 9:37:08.57 [CE][LootRespawner] (PRIDummy) :: Item [43] is hard to place, performance drops: "FOG_AVONM53_Black"
 9:37:08.259 [CE][LootRespawner] (PRIDummy) :: Item [42] causing search overtime: "CCS_PID_73"
 9:37:08.357 [CE][LootRespawner] (PRIDummy) :: Item [44] is hard to place, performance drops: "FOG_TV110T_FastMag_Tan"
 9:37:08.458 [CE][LootRespawner] (PRIDummy) :: Item [43] causing search overtime: "CCS_Hashima_Clothing_Firefighter_Jacket_Black"
 9:37:09.57 [CE][LootRespawner] (PRIDummy) :: Item [45] is hard to place, performance drops: "FOG_Vest_SSMK4_MC"
 9:37:34.959 [CE][LootRespawner] (PRIDummy) :: Item [44] causing search overtime: "CCS_PID_73"
 9:37:35.158 [CE][LootRespawner] (PRIDummy) :: Item [46] is hard to place, performance drops: "FOG_FastMT_RAC_RG"
 9:37:35.458 [CE][LootRespawner] (PRIDummy) :: Item [45] causing search overtime: "CCS_Hashima_Clothing_Firefighter_Jacket_Black"
 9:37:36.58 [CE][LootRespawner] (PRIDummy) :: Item [47] is hard to place, performance drops: "FOG_Vest_SSMK4_RG"
 9:37:36.58 [CE][LootRespawner] (PRIDummy) :: Item [48] is hard to place, performance drops: "FOG_Vest_SSMK4_RG"
 9:37:37.61 [CE][Links] found 0 total links between groups, of 8
 9:37:37.61 [CE][SpawnRandomLoot] (StaticAirplaneCrate_1) :: Type: StaticObj_Misc_SupplyBox1_DE, lootmin: 2, lootmax: 4, wanted: 3, deloot: 2, containermaxsum: 4
 9:37:37.69 [CE][Links] found 0 total links between groups, of 9
 9:37:37.69 [CE][SpawnRandomLoot] (StaticAirplaneCrate_1) :: Type: StaticObj_Misc_SupplyBox1_DE, lootmin: 2, lootmax: 4, wanted: 2, deloot: 2, containermaxsum: 4
 9:38:01.770 [CE][LootRespawner] (PRIDummy) :: Item [49] is hard to place, performance drops: "FOG_Pouch_Mag_Kangaroo_AOR1"
 9:38:02.70 [CE][LootRespawner] (PRIDummy) :: Item [50] is hard to place, performance drops: "FOG_TV110T_UtilityPouch_MC"
 9:38:02.70 [CE][LootRespawner] (PRIDummy) :: Item [51] is hard to place, performance drops: "FOG_TV110T_UtilityPouch_MC"
 9:38:02.171 [CE][LootRespawner] (PRIDummy) :: Item [46] causing search overtime: "CCS_PID_73"
 9:38:02.370 [CE][LootRespawner] (PRIDummy) :: Item [47] causing search overtime: "CCS_Hashima_Clothing_Firefighter_Jacket_Black"
 9:38:28.671 [CE][LootRespawner] (PRIDummy) :: Item [52] is hard to place, performance drops: "FOG_Vest_LVMBAV_RG"
 9:38:28.671 [CE][LootRespawner] (PRIDummy) :: Item [53] is hard to place, performance drops: "FOG_Vest_LVMBAV_RG"
 9:38:28.772 [CE][LootRespawner] (PRIDummy) :: Item [54] is hard to place, performance drops: "FOG_GunGloves_M81"
 9:38:28.871 [CE][LootRespawner] (PRIDummy) :: Item [55] is hard to place, performance drops: "FOG_Crye_G3_Shirt_KHK"
 9:38:28.972 [CE][LootRespawner] (PRIDummy) :: Item [56] is hard to place, performance drops: "FOG_Bag_Trizip_OD"
 9:38:29.71 [CE][LootRespawner] (PRIDummy) :: Item [48] causing search overtime: "CCS_PID_73"
 9:38:29.171 [CE][LootRespawner] (PRIDummy) :: Item [57] is hard to place, performance drops: "FOG_Crye_G3_Shirt_KBTGR"
 9:38:29.171 [CE][LootRespawner] (PRIDummy) :: Item [58] is hard to place, performance drops: "FOG_Crye_G3_Shirt_KBTGR"
 9:38:29.272 [CE][LootRespawner] (PRIDummy) :: Item [49] causing search overtime: "CCS_Hashima_Clothing_Firefighter_Jacket_Black"
 9:38:29.872 [CE][LootRespawner] (PRIDummy) :: Item [59] is hard to place, performance drops: "FOG_Vest_Osprey_MCT"
 9:38:37.796 [Disconnect]: Start script disconnect 70104442 (dbCharacterId 1 dbPlayerId 1) logoutTime 15
 9:38:52.798 [Disconnect]: Finish script disconnect 70104442 (R5KkZb3Ywicboa8ntCzbBJK6WLpakj_6yA-ghmDo4lw=)
 9:38:52.799 [Disconnect]: DisconnectPlayerFinish 70104442
 9:38:53.343 [Disconnect]: Remove player info 70104442
 9:38:53.345 [Disconnect]: Player destroy 70104442 
 9:38:55.874 [CE][LootRespawner] (PRIDummy) :: Item [60] is hard to place, performance drops: "FOG_Helmet_Exfil_RG"
 9:38:55.874 [CE][LootRespawner] (PRIDummy) :: Item [61] is hard to place, performance drops: "FOG_Helmet_Exfil_RG"
 9:38:55.975 [CE][LootRespawner] (PRIDummy) :: Item [50] causing search overtime: "CCS_PID_73"
 9:38:56.275 [CE][LootRespawner] (PRIDummy) :: Item [51] causing search overtime: "CCS_Hashima_Clothing_Firefighter_Jacket_Black"
 9:38:56.779 [CE][LootRespawner] (PRIDummy) :: Item [62] is hard to place, performance drops: "FOG_Pouch_Mag_AVS_AOR2"
 9:38:56.779 [CE][LootRespawner] (PRIDummy) :: Item [63] is hard to place, performance drops: "FOG_Pouch_Mag_AVS_AOR2"
 9:39:02.291  --- Termination successfully completed --- 
