=====================================================================
== G:\SteamLibrary\steamapps\common\DayZServer\DayZServer_x64.exe
== G:\SteamLibrary\steamapps\common\DayZServer\DayZServer_x64.exe -config=serverDZ.cfg "-mod=@Dabs Framework;@DayZ-Expansion-AI;@DayZ-Expansion-Core;@DayZ-Expansion-Licensed;@DayZ-Expansion-BaseBuilding;@Hashima Islands;@AICFireplaceIndoor;@AimSounds;@AmmoStacks;@Basic Ear Plugs;@Bed-Respawning;@Better Medical Pouch;@BetterSuppressors;@CF;@Building Fortifications;@CarVanillaPlus;@CaseBag;@Code Lock;@Combinable RepairKits;@Coupled Mag Vanilla;@Forward Operator Gear;@InediaInfectedAI;@Inventory Move Sounds;@InventoryInCar;@JunkYardDog;@Loot Barrel Transfer;@MagazineLoading;@metabolism;@MountsSights;@Nomadbackpack;@PvZmoD_Spawn_System;@RaG_BaseItems;@RaG_Immersive_Vehicles;@Saline Bag;@StaminaRevised;@Usefull Vanila Tents;@VPPAdminTools;@SearchInventory;@BigWheelZ;@Hashima Islands Assets;" -profiles=profiles "-servermod=@DayZ-Dynamic-AI-Addon;@SpawnerBubaku;"
=====================================================================
Exe timestamp: 2025/01/28 02:52:30
Current time:  2025/02/19 14:47:35
Version 1.26.159040
=====================================================================

14:47:35.994 [Inputs] Loading inputs default "bin/constants.xml"
14:47:36.08 [Inputs] Loading inputs default "bin/specific.xml"
14:47:36.08 [Inputs] Loading inputs default "EarPlugs\data\inputs.xml"
14:47:36.08 [Inputs] Loading inputs default "InventoryMoveSounds/Scripts/Data/Inputs.xml"
14:47:36.08 [Inputs] Loading inputs default "LIVEN/PvZmoD_Spawn_System/inputs.xml"
14:47:36.09 [Inputs] Loading inputs default "SearchInventory/Scripts/Data/inputs.xml"
14:47:36.09 [Inputs] Loading inputs default "VPPAdminTools/data/modded_Inputs.xml"
14:47:36.09 [Inputs] Loading inputs default "FOG_MOD/Scripts/Data/inputs.xml"
14:47:36.09 [Inputs] Loading inputs default "rag/rag_immersive_vehicles/scripts/4_world/rag_immersive_vehicles/actions/inputs/inputs.xml"
14:47:36.09 [Inputs] Loading inputs default "DayZExpansion/AI/Scripts/inputs.xml"
14:47:36.10 [Inputs] Loading inputs default "DayZExpansion/BaseBuilding/Scripts/Data/Inputs.xml"
14:47:36.10 [Inputs] Loading inputs cfg "profiles\Users\Survivor\Server.core.xml"
14:47:36.10 !!! [Inputs] Cannot read inputs cfg "profiles\Users\Survivor\Server.core.xml", parser error
14:47:36.10 [Inputs] Loading inputs cfg "bin/core.xml"
14:47:36.10 !!! [Inputs] Cannot load input preset "#STR_USER", file does not exist
14:47:36.11 [Inputs] Exporting inputs cfg "profiles\Users\Survivor\Server.core.xml"
14:47:49.701 Hostname of server: "Project: Genesis"
14:47:56.730 [CE][Hive] :: Initializing OFFLINE
14:47:56.730 [StorageDirs] :: Selected storage directory: G:\SteamLibrary\steamapps\common\DayZServer\mpmissions\main.hashima\storage_1\
14:47:56.730 [CE][Hive] :: Loading core data ... 
14:47:56.743 [CE][CoreData] :: 6 root classes, 18 defaults, 0 updaters...
14:48:07.527 [CE] :: WARNING :: Preset map "needle1" is EMPTY.
14:48:07.527 [CE][TypeSetup] :: 0 classes setuped...
14:48:07.538 [CE] :: WARNING :: Preset map "needle1" is EMPTY.
14:48:07.538 [CE][TypeSetup] :: 1 classes setuped...
14:48:07.542 [CE] :: WARNING :: Preset map "needle1" is EMPTY.
14:48:07.542 [CE][TypeSetup] :: 19 classes setuped...
14:48:07.559 [CE] :: WARNING :: Preset map "needle1" is EMPTY.
14:48:07.559 [CE][TypeSetup] :: 47 classes setuped...
14:48:07.571 [CE] :: WARNING :: Preset map "needle1" is EMPTY.
14:48:07.572 [CE][TypeSetup] :: 2 classes setuped...
14:48:07.573 [CE] :: WARNING :: Preset map "needle1" is EMPTY.
14:48:07.573 [CE][TypeSetup] :: 9 classes setuped...
14:48:07.575 [CE] :: WARNING :: Preset map "needle1" is EMPTY.
14:48:07.575 [CE][TypeSetup] :: 2 classes setuped...
14:48:07.591 [CE] :: WARNING :: Preset map "needle1" is EMPTY.
14:48:07.592 [CE][TypeSetup] :: 148 classes setuped...
14:48:07.611 [CE] :: WARNING :: Preset map "needle1" is EMPTY.
14:48:07.611 [CE][TypeSetup] :: 21 classes setuped...
14:48:07.626 [CE] :: WARNING :: Preset map "needle1" is EMPTY.
14:48:07.627 [CE][TypeSetup] :: 174 classes setuped...
14:48:07.638 [CE] :: WARNING :: Preset map "needle1" is EMPTY.
14:48:07.639 [CE][TypeSetup] :: 19 classes setuped...
14:48:07.655 [CE] :: WARNING :: Preset map "needle1" is EMPTY.
14:48:07.656 [CE][TypeSetup] :: 47 classes setuped...
14:48:07.679 [CE] :: WARNING :: Preset map "needle1" is EMPTY.
14:48:07.680 [CE][TypeSetup] :: 124 classes setuped...
14:48:09.293 [CE][RegisterBind] :: 0 classes binded...
14:48:09.293 [CE][RegisterConfig] :: 15259 config classes registered, 0 sub-counters...
14:48:09.293 [CE][Hive] :: Loading map data ... 
14:48:09.293 [CE][IgnoreList] "cfgignorelist.xml" :: loaded 0 types
14:48:09.365 [CE][LoadPrototype] :: loaded 424 prototypes
14:48:09.365   765 containers, 10780 points
14:48:09.365   84 dispatches, 327 proxies
14:48:09.365 !!! [CE][LoadPrototype] 2 groups have no points...
14:48:09.365 !!! [CE][LoadPrototype] 1 groups have wrong points...
14:48:09.365 [CE][LoadPrototype] :: last group name: Wreck_SantasSleigh...
14:48:09.388 [CE][LoadPrototype] :: loaded 0 prototypes
14:48:09.388   55 containers, 232 points
14:48:09.388   0 dispatches, 0 proxies
14:48:09.388 [CE][LoadPrototype] :: last group name: Stones...
14:48:10.586 [CE][LoadMap] "Group" :: loaded 2171 groups, groups failed: 0, largest group range: 34.0
14:48:10.587 [CE][LoadMap] "Dirt" :: loaded 0 groups, groups failed: 0, largest group range: 34.0
14:48:10.596 [CE][Links] found 1134 total links between groups, of 2171
14:48:10.596 [CE][LoadClusters] "Cluster" :: Loading files...
14:48:10.620 [CE][LoadClusters] :: file: "mapgroupcluster.xml", 4 types, 9025 instances
14:48:10.640 [CE][Storage] ver:21 stamp:3, valid:yes, name:"G:\SteamLibrary\steamapps\common\DayZServer\mpmissions\main.hashima\storage_1\data\types.bin"
14:48:10.648 [CE][Storage] ver:21 stamp:1, valid:yes, name:"G:\SteamLibrary\steamapps\common\DayZServer\mpmissions\main.hashima\storage_1\data\types.001"
14:48:10.662 [CE][Storage] ver:21 stamp:2, valid:yes, name:"G:\SteamLibrary\steamapps\common\DayZServer\mpmissions\main.hashima\storage_1\data\types.002"
14:48:10.662 [CE][Storage] Restoring file "G:\SteamLibrary\steamapps\common\DayZServer\mpmissions\main.hashima\storage_1\data\types.bin".
14:48:10.875 !!! [CE][offlineDB] :: No Shutdown message present.
14:48:10.876 [CE][offlineDB] :: Loaded 0 dynamic events 0 total types.
14:48:10.876 [CE][offlineDB] :: Loaded 0 dynamic events 0 total types.
14:48:10.895 [CE][offlineDB] :: Loaded 19 dynamic events 284 total types.
14:48:10.913 [CE][offlineDB] :: Loaded 25 dynamic events 295 total types.
14:48:10.914 [CE][offlineDB] :: Loaded 36 dynamic events 309 total types.
14:48:11.114 !!! [CE] :: Unknown usage: 'Tier4'.
14:48:11.114 !!! [CE] :: Unknown usage: 'Tier4'.
14:48:11.114 !!! [CE] :: Unknown usage: 'Tier4'.
14:48:11.114 !!! [CE] :: Unknown usage: 'Tier4'.
14:48:11.114 !!! [CE] :: Unknown usage: 'Tier4'.
14:48:11.114 !!! [CE] :: Unknown usage: 'Tier4'.
14:48:11.114 !!! [CE] :: Unknown usage: 'Tier4'.
14:48:11.114 !!! [CE] :: Unknown usage: 'Tier4'.
14:48:11.114 !!! [CE] :: Unknown usage: 'Tier4'.
14:48:11.114 !!! [CE] :: Unknown usage: 'Tier4'.
14:48:11.114 !!! [CE] :: Unknown usage: 'Tier4'.
14:48:11.114 !!! [CE] :: Unknown usage: 'Tier4'.
14:48:11.114 !!! [CE] :: Unknown usage: 'Tier4'.
14:48:11.114 !!! [CE] :: Unknown usage: 'Tier4'.
14:48:11.114 !!! [CE] :: Unknown usage: 'Tier4'.
14:48:11.114 !!! [CE] :: Unknown usage: 'Tier4'.
14:48:11.114 !!! [CE] :: Unknown usage: 'Tier4'.
14:48:11.114 !!! [CE] :: Unknown usage: 'Tier4'.
14:48:11.114 !!! [CE] :: Unknown usage: 'Tier4'.
14:48:11.114 !!! [CE] :: Unknown usage: 'Tier4'.
14:48:11.114 !!! [CE] :: Unknown usage: 'Tier4'.
14:48:11.114 !!! [CE] :: Unknown usage: 'Tier4'.
14:48:11.114 !!! [CE] :: Unknown usage: 'Tier4'.
14:48:11.114 !!! [CE] :: Unknown usage: 'Tier4'.
14:48:11.114 !!! [CE] :: Unknown usage: 'Tier4'.
14:48:11.114 !!! [CE] :: Unknown usage: 'Tier4'.
14:48:11.114 !!! [CE] :: Unknown usage: 'Tier4'.
14:48:11.114 !!! [CE] :: Unknown usage: 'Tier4'.
14:48:11.114 !!! [CE] :: Unknown usage: 'Tier4'.
14:48:11.114 !!! [CE] :: Unknown usage: 'Tier4'.
14:48:11.114 !!! [CE] :: Unknown usage: 'Tier4'.
14:48:11.114 !!! [CE] :: Unknown usage: 'Tier4'.
14:48:11.115 !!! [CE] :: Unknown usage: 'Tier4'.
14:48:11.115 !!! [CE] :: Unknown usage: 'Tier4'.
14:48:11.115 !!! [CE] :: Unknown usage: 'Tier4'.
14:48:11.115 !!! [CE] :: Unknown usage: 'Tier4'.
14:48:11.115 !!! [CE] :: Unknown usage: 'Tier4'.
14:48:11.115 !!! [CE] :: Unknown usage: 'Tier4'.
14:48:11.115 !!! [CE] :: Unknown usage: 'Tier4'.
14:48:11.115 !!! [CE] :: Unknown usage: 'Tier4'.
14:48:11.115 !!! [CE] :: Unknown usage: 'Tier4'.
14:48:11.115 !!! [CE] :: Unknown usage: 'Tier4'.
14:48:11.115 !!! [CE] :: Unknown usage: 'Tier4'.
14:48:11.115 !!! [CE] :: Unknown usage: 'Tier4'.
14:48:11.115 !!! [CE] :: Unknown usage: 'Tier4'.
14:48:11.115 !!! [CE] :: Unknown usage: 'Tier4'.
14:48:11.115 !!! [CE] :: Unknown usage: 'Tier4'.
14:48:11.115 !!! [CE] :: Unknown usage: 'Tier4'.
14:48:11.199 !!! [CE][offlineDB] :: Type 'rag_baseitems_spaycan_paint' will be ignored. (Type does not exist. (Typo?))
14:48:11.199 !!! [CE][offlineDB] :: Type 'rag_baseitems_spaycan_white' will be ignored. (Type does not exist. (Typo?))
14:48:11.199 !!! [CE][offlineDB] :: Type 'rag_cabin_kit' will be ignored. (Type does not exist. (Typo?))
14:48:11.199 !!! [CE][offlineDB] :: Type 'rag_cabin' will be ignored. (Type does not exist. (Typo?))
14:48:11.199 !!! [CE][offlineDB] :: Type 'rag_cabin_water_pump' will be ignored. (Type does not exist. (Typo?))
14:48:11.234 [CE][DE][SPAWNS] :: Total positions: 28
14:48:11.234 [CE][DE][GROUPS] :: Total eventgroups defined: 0, Eventgroups in use: 0
14:48:11.249 [CE][Storage] ver:25 stamp:3, valid:yes, name:"G:\SteamLibrary\steamapps\common\DayZServer\mpmissions\main.hashima\storage_1\data\events.bin"
14:48:11.258 [CE][Storage] ver:25 stamp:1, valid:yes, name:"G:\SteamLibrary\steamapps\common\DayZServer\mpmissions\main.hashima\storage_1\data\events.001"
14:48:11.259 [CE][Storage] ver:25 stamp:2, valid:yes, name:"G:\SteamLibrary\steamapps\common\DayZServer\mpmissions\main.hashima\storage_1\data\events.002"
14:48:11.259 [CE][Storage] Restoring file "G:\SteamLibrary\steamapps\common\DayZServer\mpmissions\main.hashima\storage_1\data\events.bin".
14:48:11.259 [CE][DynamicEvent] Load  Events:[36] Primary spawners: 36 Secondary spawners: 1
14:48:11.268 [CE][Storage] ver:25 stamp:3, valid:yes, name:"G:\SteamLibrary\steamapps\common\DayZServer\mpmissions\main.hashima\storage_1\data\dynamic_000.bin"
14:48:11.269 [CE][Storage] ver:25 stamp:1, valid:yes, name:"G:\SteamLibrary\steamapps\common\DayZServer\mpmissions\main.hashima\storage_1\data\dynamic_000.001"
14:48:11.270 [CE][Storage] ver:25 stamp:2, valid:yes, name:"G:\SteamLibrary\steamapps\common\DayZServer\mpmissions\main.hashima\storage_1\data\dynamic_000.002"
14:48:11.270 [CE][Storage] Restoring file "G:\SteamLibrary\steamapps\common\DayZServer\mpmissions\main.hashima\storage_1\data\dynamic_000.bin" 494 items.
14:48:13.698   494 items loaded. (0 failed)
14:48:13.709 [CE][Storage] ver:25 stamp:3, valid:yes, name:"G:\SteamLibrary\steamapps\common\DayZServer\mpmissions\main.hashima\storage_1\data\dynamic_001.bin"
14:48:13.714 [CE][Storage] ver:25 stamp:1, valid:yes, name:"G:\SteamLibrary\steamapps\common\DayZServer\mpmissions\main.hashima\storage_1\data\dynamic_001.001"
14:48:13.723 [CE][Storage] ver:25 stamp:2, valid:yes, name:"G:\SteamLibrary\steamapps\common\DayZServer\mpmissions\main.hashima\storage_1\data\dynamic_001.002"
14:48:13.723 [CE][Storage] Restoring file "G:\SteamLibrary\steamapps\common\DayZServer\mpmissions\main.hashima\storage_1\data\dynamic_001.bin" 1688 items.
14:48:15.401   1688 items loaded. (0 failed)
14:48:15.416 [CE][Storage] ver:25 stamp:3, valid:yes, name:"G:\SteamLibrary\steamapps\common\DayZServer\mpmissions\main.hashima\storage_1\data\dynamic_002.bin"
14:48:15.424 [CE][Storage] ver:25 stamp:1, valid:yes, name:"G:\SteamLibrary\steamapps\common\DayZServer\mpmissions\main.hashima\storage_1\data\dynamic_002.001"
14:48:15.437 [CE][Storage] ver:25 stamp:2, valid:yes, name:"G:\SteamLibrary\steamapps\common\DayZServer\mpmissions\main.hashima\storage_1\data\dynamic_002.002"
14:48:15.437 [CE][Storage] Restoring file "G:\SteamLibrary\steamapps\common\DayZServer\mpmissions\main.hashima\storage_1\data\dynamic_002.bin" 976 items.
14:48:16.147   976 items loaded. (0 failed)
14:48:16.185 [CE][Storage] ver:25 stamp:3, valid:yes, name:"G:\SteamLibrary\steamapps\common\DayZServer\mpmissions\main.hashima\storage_1\data\dynamic_003.bin"
14:48:16.197 [CE][Storage] ver:25 stamp:1, valid:yes, name:"G:\SteamLibrary\steamapps\common\DayZServer\mpmissions\main.hashima\storage_1\data\dynamic_003.001"
14:48:16.210 [CE][Storage] ver:25 stamp:2, valid:yes, name:"G:\SteamLibrary\steamapps\common\DayZServer\mpmissions\main.hashima\storage_1\data\dynamic_003.002"
14:48:16.210 [CE][Storage] Restoring file "G:\SteamLibrary\steamapps\common\DayZServer\mpmissions\main.hashima\storage_1\data\dynamic_003.bin" 798 items.
14:48:16.582   798 items loaded. (0 failed)
14:48:16.582 [CE][Storage] ver:25 stamp:3, valid:yes, name:"G:\SteamLibrary\steamapps\common\DayZServer\mpmissions\main.hashima\storage_1\data\dynamic_004.bin"
14:48:16.595 [CE][Storage] ver:25 stamp:1, valid:yes, name:"G:\SteamLibrary\steamapps\common\DayZServer\mpmissions\main.hashima\storage_1\data\dynamic_004.001"
14:48:16.616 [CE][Storage] ver:25 stamp:2, valid:yes, name:"G:\SteamLibrary\steamapps\common\DayZServer\mpmissions\main.hashima\storage_1\data\dynamic_004.002"
14:48:16.616 [CE][Storage] Restoring file "G:\SteamLibrary\steamapps\common\DayZServer\mpmissions\main.hashima\storage_1\data\dynamic_004.bin" 647 items.
14:48:16.901   647 items loaded. (0 failed)
14:48:16.902 [CE][Storage] ver:25 stamp:3, valid:yes, name:"G:\SteamLibrary\steamapps\common\DayZServer\mpmissions\main.hashima\storage_1\data\dynamic_005.bin"
14:48:16.915 [CE][Storage] ver:25 stamp:1, valid:yes, name:"G:\SteamLibrary\steamapps\common\DayZServer\mpmissions\main.hashima\storage_1\data\dynamic_005.001"
14:48:16.931 [CE][Storage] ver:25 stamp:2, valid:yes, name:"G:\SteamLibrary\steamapps\common\DayZServer\mpmissions\main.hashima\storage_1\data\dynamic_005.002"
14:48:16.931 [CE][Storage] Restoring file "G:\SteamLibrary\steamapps\common\DayZServer\mpmissions\main.hashima\storage_1\data\dynamic_005.bin" 691 items.
14:48:17.243   691 items loaded. (0 failed)
14:48:17.243 [CE][Storage] ver:25 stamp:3, valid:yes, name:"G:\SteamLibrary\steamapps\common\DayZServer\mpmissions\main.hashima\storage_1\data\dynamic_006.bin"
14:48:17.264 [CE][Storage] ver:25 stamp:1, valid:yes, name:"G:\SteamLibrary\steamapps\common\DayZServer\mpmissions\main.hashima\storage_1\data\dynamic_006.001"
14:48:17.271 [CE][Storage] ver:25 stamp:2, valid:yes, name:"G:\SteamLibrary\steamapps\common\DayZServer\mpmissions\main.hashima\storage_1\data\dynamic_006.002"
14:48:17.271 [CE][Storage] Restoring file "G:\SteamLibrary\steamapps\common\DayZServer\mpmissions\main.hashima\storage_1\data\dynamic_006.bin" 363 items.
14:48:17.431   363 items loaded. (0 failed)
14:48:17.431 [CE][Storage] ver:25 stamp:3, valid:yes, name:"G:\SteamLibrary\steamapps\common\DayZServer\mpmissions\main.hashima\storage_1\data\dynamic_007.bin"
14:48:17.432 [CE][Storage] ver:25 stamp:1, valid:yes, name:"G:\SteamLibrary\steamapps\common\DayZServer\mpmissions\main.hashima\storage_1\data\dynamic_007.001"
14:48:17.438 [CE][Storage] ver:25 stamp:2, valid:yes, name:"G:\SteamLibrary\steamapps\common\DayZServer\mpmissions\main.hashima\storage_1\data\dynamic_007.002"
14:48:17.438 [CE][Storage] Restoring file "G:\SteamLibrary\steamapps\common\DayZServer\mpmissions\main.hashima\storage_1\data\dynamic_007.bin" 552 items.
14:48:17.676   552 items loaded. (0 failed)
14:48:17.676 [CE][Storage] ver:25 stamp:3, valid:yes, name:"G:\SteamLibrary\steamapps\common\DayZServer\mpmissions\main.hashima\storage_1\data\dynamic_008.bin"
14:48:17.680 [CE][Storage] ver:25 stamp:1, valid:yes, name:"G:\SteamLibrary\steamapps\common\DayZServer\mpmissions\main.hashima\storage_1\data\dynamic_008.001"
14:48:17.681 [CE][Storage] ver:25 stamp:2, valid:yes, name:"G:\SteamLibrary\steamapps\common\DayZServer\mpmissions\main.hashima\storage_1\data\dynamic_008.002"
14:48:17.681 [CE][Storage] Restoring file "G:\SteamLibrary\steamapps\common\DayZServer\mpmissions\main.hashima\storage_1\data\dynamic_008.bin" 1252 items.
14:48:18.197   1252 items loaded. (0 failed)
14:48:18.197 [CE][Storage] ver:25 stamp:3, valid:yes, name:"G:\SteamLibrary\steamapps\common\DayZServer\mpmissions\main.hashima\storage_1\data\dynamic_009.bin"
14:48:18.213 [CE][Storage] ver:25 stamp:1, valid:yes, name:"G:\SteamLibrary\steamapps\common\DayZServer\mpmissions\main.hashima\storage_1\data\dynamic_009.001"
14:48:18.214 [CE][Storage] ver:25 stamp:2, valid:yes, name:"G:\SteamLibrary\steamapps\common\DayZServer\mpmissions\main.hashima\storage_1\data\dynamic_009.002"
14:48:18.214 [CE][Storage] Restoring file "G:\SteamLibrary\steamapps\common\DayZServer\mpmissions\main.hashima\storage_1\data\dynamic_009.bin" 539 items.
14:48:18.450   539 items loaded. (0 failed)
14:48:18.465 [CE][Storage] ver:25 stamp:3, valid:yes, name:"G:\SteamLibrary\steamapps\common\DayZServer\mpmissions\main.hashima\storage_1\data\dynamic_010.bin"
14:48:18.470 [CE][Storage] ver:25 stamp:1, valid:yes, name:"G:\SteamLibrary\steamapps\common\DayZServer\mpmissions\main.hashima\storage_1\data\dynamic_010.001"
14:48:18.471 [CE][Storage] ver:25 stamp:2, valid:yes, name:"G:\SteamLibrary\steamapps\common\DayZServer\mpmissions\main.hashima\storage_1\data\dynamic_010.002"
14:48:18.471 [CE][Storage] Restoring file "G:\SteamLibrary\steamapps\common\DayZServer\mpmissions\main.hashima\storage_1\data\dynamic_010.bin" 80 items.
14:48:18.500   80 items loaded. (0 failed)
14:48:18.500 [CE][Storage] ver:25 stamp:3, valid:yes, name:"G:\SteamLibrary\steamapps\common\DayZServer\mpmissions\main.hashima\storage_1\data\dynamic_011.bin"
14:48:18.500 [CE][Storage] ver:25 stamp:1, valid:yes, name:"G:\SteamLibrary\steamapps\common\DayZServer\mpmissions\main.hashima\storage_1\data\dynamic_011.001"
14:48:18.500 [CE][Storage] ver:25 stamp:2, valid:yes, name:"G:\SteamLibrary\steamapps\common\DayZServer\mpmissions\main.hashima\storage_1\data\dynamic_011.002"
14:48:18.500 [CE][Storage] Restoring file "G:\SteamLibrary\steamapps\common\DayZServer\mpmissions\main.hashima\storage_1\data\dynamic_011.bin" 0 items.
14:48:18.500   0 items loaded. (0 failed)
14:48:18.501 [CE][Storage] ver:26 stamp:3, valid:yes, name:"G:\SteamLibrary\steamapps\common\DayZServer\mpmissions\main.hashima\storage_1\data\building.bin"
14:48:18.501 [CE][Storage] ver:26 stamp:1, valid:yes, name:"G:\SteamLibrary\steamapps\common\DayZServer\mpmissions\main.hashima\storage_1\data\building.001"
14:48:18.501 [CE][Storage] ver:26 stamp:2, valid:yes, name:"G:\SteamLibrary\steamapps\common\DayZServer\mpmissions\main.hashima\storage_1\data\building.002"
14:48:18.501 [CE][Storage] Restoring file "G:\SteamLibrary\steamapps\common\DayZServer\mpmissions\main.hashima\storage_1\data\building.bin" 0 items.
14:48:18.501   0 items loaded. (0 failed)
14:48:18.501 [CE][Storage] ver:25 stamp:3, valid:yes, name:"G:\SteamLibrary\steamapps\common\DayZServer\mpmissions\main.hashima\storage_1\data\vehicles.bin"
14:48:18.504 [CE][Storage] ver:25 stamp:1, valid:yes, name:"G:\SteamLibrary\steamapps\common\DayZServer\mpmissions\main.hashima\storage_1\data\vehicles.001"
14:48:18.504 [CE][Storage] ver:25 stamp:2, valid:yes, name:"G:\SteamLibrary\steamapps\common\DayZServer\mpmissions\main.hashima\storage_1\data\vehicles.002"
14:48:18.504 [CE][Storage] Restoring file "G:\SteamLibrary\steamapps\common\DayZServer\mpmissions\main.hashima\storage_1\data\vehicles.bin" 23 items.
14:48:18.793   23 items loaded. (0 failed)
14:48:18.884 [CE][Hive] :: Storage load took:7.63 seconds, recovery stamp:3
14:48:18.884   entity: 9362, building: 0
14:48:18.884   no lifetime: 28
14:48:18.884   pathgraph's: 92
14:48:18.884 [CE][Hive] :: Initializing ... 
14:48:18.900 [CE][InitializeMap] :: initialized: 0
14:48:18.900 [CE][Hive] :: Initializing spawners ... 
14:48:20.940 [CE][LootRespawner] (PRIDummy) :: Initially (re)spawned:0, Nominal:10032, Total in Map: 8105 at 0 (sec)
14:48:20.940   tests:0, repeats:0 fails:0, overtime:0
14:48:20.944 [CE][DynEvent] :: 36 types
14:48:20.944 [00] InfectedArmy
14:48:20.944   Primary Spawner: "Infected", active: yes, repeat: 1
14:48:20.944 [01] InfectedArmyHeavy
14:48:20.944   Primary Spawner: "Infected", active: yes, repeat: 1
14:48:20.944 [02] InfectedCity
14:48:20.944   Primary Spawner: "Infected", active: yes, repeat: 1
14:48:20.944 [03] InfectedCityTier1
14:48:20.944   Primary Spawner: "Infected", active: yes, repeat: 1
14:48:20.944 [04] InfectedCityTier2
14:48:20.944   Primary Spawner: "Infected", active: yes, repeat: 1
14:48:20.944 [05] InfectedCityTier3
14:48:20.944   Primary Spawner: "Infected", active: yes, repeat: 1
14:48:20.944 [06] InfectedFirefighter
14:48:20.944   Primary Spawner: "Infected", active: yes, repeat: 1
14:48:20.944 [07] InfectedIndustrial
14:48:20.944   Primary Spawner: "Infected", active: yes, repeat: 1
14:48:20.944 [08] InfectedMedic
14:48:20.944   Primary Spawner: "Infected", active: yes, repeat: 1
14:48:20.944 [09] InfectedNBCBlack
14:48:20.944   Primary Spawner: "Infected", active: yes, repeat: 1
14:48:20.944 [10] InfectedNBCGreen
14:48:20.944   Primary Spawner: "Infected", active: yes, repeat: 1
14:48:20.944 [11] InfectedNBCPurple
14:48:20.944   Primary Spawner: "Infected", active: yes, repeat: 1
14:48:20.944 [12] InfectedNBCRed
14:48:20.944   Primary Spawner: "Infected", active: yes, repeat: 1
14:48:20.944 [13] InfectedPolice
14:48:20.944   Primary Spawner: "Infected", active: yes, repeat: 1
14:48:20.944 [14] InfectedPrisoner
14:48:20.944   Primary Spawner: "Infected", active: yes, repeat: 1
14:48:20.944 [15] InfectedReligious
14:48:20.944   Primary Spawner: "Infected", active: yes, repeat: 1
14:48:20.944 [16] InfectedSolitude
14:48:20.944   Primary Spawner: "Infected", active: yes, repeat: 1
14:48:20.944 [17] InfectedVillage
14:48:20.944   Primary Spawner: "Infected", active: yes, repeat: 1
14:48:20.944 [18] InfectedVillageTier1
14:48:20.944   Primary Spawner: "Infected", active: yes, repeat: 1
14:48:20.944 [19] AnimalBear
14:48:20.944   Primary Spawner: "Animal", active: yes, repeat: 1
14:48:20.944 [20] AnimalHen
14:48:20.944   Primary Spawner: "Animal", active: yes, repeat: 1
14:48:20.944 [21] AnimalPig
14:48:20.944   Primary Spawner: "Animal", active: yes, repeat: 1
14:48:20.944 [22] AnimalRoeDeer
14:48:20.944   Primary Spawner: "Animal", active: yes, repeat: 1
14:48:20.944 [23] AnimalWildBoar
14:48:20.944   Primary Spawner: "Animal", active: yes, repeat: 1
14:48:20.944 [24] AnimalWolf
14:48:20.944   Primary Spawner: "Animal", active: yes, repeat: 1
14:48:20.944 [25] Loot
14:48:20.944   Primary Spawner: "Loot", active: yes, repeat: 2
14:48:20.944 [26] TrajectoryApple
14:48:20.944   Primary Spawner: "Trajectory", active: yes, repeat: 1
14:48:20.944 [27] TrajectoryConiferous
14:48:20.944   Primary Spawner: "Trajectory", active: yes, repeat: 1
14:48:20.944 [28] TrajectoryDeciduous
14:48:20.944   Primary Spawner: "Trajectory", active: yes, repeat: 1
14:48:20.944 [29] TrajectoryHumus
14:48:20.944   Primary Spawner: "Trajectory", active: yes, repeat: 1
14:48:20.944 [30] TrajectoryPear
14:48:20.944   Primary Spawner: "Trajectory", active: yes, repeat: 1
14:48:20.944 [31] TrajectoryPlum
14:48:20.944   Primary Spawner: "Trajectory", active: yes, repeat: 1
14:48:20.944 [32] TrajectoryStones
14:48:20.944   Primary Spawner: "Trajectory", active: yes, repeat: 1
14:48:20.944 [33] StaticAirplaneCrate_1
14:48:20.944   Primary Spawner: "Static", active: yes, repeat: 1
14:48:20.944 [34] StaticAirplaneCrate_2
14:48:20.944   Primary Spawner: "Static", active: yes, repeat: 1
14:48:20.944 [35] StaticHeliCrash
14:48:20.944   Primary Spawner: "Static", active: yes, repeat: 1
14:48:20.944   Secondary Spawner: "Infected", active: yes, repeat: 1
14:48:20.944 [CE][Hive] :: Initializing of spawners done.
14:48:20.947 [CE][Hive] :: Init sequence finished.
14:48:20.947 Player connect enabled
14:48:40.673 [CE][LootRespawner] (PRIDummy) :: Item [0] is hard to place, performance drops: "CCS_Hashima_Ammobox_9x19_Normal"
14:48:40.673 [CE][LootRespawner] (PRIDummy) :: Item [1] is hard to place, performance drops: "CCS_Hashima_Ammobox_9x19_Normal"
14:48:40.673 [CE][LootRespawner] (PRIDummy) :: Item [2] is hard to place, performance drops: "CCS_Hashima_Ammobox_9x19_Normal"
14:48:40.673 [CE][LootRespawner] (PRIDummy) :: Item [3] is hard to place, performance drops: "CCS_Hashima_Ammobox_9x19_Normal"
14:48:40.673 [CE][LootRespawner] (PRIDummy) :: Item [4] is hard to place, performance drops: "CCS_Hashima_Ammobox_9x19_Normal"
14:48:40.673 [CE][LootRespawner] (PRIDummy) :: Item [5] is hard to place, performance drops: "CCS_Hashima_Ammobox_9x19_Normal"
14:48:40.674 [CE][LootRespawner] (PRIDummy) :: Item [6] is hard to place, performance drops: "CCS_Hashima_Ammobox_9x19_Normal"
14:48:40.674 [CE][LootRespawner] (PRIDummy) :: Item [7] is hard to place, performance drops: "CCS_Hashima_Ammobox_9x19_Normal"
14:48:40.674 [CE][LootRespawner] (PRIDummy) :: Item [8] is hard to place, performance drops: "CCS_Hashima_Ammobox_9x19_Normal"
14:48:40.674 [CE][LootRespawner] (PRIDummy) :: Item [9] is hard to place, performance drops: "CCS_Hashima_Ammobox_9x19_Normal"
14:48:40.675 [CE][LootRespawner] (PRIDummy) :: Item [10] is hard to place, performance drops: "CCS_Hashima_Ammobox_9x19_Normal"
14:48:40.675 [CE][LootRespawner] (PRIDummy) :: Item [11] is hard to place, performance drops: "CCS_Hashima_Ammobox_9x19_Normal"
14:48:40.675 [CE][LootRespawner] (PRIDummy) :: Item [12] is hard to place, performance drops: "CCS_Hashima_Ammobox_9x19_Normal"
14:48:40.675 [CE][LootRespawner] (PRIDummy) :: Item [13] is hard to place, performance drops: "CCS_Hashima_Ammobox_9x19_Normal"
14:48:40.995 !!! [CE][Point] Removing 1971.393311, 2394.186279 from Land_Wreck_truck01_aban1_green
14:48:40.995 [CE][LootRespawner] (PRIDummy) :: Item [14] is hard to place, performance drops: "CCS_Hashima_Medical_Disinfectant_Alcohol"
14:48:40.996 !!! [CE][Point] Removing 1788.556274, 3328.023193 from Land_Wreck_truck01_aban2_orange
14:48:40.997 !!! [CE][Point] Removing 1823.244751, 3301.196533 from Land_Wreck_truck01_aban2_blue
14:48:41.373 [CE][LootRespawner] (PRIDummy) :: Item [15] is hard to place, performance drops: "CCS_Hashima_Tool_Megaphone"
14:48:41.374 [CE][LootRespawner] (PRIDummy) :: Item [16] is hard to place, performance drops: "CCS_Hashima_Tool_Megaphone"
14:48:41.572 [CE][LootRespawner] (PRIDummy) :: Item [17] is hard to place, performance drops: "CCS_Hashima_Ammobox_45_Normal"
14:48:41.573 [CE][LootRespawner] (PRIDummy) :: Item [18] is hard to place, performance drops: "CCS_Hashima_Ammobox_45_Normal"
14:48:41.573 [CE][LootRespawner] (PRIDummy) :: Item [19] is hard to place, performance drops: "CCS_Hashima_Ammobox_45_Normal"
14:48:41.573 [CE][LootRespawner] (PRIDummy) :: Item [20] is hard to place, performance drops: "CCS_Hashima_Ammobox_45_Normal"
14:48:41.573 [CE][LootRespawner] (PRIDummy) :: Item [21] is hard to place, performance drops: "CCS_Hashima_Ammobox_45_Normal"
14:48:41.573 [CE][LootRespawner] (PRIDummy) :: Item [22] is hard to place, performance drops: "CCS_Hashima_Ammobox_45_Normal"
14:48:41.573 [CE][LootRespawner] (PRIDummy) :: Item [23] is hard to place, performance drops: "CCS_Hashima_Ammobox_45_Normal"
14:48:41.573 [CE][LootRespawner] (PRIDummy) :: Item [24] is hard to place, performance drops: "CCS_Hashima_Ammobox_45_Normal"
14:48:41.573 [CE][LootRespawner] (PRIDummy) :: Item [25] is hard to place, performance drops: "CCS_Hashima_Ammobox_45_Normal"
14:48:41.573 [CE][LootRespawner] (PRIDummy) :: Item [26] is hard to place, performance drops: "CCS_Hashima_Ammobox_45_Normal"
14:48:41.573 [CE][LootRespawner] (PRIDummy) :: Item [27] is hard to place, performance drops: "CCS_Hashima_Ammobox_45_Normal"
14:48:41.573 [CE][LootRespawner] (PRIDummy) :: Item [28] is hard to place, performance drops: "CCS_Hashima_Ammobox_45_Normal"
14:48:41.574 [CE][LootRespawner] (PRIDummy) :: Item [29] is hard to place, performance drops: "CCS_Hashima_Ammobox_45_Normal"
14:48:41.574 [CE][LootRespawner] (PRIDummy) :: Item [30] is hard to place, performance drops: "CCS_Hashima_Ammobox_45_Normal"
14:48:41.574 [CE][LootRespawner] (PRIDummy) :: Item [31] is hard to place, performance drops: "CCS_Hashima_Ammobox_45_Normal"
14:48:41.574 [CE][LootRespawner] (PRIDummy) :: Item [32] is hard to place, performance drops: "CCS_Hashima_Ammobox_45_Normal"
14:48:41.574 [CE][LootRespawner] (PRIDummy) :: Item [33] is hard to place, performance drops: "CCS_Hashima_Ammobox_45_Normal"
14:48:41.574 [CE][LootRespawner] (PRIDummy) :: Item [34] is hard to place, performance drops: "CCS_Hashima_Ammobox_45_Normal"
14:48:41.574 [CE][LootRespawner] (PRIDummy) :: Item [35] is hard to place, performance drops: "CCS_Hashima_Ammobox_45_Normal"
14:48:41.774 [CE][LootRespawner] (PRIDummy) :: Item [36] is hard to place, performance drops: "CCS_Hashima_Tool_Protective_Case"
14:49:07.484 [CE][LootRespawner] (PRIDummy) :: Item [37] is hard to place, performance drops: "CCS_Hashima_Ammobox_380_Normal"
14:49:07.485 [CE][LootRespawner] (PRIDummy) :: Item [38] is hard to place, performance drops: "CCS_Hashima_Ammobox_380_Normal"
14:49:07.485 [CE][LootRespawner] (PRIDummy) :: Item [39] is hard to place, performance drops: "CCS_Hashima_Ammobox_380_Normal"
14:49:07.485 [CE][LootRespawner] (PRIDummy) :: Item [40] is hard to place, performance drops: "CCS_Hashima_Ammobox_380_Normal"
14:49:07.485 [CE][LootRespawner] (PRIDummy) :: Item [41] is hard to place, performance drops: "CCS_Hashima_Ammobox_380_Normal"
14:49:07.485 [CE][LootRespawner] (PRIDummy) :: Item [42] is hard to place, performance drops: "CCS_Hashima_Ammobox_380_Normal"
14:49:07.486 [CE][LootRespawner] (PRIDummy) :: Item [43] is hard to place, performance drops: "CCS_Hashima_Ammobox_380_Normal"
14:49:07.486 [CE][LootRespawner] (PRIDummy) :: Item [44] is hard to place, performance drops: "CCS_Hashima_Ammobox_380_Normal"
14:49:07.486 [CE][LootRespawner] (PRIDummy) :: Item [45] is hard to place, performance drops: "CCS_Hashima_Ammobox_380_Normal"
14:49:07.486 [CE][LootRespawner] (PRIDummy) :: Item [46] is hard to place, performance drops: "CCS_Hashima_Ammobox_380_Normal"
14:49:07.486 [CE][LootRespawner] (PRIDummy) :: Item [47] is hard to place, performance drops: "CCS_Hashima_Ammobox_380_Normal"
14:49:07.486 [CE][LootRespawner] (PRIDummy) :: Item [48] is hard to place, performance drops: "CCS_Hashima_Ammobox_380_Normal"
14:49:07.486 [CE][LootRespawner] (PRIDummy) :: Item [49] is hard to place, performance drops: "CCS_Hashima_Ammobox_380_Normal"
14:49:07.584 [CE][LootRespawner] (PRIDummy) :: Item [50] is hard to place, performance drops: "CCS_Hashima_Ammobox_545x39_Normal"
14:49:07.584 [CE][LootRespawner] (PRIDummy) :: Item [51] is hard to place, performance drops: "CCS_Hashima_Ammobox_545x39_Normal"
14:49:07.585 [CE][LootRespawner] (PRIDummy) :: Item [52] is hard to place, performance drops: "CCS_Hashima_Ammobox_545x39_Normal"
14:49:07.585 [CE][LootRespawner] (PRIDummy) :: Item [53] is hard to place, performance drops: "CCS_Hashima_Ammobox_545x39_Normal"
14:49:07.585 [CE][LootRespawner] (PRIDummy) :: Item [54] is hard to place, performance drops: "CCS_Hashima_Ammobox_545x39_Normal"
14:49:07.585 [CE][LootRespawner] (PRIDummy) :: Item [55] is hard to place, performance drops: "CCS_Hashima_Ammobox_545x39_Normal"
14:49:07.585 [CE][LootRespawner] (PRIDummy) :: Item [56] is hard to place, performance drops: "CCS_Hashima_Ammobox_545x39_Normal"
14:49:07.585 [CE][LootRespawner] (PRIDummy) :: Item [57] is hard to place, performance drops: "CCS_Hashima_Ammobox_545x39_Normal"
14:49:07.585 [CE][LootRespawner] (PRIDummy) :: Item [58] is hard to place, performance drops: "CCS_Hashima_Ammobox_545x39_Normal"
14:49:07.586 [CE][LootRespawner] (PRIDummy) :: Item [59] is hard to place, performance drops: "CCS_Hashima_Ammobox_545x39_Normal"
14:49:07.586 [CE][LootRespawner] (PRIDummy) :: Item [60] is hard to place, performance drops: "CCS_Hashima_Ammobox_545x39_Normal"
14:49:07.586 [CE][LootRespawner] (PRIDummy) :: Item [61] is hard to place, performance drops: "CCS_Hashima_Ammobox_545x39_Normal"
14:49:07.586 [CE][LootRespawner] (PRIDummy) :: Item [62] is hard to place, performance drops: "CCS_Hashima_Ammobox_545x39_Normal"
14:49:07.586 [CE][LootRespawner] (PRIDummy) :: Item [63] is hard to place, performance drops: "CCS_Hashima_Ammobox_545x39_Normal"
14:49:07.587 [CE][LootRespawner] (PRIDummy) :: Item [64] is hard to place, performance drops: "CCS_Hashima_Ammobox_545x39_Normal"
14:49:07.587 [CE][LootRespawner] (PRIDummy) :: Item [65] is hard to place, performance drops: "CCS_Hashima_Ammobox_545x39_Normal"
14:49:07.587 [CE][LootRespawner] (PRIDummy) :: Item [66] is hard to place, performance drops: "CCS_Hashima_Ammobox_545x39_Normal"
14:49:07.587 [CE][LootRespawner] (PRIDummy) :: Item [0] causing search overtime: "CCS_Hashima_Ammobox_545x39_Normal"
14:49:07.684 [CE][LootRespawner] (PRIDummy) :: Item [67] is hard to place, performance drops: "CCS_Hashima_Ammobox_762x39_Normal"
14:49:07.684 [CE][LootRespawner] (PRIDummy) :: Item [68] is hard to place, performance drops: "CCS_Hashima_Ammobox_762x39_Normal"
14:49:07.684 [CE][LootRespawner] (PRIDummy) :: Item [69] is hard to place, performance drops: "CCS_Hashima_Ammobox_762x39_Normal"
14:49:07.684 [CE][LootRespawner] (PRIDummy) :: Item [70] is hard to place, performance drops: "CCS_Hashima_Ammobox_762x39_Normal"
14:49:07.684 [CE][LootRespawner] (PRIDummy) :: Item [71] is hard to place, performance drops: "CCS_Hashima_Ammobox_762x39_Normal"
14:49:07.684 [CE][LootRespawner] (PRIDummy) :: Item [72] is hard to place, performance drops: "CCS_Hashima_Ammobox_762x39_Normal"
14:49:07.684 [CE][LootRespawner] (PRIDummy) :: Item [73] is hard to place, performance drops: "CCS_Hashima_Ammobox_762x39_Normal"
14:49:07.685 [CE][LootRespawner] (PRIDummy) :: Item [74] is hard to place, performance drops: "CCS_Hashima_Ammobox_762x39_Normal"
14:49:07.685 [CE][LootRespawner] (PRIDummy) :: Item [75] is hard to place, performance drops: "CCS_Hashima_Ammobox_762x39_Normal"
14:49:07.685 [CE][LootRespawner] (PRIDummy) :: Item [76] is hard to place, performance drops: "CCS_Hashima_Ammobox_762x39_Normal"
14:49:07.685 [CE][LootRespawner] (PRIDummy) :: Item [77] is hard to place, performance drops: "CCS_Hashima_Ammobox_762x39_Normal"
14:49:07.685 [CE][LootRespawner] (PRIDummy) :: Item [78] is hard to place, performance drops: "CCS_Hashima_Ammobox_762x39_Normal"
14:49:07.686 [CE][LootRespawner] (PRIDummy) :: Item [79] is hard to place, performance drops: "CCS_Hashima_Ammobox_762x39_Normal"
14:49:07.686 [CE][LootRespawner] (PRIDummy) :: Item [80] is hard to place, performance drops: "CCS_Hashima_Ammobox_762x39_Normal"
14:49:07.686 [CE][LootRespawner] (PRIDummy) :: Item [81] is hard to place, performance drops: "CCS_Hashima_Ammobox_762x39_Normal"
14:49:07.686 [CE][LootRespawner] (PRIDummy) :: Item [82] is hard to place, performance drops: "CCS_Hashima_Ammobox_762x39_Normal"
14:49:07.686 [CE][LootRespawner] (PRIDummy) :: Item [83] is hard to place, performance drops: "CCS_Hashima_Ammobox_762x39_Normal"
14:49:07.686 [CE][LootRespawner] (PRIDummy) :: Item [1] causing search overtime: "CCS_Hashima_Ammobox_762x39_Normal"
14:49:08.384 [CE][LootRespawner] (PRIDummy) :: Item [84] is hard to place, performance drops: "CCS_Hashima_Ammobox_556x45_Normal"
14:49:08.384 [CE][LootRespawner] (PRIDummy) :: Item [85] is hard to place, performance drops: "CCS_Hashima_Ammobox_556x45_Normal"
14:49:08.384 [CE][LootRespawner] (PRIDummy) :: Item [86] is hard to place, performance drops: "CCS_Hashima_Ammobox_556x45_Normal"
14:49:08.384 [CE][LootRespawner] (PRIDummy) :: Item [87] is hard to place, performance drops: "CCS_Hashima_Ammobox_556x45_Normal"
14:49:08.384 [CE][LootRespawner] (PRIDummy) :: Item [88] is hard to place, performance drops: "CCS_Hashima_Ammobox_556x45_Normal"
14:49:08.385 [CE][LootRespawner] (PRIDummy) :: Item [89] is hard to place, performance drops: "CCS_Hashima_Ammobox_556x45_Normal"
14:49:08.385 [CE][LootRespawner] (PRIDummy) :: Item [90] is hard to place, performance drops: "CCS_Hashima_Ammobox_556x45_Normal"
14:49:08.385 [CE][LootRespawner] (PRIDummy) :: Item [91] is hard to place, performance drops: "CCS_Hashima_Ammobox_556x45_Normal"
14:49:08.385 [CE][LootRespawner] (PRIDummy) :: Item [92] is hard to place, performance drops: "CCS_Hashima_Ammobox_556x45_Normal"
14:49:08.385 [CE][LootRespawner] (PRIDummy) :: Item [93] is hard to place, performance drops: "CCS_Hashima_Ammobox_556x45_Normal"
14:49:08.385 [CE][LootRespawner] (PRIDummy) :: Item [94] is hard to place, performance drops: "CCS_Hashima_Ammobox_556x45_Normal"
14:49:08.385 [CE][LootRespawner] (PRIDummy) :: Item [95] is hard to place, performance drops: "CCS_Hashima_Ammobox_556x45_Normal"
14:49:08.385 [CE][LootRespawner] (PRIDummy) :: Item [96] is hard to place, performance drops: "CCS_Hashima_Ammobox_556x45_Normal"
14:49:08.385 [CE][LootRespawner] (PRIDummy) :: Item [97] is hard to place, performance drops: "CCS_Hashima_Ammobox_556x45_Normal"
14:49:08.385 [CE][LootRespawner] (PRIDummy) :: Item [98] is hard to place, performance drops: "CCS_Hashima_Ammobox_556x45_Normal"
14:49:08.385 [CE][LootRespawner] (PRIDummy) :: Item [99] is hard to place, performance drops: "CCS_Hashima_Ammobox_556x45_Normal"
14:49:08.386 [CE][LootRespawner] (PRIDummy) :: Item [100] is hard to place, performance drops: "CCS_Hashima_Ammobox_556x45_Normal"
14:49:08.386 [CE][LootRespawner] (PRIDummy) :: Item [101] is hard to place, performance drops: "CCS_Hashima_Ammobox_556x45_Normal"
14:49:08.386 [CE][LootRespawner] (PRIDummy) :: Item [2] causing search overtime: "CCS_Hashima_Ammobox_556x45_Normal"
14:49:08.685 [CE][LootRespawner] (PRIDummy) :: Item [102] is hard to place, performance drops: "CCS_Hashima_Tool_Weapon_Cleaning_Kit"
14:49:08.685 [CE][LootRespawner] (PRIDummy) :: Item [103] is hard to place, performance drops: "CCS_Hashima_Tool_Weapon_Cleaning_Kit"
14:49:08.685 [CE][LootRespawner] (PRIDummy) :: Item [104] is hard to place, performance drops: "CCS_Hashima_Tool_Weapon_Cleaning_Kit"
14:49:08.685 [CE][LootRespawner] (PRIDummy) :: Item [105] is hard to place, performance drops: "CCS_Hashima_Tool_Weapon_Cleaning_Kit"
14:49:08.685 [CE][LootRespawner] (PRIDummy) :: Item [106] is hard to place, performance drops: "CCS_Hashima_Tool_Weapon_Cleaning_Kit"
14:49:08.686 [CE][LootRespawner] (PRIDummy) :: Item [107] is hard to place, performance drops: "CCS_Hashima_Tool_Weapon_Cleaning_Kit"
14:49:08.686 [CE][LootRespawner] (PRIDummy) :: Item [108] is hard to place, performance drops: "CCS_Hashima_Tool_Weapon_Cleaning_Kit"
14:49:08.686 [CE][LootRespawner] (PRIDummy) :: Item [109] is hard to place, performance drops: "CCS_Hashima_Tool_Weapon_Cleaning_Kit"
14:49:08.686 [CE][LootRespawner] (PRIDummy) :: Item [110] is hard to place, performance drops: "CCS_Hashima_Tool_Weapon_Cleaning_Kit"
14:49:08.686 [CE][LootRespawner] (PRIDummy) :: Item [111] is hard to place, performance drops: "CCS_Hashima_Tool_Weapon_Cleaning_Kit"
14:49:08.686 [CE][LootRespawner] (PRIDummy) :: Item [112] is hard to place, performance drops: "CCS_Hashima_Tool_Weapon_Cleaning_Kit"
14:49:08.686 [CE][LootRespawner] (PRIDummy) :: Item [113] is hard to place, performance drops: "CCS_Hashima_Tool_Weapon_Cleaning_Kit"
14:49:08.686 [CE][LootRespawner] (PRIDummy) :: Item [114] is hard to place, performance drops: "CCS_Hashima_Tool_Weapon_Cleaning_Kit"
14:49:08.686 [CE][LootRespawner] (PRIDummy) :: Item [115] is hard to place, performance drops: "CCS_Hashima_Tool_Weapon_Cleaning_Kit"
14:49:08.884 [CE][LootRespawner] (PRIDummy) :: Item [116] is hard to place, performance drops: "CCS_Hashima_Ammobox_762x54_Normal"
14:49:08.884 [CE][LootRespawner] (PRIDummy) :: Item [117] is hard to place, performance drops: "CCS_Hashima_Ammobox_762x54_Normal"
14:49:08.884 [CE][LootRespawner] (PRIDummy) :: Item [118] is hard to place, performance drops: "CCS_Hashima_Ammobox_762x54_Normal"
14:49:08.884 [CE][LootRespawner] (PRIDummy) :: Item [119] is hard to place, performance drops: "CCS_Hashima_Ammobox_762x54_Normal"
14:49:08.887 [CE][LootRespawner] (PRIDummy) :: Item [120] is hard to place, performance drops: "CCS_Hashima_Ammobox_762x54_Normal"
14:49:35.169 [CE][LootRespawner] (PRIDummy) :: Item [121] is hard to place, performance drops: "CCS_Hashima_Tool_Jerrycan"
14:49:35.269 [CE][LootRespawner] (PRIDummy) :: Item [122] is hard to place, performance drops: "CCS_Hashima_Clothing_BaseballCap_Blue"
14:49:35.568 [CE][LootRespawner] (PRIDummy) :: Item [123] is hard to place, performance drops: "CCS_Hashima_Ammobox_9x39_Normal"
14:49:35.568 [CE][LootRespawner] (PRIDummy) :: Item [124] is hard to place, performance drops: "CCS_Hashima_Ammobox_9x39_Normal"
14:49:35.569 [CE][LootRespawner] (PRIDummy) :: Item [125] is hard to place, performance drops: "CCS_Hashima_Ammobox_9x39_Normal"
14:49:35.569 [CE][LootRespawner] (PRIDummy) :: Item [126] is hard to place, performance drops: "CCS_Hashima_Ammobox_9x39_Normal"
14:49:35.569 [CE][LootRespawner] (PRIDummy) :: Item [127] is hard to place, performance drops: "CCS_Hashima_Ammobox_9x39_Normal"
14:49:35.569 [CE][LootRespawner] (PRIDummy) :: Item [128] is hard to place, performance drops: "CCS_Hashima_Ammobox_9x39_Normal"
14:49:35.569 [CE][LootRespawner] (PRIDummy) :: Item [129] is hard to place, performance drops: "CCS_Hashima_Ammobox_9x39_Normal"
14:49:35.569 [CE][LootRespawner] (PRIDummy) :: Item [130] is hard to place, performance drops: "CCS_Hashima_Ammobox_9x39_Normal"
14:49:35.569 [CE][LootRespawner] (PRIDummy) :: Item [131] is hard to place, performance drops: "CCS_Hashima_Ammobox_9x39_Normal"
14:49:35.569 [CE][LootRespawner] (PRIDummy) :: Item [132] is hard to place, performance drops: "CCS_Hashima_Ammobox_9x39_Normal"
14:49:35.569 [CE][LootRespawner] (PRIDummy) :: Item [133] is hard to place, performance drops: "CCS_Hashima_Ammobox_9x39_Normal"
14:49:35.569 [CE][LootRespawner] (PRIDummy) :: Item [134] is hard to place, performance drops: "CCS_Hashima_Ammobox_9x39_Normal"
14:49:35.569 [CE][LootRespawner] (PRIDummy) :: Item [135] is hard to place, performance drops: "CCS_Hashima_Ammobox_9x39_Normal"
14:49:35.570 [CE][LootRespawner] (PRIDummy) :: Item [136] is hard to place, performance drops: "CCS_Hashima_Ammobox_9x39_Normal"
14:49:35.570 [CE][LootRespawner] (PRIDummy) :: Item [137] is hard to place, performance drops: "CCS_Hashima_Ammobox_9x39_Normal"
14:49:35.570 [CE][LootRespawner] (PRIDummy) :: Item [138] is hard to place, performance drops: "CCS_Hashima_Ammobox_9x39_Normal"
14:49:35.570 [CE][LootRespawner] (PRIDummy) :: Item [139] is hard to place, performance drops: "CCS_Hashima_Ammobox_9x39_Normal"
14:49:35.570 [CE][LootRespawner] (PRIDummy) :: Item [140] is hard to place, performance drops: "CCS_Hashima_Ammobox_9x39_Normal"
14:49:35.570 [CE][LootRespawner] (PRIDummy) :: Item [141] is hard to place, performance drops: "CCS_Hashima_Ammobox_9x39_Normal"
14:49:35.570 [CE][LootRespawner] (PRIDummy) :: Item [142] is hard to place, performance drops: "CCS_Hashima_Ammobox_9x39_Normal"
14:49:35.570 [CE][LootRespawner] (PRIDummy) :: Item [143] is hard to place, performance drops: "CCS_Hashima_Ammobox_9x39_Normal"
14:49:35.570 [CE][LootRespawner] (PRIDummy) :: Item [144] is hard to place, performance drops: "CCS_Hashima_Ammobox_9x39_Normal"
14:49:35.570 [CE][LootRespawner] (PRIDummy) :: Item [145] is hard to place, performance drops: "CCS_Hashima_Ammobox_9x39_Normal"
14:49:35.570 [CE][LootRespawner] (PRIDummy) :: Item [146] is hard to place, performance drops: "CCS_Hashima_Ammobox_9x39_Normal"
14:49:35.570 [CE][LootRespawner] (PRIDummy) :: Item [147] is hard to place, performance drops: "CCS_Hashima_Ammobox_9x39_Normal"
14:49:35.570 [CE][LootRespawner] (PRIDummy) :: Item [148] is hard to place, performance drops: "CCS_Hashima_Ammobox_9x39_Normal"
14:49:35.570 [CE][LootRespawner] (PRIDummy) :: Item [149] is hard to place, performance drops: "CCS_Hashima_Ammobox_9x39_Normal"
14:49:35.570 [CE][LootRespawner] (PRIDummy) :: Item [150] is hard to place, performance drops: "CCS_Hashima_Ammobox_9x39_Normal"
14:49:35.570 [CE][LootRespawner] (PRIDummy) :: Item [3] causing search overtime: "CCS_Hashima_Ammobox_9x39_Normal"
14:49:35.868 [CE][LootRespawner] (PRIDummy) :: Item [151] is hard to place, performance drops: "CCS_Hashima_Clothing_BaseballCap_Beige"
14:50:01.448 [CE][LootRespawner] (PRIDummy) :: Item [152] is hard to place, performance drops: "CCS_Hashima_Clothing_BoonieHat_NavyBlue"
14:50:01.449 [CE][LootRespawner] (PRIDummy) :: Item [153] is hard to place, performance drops: "CCS_Hashima_Clothing_BoonieHat_NavyBlue"
14:50:01.449 [CE][LootRespawner] (PRIDummy) :: Item [154] is hard to place, performance drops: "CCS_Hashima_Clothing_BoonieHat_NavyBlue"
14:50:01.548 [CE][LootRespawner] (PRIDummy) :: Item [155] is hard to place, performance drops: "CCS_Hashima_Clothing_BoonieHat_Flecktran"
14:50:01.647 [CE][LootRespawner] (PRIDummy) :: Item [156] is hard to place, performance drops: "CCS_Hashima_Clothing_BoonieHat_Blue"
14:50:02.247 [CE][LootRespawner] (PRIDummy) :: Item [157] is hard to place, performance drops: "CCS_Hashima_Clothing_Sneaker_Black"
14:50:02.645 [CE][LootRespawner] (PRIDummy) :: Item [158] is hard to place, performance drops: "CCS_Hashima_Clothing_BoonieHat_DPM"
14:50:02.647 [CE][LootRespawner] (PRIDummy) :: Item [159] is hard to place, performance drops: "CCS_Hashima_Clothing_BoonieHat_DPM"
14:50:02.746 [CE][LootRespawner] (PRIDummy) :: Item [160] is hard to place, performance drops: "CCS_Hashima_Clothing_BoonieHat_Olive"
14:50:02.847 !!! [CE][Point] Removing 1786.008545, 3325.296143 from Land_Wreck_truck01_aban2_orange
14:50:02.847 [CE][LootRespawner] (PRIDummy) :: Item [161] is hard to place, performance drops: "CCS_Hashima_Clothing_BoonieHat_Beige"
14:50:03.45 [CE][LootRespawner] (PRIDummy) :: Item [162] is hard to place, performance drops: "CCS_Hashima_Clothing_BoonieHat_Dubok"
14:50:03.146 [CE][LootRespawner] (PRIDummy) :: Item [163] is hard to place, performance drops: "CCS_Hashima_Clothing_BoonieHat_Orange"
14:50:03.146 [CE][LootRespawner] (PRIDummy) :: Item [164] is hard to place, performance drops: "CCS_Hashima_Clothing_BoonieHat_Orange"
14:50:03.147 [CE][LootRespawner] (PRIDummy) :: Item [165] is hard to place, performance drops: "CCS_Hashima_Clothing_BoonieHat_Orange"
14:50:03.246 [CE][LootRespawner] (PRIDummy) :: Item [166] is hard to place, performance drops: "CCS_Hashima_Clothing_BoonieHat_Black"
14:50:03.247 [CE][LootRespawner] (PRIDummy) :: Item [167] is hard to place, performance drops: "CCS_Hashima_Clothing_BoonieHat_Black"
14:50:03.247 [CE][LootRespawner] (PRIDummy) :: Item [168] is hard to place, performance drops: "CCS_Hashima_Clothing_BoonieHat_Black"
14:50:03.247 [CE][LootRespawner] (PRIDummy) :: Item [169] is hard to place, performance drops: "CCS_Hashima_Clothing_BoonieHat_Black"
14:50:03.247 [CE][LootRespawner] (PRIDummy) :: Item [170] is hard to place, performance drops: "CCS_Hashima_Clothing_BoonieHat_Black"
14:50:03.347 [CE][LootRespawner] (PRIDummy) :: Item [171] is hard to place, performance drops: "CCS_Hashima_Clothing_BoonieHat_Red"
14:50:03.347 [CE][LootRespawner] (PRIDummy) :: Item [172] is hard to place, performance drops: "CCS_Hashima_Clothing_BoonieHat_Red"
14:50:03.348 [CE][LootRespawner] (PRIDummy) :: Item [173] is hard to place, performance drops: "CCS_Hashima_Clothing_BoonieHat_Red"
14:50:03.348 [CE][LootRespawner] (PRIDummy) :: Item [174] is hard to place, performance drops: "CCS_Hashima_Clothing_BoonieHat_Red"
14:50:22.171  --- Termination successfully completed --- 
