=====================================================================
== G:\SteamLibrary\steamapps\common\DayZServer\DayZServer_x64.exe
== G:\SteamLibrary\steamapps\common\DayZServer\DayZServer_x64.exe -config=serverDZ.cfg "-mod=@Early Winter or Late Fall Livonia;@AICFireplaceIndoor;@AimSounds;@AmmoStacks;@Basic Ear Plugs;@Bed-Respawning;@Better Medical Pouch;@BetterSuppressors;@CF;@Building Fortifications;@CargoSorting;@CarVanillaPlus;@CaseBag;@Code Lock;@Combinable RepairKits;@Coupled Mag Vanilla;@Forward Operator Gear;@InediaInfectedAI;@Inventory Move Sounds;@InventoryInCar;@JunkYardDog;@Loot Barrel Transfer;@MagazineLoading;@metabolism;@MountsSights;@Nomadbackpack;@PvZmoD_Spawn_System;@RaG_BaseItems;@RaG_Immersive_Vehicles;@Saline Bag;@StaminaRevised;@Usefull Vanila Tents;@VPPAdminTools;@SearchInventory;@Dabs Framework;@DayZ-Dynamic-AI-Addon;@DayZ-Expansion-AI;@DayZ-Expansion-Core;@DayZ-Expansion-Licensed;@DayZ-Expansion-BaseBuilding;@pvez test" -profiles=profiles "-servermod=@Survivor Missions"
=====================================================================
Exe timestamp: 2025/01/28 02:52:30
Current time:  2025/02/10 04:23:17
Version 1.26.159040
=====================================================================

 4:23:17.89 [Inputs] Loading inputs default "bin/constants.xml"
 4:23:17.149 [Inputs] Loading inputs default "bin/specific.xml"
 4:23:17.150 [Inputs] Loading inputs default "EarPlugs\data\inputs.xml"
 4:23:17.150 [Inputs] Loading inputs default "InventoryMoveSounds/Scripts/Data/Inputs.xml"
 4:23:17.150 [Inputs] Loading inputs default "LIVEN/PvZmoD_Spawn_System/inputs.xml"
 4:23:17.151 [Inputs] Loading inputs default "PVEZ/data/inputs.xml"
 4:23:17.151 [Inputs] Loading inputs default "SearchInventory/Scripts/Data/inputs.xml"
 4:23:17.151 [Inputs] Loading inputs default "VPPAdminTools/data/modded_Inputs.xml"
 4:23:17.151 [Inputs] Loading inputs default "FOG_MOD/Scripts/Data/inputs.xml"
 4:23:17.151 [Inputs] Loading inputs default "rag/rag_immersive_vehicles/scripts/4_world/rag_immersive_vehicles/actions/inputs/inputs.xml"
 4:23:17.152 [Inputs] Loading inputs default "DayZExpansion/AI/Scripts/inputs.xml"
 4:23:17.152 [Inputs] Loading inputs default "DayZExpansion/BaseBuilding/Scripts/Data/Inputs.xml"
 4:23:17.152 [Inputs] Loading inputs cfg "profiles\Users\Survivor\Server.core.xml"
 4:23:17.152 !!! [Inputs] Cannot read inputs cfg "profiles\Users\Survivor\Server.core.xml", parser error
 4:23:17.152 [Inputs] Loading inputs cfg "bin/core.xml"
 4:23:17.152 !!! [Inputs] Cannot load input preset "#STR_USER", file does not exist
 4:23:17.153 [Inputs] Exporting inputs cfg "profiles\Users\Survivor\Server.core.xml"
 4:23:35.20 Hostname of server: "Project: Genesis"
 4:23:51.684 [CE][Hive] :: Initializing OFFLINE
 4:23:51.684 [StorageDirs] :: Selected storage directory: G:\SteamLibrary\steamapps\common\DayZServer\mpmissions\dayzOffline.enoch\storage_1\
 4:23:51.684 [CE][Hive] :: Loading core data ... 
 4:23:51.697 [CE][CoreData] :: 8 root classes, 19 defaults, 0 updaters...
 4:24:04.700 [CE] :: WARNING :: Preset map "needle1" is EMPTY.
 4:24:04.702 [CE][TypeSetup] :: 683 classes setuped...
 4:24:06.226 [CE][RegisterBind] :: 0 classes binded...
 4:24:06.226 [CE][RegisterConfig] :: 14342 config classes registered, 0 sub-counters...
 4:24:06.226 [CE][Hive] :: Loading map data ... 
 4:24:06.254 [CE][IgnoreList] "cfgignorelist.xml" :: loaded 17 types
 4:24:06.369 [CE][LoadPrototype] :: loaded 445 prototypes
 4:24:06.369   842 containers, 11094 points
 4:24:06.369   83 dispatches, 324 proxies
 4:24:06.369 !!! [CE][LoadPrototype] 4 groups have no points...
 4:24:06.369 !!! [CE][LoadPrototype] 1 groups have wrong points...
 4:24:06.369 [CE][LoadPrototype] :: last group name: StaticObj_Misc_SupplyBox3_DE...
 4:24:06.406 [CE][LoadPrototype] :: loaded 0 prototypes
 4:24:06.406   50 containers, 276 points
 4:24:06.406   0 dispatches, 0 proxies
 4:24:06.406 [CE][LoadPrototype] :: last group name: PathD_7100...
 4:24:07.255 [CE][LoadMap] "Group" :: loaded 5753 groups, groups failed: 0, largest group range: 26.6
 4:24:07.262 [CE][LoadMap] "Dirt" :: loaded 0 groups, groups failed: 0, largest group range: 26.6
 4:24:07.367 [CE][Links] found 556 total links between groups, of 5753
 4:24:07.367 [CE][LoadClusters] "Cluster" :: Loading files...
 4:24:07.701 [CE][LoadClusters] :: file: "mapgroupcluster.xml", 4 types, 50000 instances
 4:24:07.988 [CE][LoadClusters] :: file: "mapgroupcluster01", 4 types, 50000 instances
 4:24:08.266 [CE][LoadClusters] :: file: "mapgroupcluster02", 4 types, 50000 instances
 4:24:08.492 [CE][LoadClusters] :: file: "mapgroupcluster03", 4 types, 50000 instances
 4:24:08.641 [CE][LoadClusters] :: file: "mapgroupcluster04", 4 types, 25015 instances
 4:24:08.678 [CE][Storage] ver:21 stamp:8968, valid:yes, name:"G:\SteamLibrary\steamapps\common\DayZServer\mpmissions\dayzOffline.enoch\storage_1\data\types.bin"
 4:24:08.714 [CE][Storage] ver:21 stamp:8965, valid:yes, name:"G:\SteamLibrary\steamapps\common\DayZServer\mpmissions\dayzOffline.enoch\storage_1\data\types.001"
 4:24:08.777 [CE][Storage] ver:21 stamp:8966, valid:yes, name:"G:\SteamLibrary\steamapps\common\DayZServer\mpmissions\dayzOffline.enoch\storage_1\data\types.002"
 4:24:08.777 [CE][Storage] Restoring file "G:\SteamLibrary\steamapps\common\DayZServer\mpmissions\dayzOffline.enoch\storage_1\data\types.bin".
 4:24:08.984 !!! [CE][offlineDB] :: No Shutdown message present.
 4:24:08.999 [CE][offlineDB] :: Loaded 45 dynamic events 242 total types.
 4:24:09.37 !!! [CE] :: Unknown usage: 'Historical'.
 4:24:09.37 !!! [CE] :: Unknown usage: 'Historical'.
 4:24:09.37 !!! [CE] :: Unknown usage: 'Historical'.
 4:24:09.37 !!! [CE] :: Unknown usage: 'Historical'.
 4:24:09.37 !!! [CE][offlineDB] :: Type 'ChristmasTree' will be ignored. (Not spawnable. (Scope is not public?))
 4:24:09.38 !!! [CE] :: Unknown usage: 'Historical'.
 4:24:09.38 !!! [CE] :: Unknown usage: 'Historical'.
 4:24:09.38 !!! [CE] :: Unknown usage: 'Historical'.
 4:24:09.39 !!! [CE][offlineDB] :: Type 'Static_FrozenScientist_DE' will be ignored. (Type does not exist. (Typo?))
 4:24:09.39 !!! [CE] :: Unknown usage: 'Historical'.
 4:24:09.74 !!! [CE] :: Unknown usage: 'Tier3'.
 4:24:09.74 !!! [CE] :: Unknown usage: 'Tier3'.
 4:24:09.74 !!! [CE] :: Unknown usage: 'Tier3'.
 4:24:09.74 !!! [CE] :: Unknown usage: 'Tier3'.
 4:24:09.75 !!! [CE] :: Unknown usage: 'Tier3'.
 4:24:09.75 !!! [CE] :: Unknown usage: 'Tier3'.
 4:24:09.75 !!! [CE] :: Unknown usage: 'Tier3'.
 4:24:09.75 !!! [CE] :: Unknown usage: 'Tier3'.
 4:24:09.75 !!! [CE] :: Unknown usage: 'Tier3'.
 4:24:09.75 !!! [CE] :: Unknown usage: 'Tier3'.
 4:24:09.75 !!! [CE] :: Unknown usage: 'Tier3'.
 4:24:09.75 !!! [CE] :: Unknown usage: 'Tier3'.
 4:24:09.75 !!! [CE] :: Unknown usage: 'Tier3'.
 4:24:09.75 !!! [CE] :: Unknown usage: 'Tier3'.
 4:24:09.75 !!! [CE] :: Unknown usage: 'Tier3'.
 4:24:09.75 !!! [CE] :: Unknown usage: 'Tier3'.
 4:24:09.75 !!! [CE] :: Unknown usage: 'Tier3'.
 4:24:09.75 !!! [CE] :: Unknown usage: 'Tier3'.
 4:24:09.75 !!! [CE] :: Unknown usage: 'Tier3'.
 4:24:09.75 !!! [CE] :: Unknown usage: 'Tier3'.
 4:24:09.75 !!! [CE] :: Unknown usage: 'Tier3'.
 4:24:09.75 !!! [CE] :: Unknown usage: 'Tier3'.
 4:24:09.76 !!! [CE] :: Unknown usage: 'Tier3'.
 4:24:09.76 !!! [CE] :: Unknown usage: 'Tier3'.
 4:24:09.76 !!! [CE] :: Unknown usage: 'Tier3'.
 4:24:09.77 !!! [CE] :: Unknown usage: 'Tier3'.
 4:24:09.77 !!! [CE] :: Unknown usage: 'Tier3'.
 4:24:09.77 !!! [CE] :: Unknown usage: 'Tier3'.
 4:24:09.77 !!! [CE] :: Unknown usage: 'Tier3'.
 4:24:09.77 !!! [CE] :: Unknown usage: 'Tier3'.
 4:24:09.77 !!! [CE] :: Unknown usage: 'Tier3'.
 4:24:09.77 !!! [CE] :: Unknown usage: 'Tier3'.
 4:24:09.77 !!! [CE] :: Unknown usage: 'Tier3'.
 4:24:09.77 !!! [CE] :: Unknown usage: 'Tier3'.
 4:24:09.78 !!! [CE] :: Unknown usage: 'Tier3'.
 4:24:09.78 !!! [CE] :: Unknown usage: 'Tier3'.
 4:24:09.78 !!! [CE] :: Unknown usage: 'Tier3'.
 4:24:09.78 !!! [CE] :: Unknown usage: 'Tier3'.
 4:24:09.78 !!! [CE] :: Unknown usage: 'Tier3'.
 4:24:09.78 !!! [CE] :: Unknown usage: 'Tier3'.
 4:24:09.78 !!! [CE] :: Unknown usage: 'Tier3'.
 4:24:09.78 !!! [CE] :: Unknown usage: 'Tier3'.
 4:24:09.78 !!! [CE] :: Unknown usage: 'Tier3'.
 4:24:09.78 !!! [CE] :: Unknown usage: 'Tier3'.
 4:24:09.78 !!! [CE] :: Unknown usage: 'Tier3'.
 4:24:09.78 !!! [CE] :: Unknown usage: 'Tier3'.
 4:24:09.79 !!! [CE] :: Unknown usage: 'Tier3'.
 4:24:09.79 !!! [CE] :: Unknown usage: 'Tier3'.
 4:24:09.196 !!! [CE][offlineDB] :: Type 'rag_baseittems_triple_locker_kit' will be ignored. (Type does not exist. (Typo?))
 4:24:09.197 !!! [CE][offlineDB] :: Type 'rag_baseittems_triple_locker' will be ignored. (Type does not exist. (Typo?))
 4:24:09.197 !!! [CE][offlineDB] :: Type 'rag_baseittems_triple_locker_black_kit' will be ignored. (Type does not exist. (Typo?))
 4:24:09.197 !!! [CE][offlineDB] :: Type 'rag_baseittems_triple_locker_black' will be ignored. (Type does not exist. (Typo?))
 4:24:09.197 !!! [CE][offlineDB] :: Type 'rag_baseittems_triple_locker_green_kit' will be ignored. (Type does not exist. (Typo?))
 4:24:09.197 !!! [CE][offlineDB] :: Type 'rag_baseittems_triple_locker_green' will be ignored. (Type does not exist. (Typo?))
 4:24:09.197 !!! [CE][offlineDB] :: Type 'rag_baseittems_triple_locker_purple_kit' will be ignored. (Type does not exist. (Typo?))
 4:24:09.197 !!! [CE][offlineDB] :: Type 'rag_baseittems_triple_locker_purple' will be ignored. (Type does not exist. (Typo?))
 4:24:09.197 !!! [CE][offlineDB] :: Type 'rag_baseittems_triple_locker_red_kit' will be ignored. (Type does not exist. (Typo?))
 4:24:09.197 !!! [CE][offlineDB] :: Type 'rag_baseittems_triple_locker_red' will be ignored. (Type does not exist. (Typo?))
 4:24:09.197 !!! [CE][offlineDB] :: Type 'rag_baseittems_triple_locker_yellow_kit' will be ignored. (Type does not exist. (Typo?))
 4:24:09.197 !!! [CE][offlineDB] :: Type 'rag_baseittems_triple_locker_yellow' will be ignored. (Type does not exist. (Typo?))
 4:24:09.197 !!! [CE][offlineDB] :: Type 'rag_baseitems_spaycan_paint' will be ignored. (Type does not exist. (Typo?))
 4:24:09.197 !!! [CE][offlineDB] :: Type 'rag_baseitems_spaycan_white' will be ignored. (Type does not exist. (Typo?))
 4:24:09.197 !!! [CE][offlineDB] :: Type 'rag_cabin_kit' will be ignored. (Type does not exist. (Typo?))
 4:24:09.197 !!! [CE][offlineDB] :: Type 'rag_cabin' will be ignored. (Type does not exist. (Typo?))
 4:24:09.197 !!! [CE][offlineDB] :: Type 'rag_cabin_water_pump' will be ignored. (Type does not exist. (Typo?))
 4:24:09.197 !!! [CE][offlineDB] :: Type 'RaG_BB_Admin_Hammer' will be ignored. (Type does not exist. (Typo?))
 4:24:09.197 !!! [CE][offlineDB] :: Type 'RaG_BB_Admin_Hatchet' will be ignored. (Type does not exist. (Typo?))
 4:24:09.198 !!! [CE][offlineDB] :: Type 'RaG_BB_PillarKit' will be ignored. (Type does not exist. (Typo?))
 4:24:09.198 !!! [CE][offlineDB] :: Type 'RaG_BB_Pillar' will be ignored. (Type does not exist. (Typo?))
 4:24:09.198 !!! [CE][offlineDB] :: Type 'RaG_BB_RoofKit' will be ignored. (Type does not exist. (Typo?))
 4:24:09.198 !!! [CE][offlineDB] :: Type 'RaG_BB_Roof' will be ignored. (Type does not exist. (Typo?))
 4:24:09.198 !!! [CE][offlineDB] :: Type 'RaG_BB_FloorKit' will be ignored. (Type does not exist. (Typo?))
 4:24:09.198 !!! [CE][offlineDB] :: Type 'RaG_BB_Floor' will be ignored. (Type does not exist. (Typo?))
 4:24:09.198 !!! [CE][offlineDB] :: Type 'RaG_BB_CeilingKit' will be ignored. (Type does not exist. (Typo?))
 4:24:09.198 !!! [CE][offlineDB] :: Type 'RaG_BB_Ceiling' will be ignored. (Type does not exist. (Typo?))
 4:24:09.198 !!! [CE][offlineDB] :: Type 'RaG_BB_StaircaseKit' will be ignored. (Type does not exist. (Typo?))
 4:24:09.198 !!! [CE][offlineDB] :: Type 'RaG_BB_Staircase' will be ignored. (Type does not exist. (Typo?))
 4:24:09.198 !!! [CE][offlineDB] :: Type 'RaG_BB_Staircase_2Kit' will be ignored. (Type does not exist. (Typo?))
 4:24:09.198 !!! [CE][offlineDB] :: Type 'RaG_BB_Staircase_2' will be ignored. (Type does not exist. (Typo?))
 4:24:09.199 !!! [CE][offlineDB] :: Type 'RaG_BB_StairsKit' will be ignored. (Type does not exist. (Typo?))
 4:24:09.199 !!! [CE][offlineDB] :: Type 'RaG_BB_Stairs' will be ignored. (Type does not exist. (Typo?))
 4:24:09.199 !!! [CE][offlineDB] :: Type 'RaG_BB_WallKit' will be ignored. (Type does not exist. (Typo?))
 4:24:09.199 !!! [CE][offlineDB] :: Type 'RaG_BB_Wall' will be ignored. (Type does not exist. (Typo?))
 4:24:09.200 !!! [CE][offlineDB] :: Type 'RaG_BB_DoorKit' will be ignored. (Type does not exist. (Typo?))
 4:24:09.200 !!! [CE][offlineDB] :: Type 'RaG_BB_Door' will be ignored. (Type does not exist. (Typo?))
 4:24:09.200 !!! [CE][offlineDB] :: Type 'RaG_BB_WindowKit' will be ignored. (Type does not exist. (Typo?))
 4:24:09.200 !!! [CE][offlineDB] :: Type 'RaG_BB_Window' will be ignored. (Type does not exist. (Typo?))
 4:24:09.200 !!! [CE][offlineDB] :: Type 'RaG_BB_Window_SmallKit' will be ignored. (Type does not exist. (Typo?))
 4:24:09.200 !!! [CE][offlineDB] :: Type 'RaG_BB_Window_Small' will be ignored. (Type does not exist. (Typo?))
 4:24:09.200 !!! [CE][offlineDB] :: Type 'RaG_BB_Low_WallKit' will be ignored. (Type does not exist. (Typo?))
 4:24:09.200 !!! [CE][offlineDB] :: Type 'RaG_BB_Low_Wall' will be ignored. (Type does not exist. (Typo?))
 4:24:09.200 !!! [CE][offlineDB] :: Type 'RaG_BB_FoundationKit' will be ignored. (Type does not exist. (Typo?))
 4:24:09.200 !!! [CE][offlineDB] :: Type 'RaG_BB_Foundation' will be ignored. (Type does not exist. (Typo?))
 4:24:09.200 !!! [CE][offlineDB] :: Type 'RaG_BB_GateKit' will be ignored. (Type does not exist. (Typo?))
 4:24:09.200 !!! [CE][offlineDB] :: Type 'RaG_BB_Gate' will be ignored. (Type does not exist. (Typo?))
 4:24:09.200 !!! [CE][offlineDB] :: Type 'RaG_BB_GateLeftKit' will be ignored. (Type does not exist. (Typo?))
 4:24:09.200 !!! [CE][offlineDB] :: Type 'RaG_BB_GateLeft' will be ignored. (Type does not exist. (Typo?))
 4:24:09.200 !!! [CE][offlineDB] :: Type 'RaG_BB_GateRightKit' will be ignored. (Type does not exist. (Typo?))
 4:24:09.200 !!! [CE][offlineDB] :: Type 'RaG_BB_GateRight' will be ignored. (Type does not exist. (Typo?))
 4:24:09.200 !!! [CE][offlineDB] :: Type 'RaG_BB_WoodStorageKit' will be ignored. (Type does not exist. (Typo?))
 4:24:09.200 !!! [CE][offlineDB] :: Type 'RaG_BB_WoodStorage' will be ignored. (Type does not exist. (Typo?))
 4:24:09.200 !!! [CE][offlineDB] :: Type 'RaG_BB_RampKit' will be ignored. (Type does not exist. (Typo?))
 4:24:09.200 !!! [CE][offlineDB] :: Type 'RaG_BB_Ramp' will be ignored. (Type does not exist. (Typo?))
 4:24:09.200 !!! [CE][offlineDB] :: Type 'RaG_BB_StepLadderKit' will be ignored. (Type does not exist. (Typo?))
 4:24:09.201 !!! [CE][offlineDB] :: Type 'RaG_BB_StepLadder' will be ignored. (Type does not exist. (Typo?))
 4:24:09.201 !!! [CE][offlineDB] :: Type 'RaG_BB_Ladder' will be ignored. (Type does not exist. (Typo?))
 4:24:09.201 !!! [CE][offlineDB] :: Type 'RaG_BB_Floor_HatchKit' will be ignored. (Type does not exist. (Typo?))
 4:24:09.201 !!! [CE][offlineDB] :: Type 'RaG_BB_Floor_Hatch' will be ignored. (Type does not exist. (Typo?))
 4:24:09.201 !!! [CE][offlineDB] :: Type 'RaG_BB_Single_DoorKit' will be ignored. (Type does not exist. (Typo?))
 4:24:09.201 !!! [CE][offlineDB] :: Type 'RaG_BB_Single_Door' will be ignored. (Type does not exist. (Typo?))
 4:24:09.437 !!! [CE][DE][SPAWNS] :: [WARNING] :: Skipping entry for non-existing event 'VehicleTransitBus'.
 4:24:09.437 [CE][DE][SPAWNS] :: Total positions: 492
 4:24:09.437 [CE][DE][GROUPS] :: Total eventgroups defined: 61, Eventgroups in use: 61
 4:24:09.451 [CE][Storage] ver:25 stamp:8968, valid:yes, name:"G:\SteamLibrary\steamapps\common\DayZServer\mpmissions\dayzOffline.enoch\storage_1\data\events.bin"
 4:24:09.474 [CE][Storage] ver:25 stamp:8965, valid:yes, name:"G:\SteamLibrary\steamapps\common\DayZServer\mpmissions\dayzOffline.enoch\storage_1\data\events.001"
 4:24:09.498 [CE][Storage] ver:25 stamp:8966, valid:yes, name:"G:\SteamLibrary\steamapps\common\DayZServer\mpmissions\dayzOffline.enoch\storage_1\data\events.002"
 4:24:09.498 [CE][Storage] Restoring file "G:\SteamLibrary\steamapps\common\DayZServer\mpmissions\dayzOffline.enoch\storage_1\data\events.bin".
 4:24:09.498 [CE][DynamicEvent] Load  Events:[45] Primary spawners: 45 Secondary spawners: 4
 4:24:09.523 [CE][Storage] ver:25 stamp:8968, valid:yes, name:"G:\SteamLibrary\steamapps\common\DayZServer\mpmissions\dayzOffline.enoch\storage_1\data\dynamic_000.bin"
 4:24:09.561 [CE][Storage] ver:25 stamp:8965, valid:yes, name:"G:\SteamLibrary\steamapps\common\DayZServer\mpmissions\dayzOffline.enoch\storage_1\data\dynamic_000.001"
 4:24:09.623 [CE][Storage] ver:25 stamp:8966, valid:yes, name:"G:\SteamLibrary\steamapps\common\DayZServer\mpmissions\dayzOffline.enoch\storage_1\data\dynamic_000.002"
 4:24:09.624 [CE][Storage] Restoring file "G:\SteamLibrary\steamapps\common\DayZServer\mpmissions\dayzOffline.enoch\storage_1\data\dynamic_000.bin" 704 items.
 4:24:12.191   704 items loaded. (0 failed)
 4:24:12.235 [CE][Storage] ver:25 stamp:8968, valid:yes, name:"G:\SteamLibrary\steamapps\common\DayZServer\mpmissions\dayzOffline.enoch\storage_1\data\dynamic_001.bin"
 4:24:12.279 [CE][Storage] ver:25 stamp:8965, valid:yes, name:"G:\SteamLibrary\steamapps\common\DayZServer\mpmissions\dayzOffline.enoch\storage_1\data\dynamic_001.001"
 4:24:12.308 [CE][Storage] ver:25 stamp:8966, valid:yes, name:"G:\SteamLibrary\steamapps\common\DayZServer\mpmissions\dayzOffline.enoch\storage_1\data\dynamic_001.002"
 4:24:12.308 [CE][Storage] Restoring file "G:\SteamLibrary\steamapps\common\DayZServer\mpmissions\dayzOffline.enoch\storage_1\data\dynamic_001.bin" 2780 items.
 4:24:15.05   2780 items loaded. (0 failed)
 4:24:15.47 [CE][Storage] ver:25 stamp:8968, valid:yes, name:"G:\SteamLibrary\steamapps\common\DayZServer\mpmissions\dayzOffline.enoch\storage_1\data\dynamic_002.bin"
 4:24:15.85 [CE][Storage] ver:25 stamp:8965, valid:yes, name:"G:\SteamLibrary\steamapps\common\DayZServer\mpmissions\dayzOffline.enoch\storage_1\data\dynamic_002.001"
 4:24:15.111 [CE][Storage] ver:25 stamp:8966, valid:yes, name:"G:\SteamLibrary\steamapps\common\DayZServer\mpmissions\dayzOffline.enoch\storage_1\data\dynamic_002.002"
 4:24:15.111 [CE][Storage] Restoring file "G:\SteamLibrary\steamapps\common\DayZServer\mpmissions\dayzOffline.enoch\storage_1\data\dynamic_002.bin" 781 items.
 4:24:15.795   781 items loaded. (0 failed)
 4:24:15.826 [CE][Storage] ver:25 stamp:8968, valid:yes, name:"G:\SteamLibrary\steamapps\common\DayZServer\mpmissions\dayzOffline.enoch\storage_1\data\dynamic_003.bin"
 4:24:15.870 [CE][Storage] ver:25 stamp:8965, valid:yes, name:"G:\SteamLibrary\steamapps\common\DayZServer\mpmissions\dayzOffline.enoch\storage_1\data\dynamic_003.001"
 4:24:15.920 [CE][Storage] ver:25 stamp:8966, valid:yes, name:"G:\SteamLibrary\steamapps\common\DayZServer\mpmissions\dayzOffline.enoch\storage_1\data\dynamic_003.002"
 4:24:15.920 [CE][Storage] Restoring file "G:\SteamLibrary\steamapps\common\DayZServer\mpmissions\dayzOffline.enoch\storage_1\data\dynamic_003.bin" 1704 items.
 4:24:16.924   1704 items loaded. (0 failed)
 4:24:16.969 [CE][Storage] ver:25 stamp:8968, valid:yes, name:"G:\SteamLibrary\steamapps\common\DayZServer\mpmissions\dayzOffline.enoch\storage_1\data\dynamic_004.bin"
 4:24:17.20 [CE][Storage] ver:25 stamp:8965, valid:yes, name:"G:\SteamLibrary\steamapps\common\DayZServer\mpmissions\dayzOffline.enoch\storage_1\data\dynamic_004.001"
 4:24:17.59 [CE][Storage] ver:25 stamp:8966, valid:yes, name:"G:\SteamLibrary\steamapps\common\DayZServer\mpmissions\dayzOffline.enoch\storage_1\data\dynamic_004.002"
 4:24:17.59 [CE][Storage] Restoring file "G:\SteamLibrary\steamapps\common\DayZServer\mpmissions\dayzOffline.enoch\storage_1\data\dynamic_004.bin" 1572 items.
 4:24:17.944   1572 items loaded. (0 failed)
 4:24:17.982 [CE][Storage] ver:25 stamp:8968, valid:yes, name:"G:\SteamLibrary\steamapps\common\DayZServer\mpmissions\dayzOffline.enoch\storage_1\data\dynamic_005.bin"
 4:24:18.15 [CE][Storage] ver:25 stamp:8965, valid:yes, name:"G:\SteamLibrary\steamapps\common\DayZServer\mpmissions\dayzOffline.enoch\storage_1\data\dynamic_005.001"
 4:24:18.39 [CE][Storage] ver:25 stamp:8966, valid:yes, name:"G:\SteamLibrary\steamapps\common\DayZServer\mpmissions\dayzOffline.enoch\storage_1\data\dynamic_005.002"
 4:24:18.40 [CE][Storage] Restoring file "G:\SteamLibrary\steamapps\common\DayZServer\mpmissions\dayzOffline.enoch\storage_1\data\dynamic_005.bin" 2023 items.
 4:24:19.83   2023 items loaded. (0 failed)
 4:24:19.120 [CE][Storage] ver:25 stamp:8968, valid:yes, name:"G:\SteamLibrary\steamapps\common\DayZServer\mpmissions\dayzOffline.enoch\storage_1\data\dynamic_006.bin"
 4:24:19.153 [CE][Storage] ver:25 stamp:8968, valid:yes, name:"G:\SteamLibrary\steamapps\common\DayZServer\mpmissions\dayzOffline.enoch\storage_1\data\dynamic_006.001"
 4:24:19.184 [CE][Storage] ver:25 stamp:8966, valid:yes, name:"G:\SteamLibrary\steamapps\common\DayZServer\mpmissions\dayzOffline.enoch\storage_1\data\dynamic_006.002"
 4:24:19.184 [CE][Storage] Restoring file "G:\SteamLibrary\steamapps\common\DayZServer\mpmissions\dayzOffline.enoch\storage_1\data\dynamic_006.bin" 1247 items.
 4:24:19.860   1247 items loaded. (0 failed)
 4:24:19.897 [CE][Storage] ver:25 stamp:8968, valid:yes, name:"G:\SteamLibrary\steamapps\common\DayZServer\mpmissions\dayzOffline.enoch\storage_1\data\dynamic_007.bin"
 4:24:19.925 [CE][Storage] ver:25 stamp:8968, valid:yes, name:"G:\SteamLibrary\steamapps\common\DayZServer\mpmissions\dayzOffline.enoch\storage_1\data\dynamic_007.001"
 4:24:19.955 [CE][Storage] ver:25 stamp:8966, valid:yes, name:"G:\SteamLibrary\steamapps\common\DayZServer\mpmissions\dayzOffline.enoch\storage_1\data\dynamic_007.002"
 4:24:19.955 [CE][Storage] Restoring file "G:\SteamLibrary\steamapps\common\DayZServer\mpmissions\dayzOffline.enoch\storage_1\data\dynamic_007.bin" 1344 items.
 4:24:20.661   1344 items loaded. (0 failed)
 4:24:20.668 [CE][Storage] ver:25 stamp:8968, valid:yes, name:"G:\SteamLibrary\steamapps\common\DayZServer\mpmissions\dayzOffline.enoch\storage_1\data\dynamic_008.bin"
 4:24:20.707 [CE][Storage] ver:25 stamp:8968, valid:yes, name:"G:\SteamLibrary\steamapps\common\DayZServer\mpmissions\dayzOffline.enoch\storage_1\data\dynamic_008.001"
 4:24:20.751 [CE][Storage] ver:25 stamp:8966, valid:yes, name:"G:\SteamLibrary\steamapps\common\DayZServer\mpmissions\dayzOffline.enoch\storage_1\data\dynamic_008.002"
 4:24:20.751 [CE][Storage] Restoring file "G:\SteamLibrary\steamapps\common\DayZServer\mpmissions\dayzOffline.enoch\storage_1\data\dynamic_008.bin" 1241 items.
 4:24:21.363   1241 items loaded. (0 failed)
 4:24:21.396 [CE][Storage] ver:25 stamp:8968, valid:yes, name:"G:\SteamLibrary\steamapps\common\DayZServer\mpmissions\dayzOffline.enoch\storage_1\data\dynamic_009.bin"
 4:24:21.433 [CE][Storage] ver:25 stamp:8968, valid:yes, name:"G:\SteamLibrary\steamapps\common\DayZServer\mpmissions\dayzOffline.enoch\storage_1\data\dynamic_009.001"
 4:24:21.452 [CE][Storage] ver:25 stamp:8966, valid:yes, name:"G:\SteamLibrary\steamapps\common\DayZServer\mpmissions\dayzOffline.enoch\storage_1\data\dynamic_009.002"
 4:24:21.452 [CE][Storage] Restoring file "G:\SteamLibrary\steamapps\common\DayZServer\mpmissions\dayzOffline.enoch\storage_1\data\dynamic_009.bin" 1157 items.
 4:24:22.34   1157 items loaded. (0 failed)
 4:24:22.84 [CE][Storage] ver:25 stamp:8968, valid:yes, name:"G:\SteamLibrary\steamapps\common\DayZServer\mpmissions\dayzOffline.enoch\storage_1\data\dynamic_010.bin"
 4:24:22.133 [CE][Storage] ver:25 stamp:8968, valid:yes, name:"G:\SteamLibrary\steamapps\common\DayZServer\mpmissions\dayzOffline.enoch\storage_1\data\dynamic_010.001"
 4:24:22.169 [CE][Storage] ver:25 stamp:8966, valid:yes, name:"G:\SteamLibrary\steamapps\common\DayZServer\mpmissions\dayzOffline.enoch\storage_1\data\dynamic_010.002"
 4:24:22.169 [CE][Storage] Restoring file "G:\SteamLibrary\steamapps\common\DayZServer\mpmissions\dayzOffline.enoch\storage_1\data\dynamic_010.bin" 3173 items.
 4:24:23.540   3173 items loaded. (0 failed)
 4:24:23.561 [CE][Storage] ver:25 stamp:8968, valid:yes, name:"G:\SteamLibrary\steamapps\common\DayZServer\mpmissions\dayzOffline.enoch\storage_1\data\dynamic_011.bin"
 4:24:23.602 [CE][Storage] ver:25 stamp:8968, valid:yes, name:"G:\SteamLibrary\steamapps\common\DayZServer\mpmissions\dayzOffline.enoch\storage_1\data\dynamic_011.001"
 4:24:23.619 [CE][Storage] ver:25 stamp:8966, valid:yes, name:"G:\SteamLibrary\steamapps\common\DayZServer\mpmissions\dayzOffline.enoch\storage_1\data\dynamic_011.002"
 4:24:23.619 [CE][Storage] Restoring file "G:\SteamLibrary\steamapps\common\DayZServer\mpmissions\dayzOffline.enoch\storage_1\data\dynamic_011.bin" 525 items.
 4:24:23.824   525 items loaded. (0 failed)
 4:24:23.828 [CE][Storage] ver:26 stamp:8968, valid:yes, name:"G:\SteamLibrary\steamapps\common\DayZServer\mpmissions\dayzOffline.enoch\storage_1\data\building.bin"
 4:24:23.832 [CE][Storage] ver:26 stamp:8965, valid:yes, name:"G:\SteamLibrary\steamapps\common\DayZServer\mpmissions\dayzOffline.enoch\storage_1\data\building.001"
 4:24:23.836 [CE][Storage] ver:26 stamp:8966, valid:yes, name:"G:\SteamLibrary\steamapps\common\DayZServer\mpmissions\dayzOffline.enoch\storage_1\data\building.002"
 4:24:23.836 [CE][Storage] Restoring file "G:\SteamLibrary\steamapps\common\DayZServer\mpmissions\dayzOffline.enoch\storage_1\data\building.bin" 3 items.
 4:24:23.836   3 items loaded. (0 failed)
 4:24:23.912 [CE][Storage] ver:25 stamp:8968, valid:yes, name:"G:\SteamLibrary\steamapps\common\DayZServer\mpmissions\dayzOffline.enoch\storage_1\data\vehicles.bin"
 4:24:23.950 [CE][Storage] ver:25 stamp:8965, valid:yes, name:"G:\SteamLibrary\steamapps\common\DayZServer\mpmissions\dayzOffline.enoch\storage_1\data\vehicles.001"
 4:24:23.982 [CE][Storage] ver:25 stamp:8966, valid:yes, name:"G:\SteamLibrary\steamapps\common\DayZServer\mpmissions\dayzOffline.enoch\storage_1\data\vehicles.002"
 4:24:23.982 [CE][Storage] Restoring file "G:\SteamLibrary\steamapps\common\DayZServer\mpmissions\dayzOffline.enoch\storage_1\data\vehicles.bin" 214 items.
 4:24:24.859   214 items loaded. (0 failed)
 4:24:24.891 [CE][Hive] :: Storage load took:15.39 seconds, recovery stamp:8968
 4:24:24.891   entity: 21700, building: 3
 4:24:24.891   no lifetime: 48
 4:24:24.891   pathgraph's: 571
 4:24:24.891 [CE][Hive] :: Initializing ... 
 4:24:24.951 [CE][InitializeMap] :: initialized: 2
 4:24:24.951 [CE][Hive] :: Initializing spawners ... 
 4:24:27.234 [CE][LootRespawner] (PRIDummy) :: Initially (re)spawned:0, Nominal:23995, Total in Map: 18397 at 0 (sec)
 4:24:27.234   tests:0, repeats:0 fails:0, overtime:0
 4:24:27.235 [CE][DynEvent] :: 45 types
 4:24:27.235 [00] AmbientFox
 4:24:27.235   Primary Spawner: "Ambient", active: yes, repeat: 1
 4:24:27.235 [01] AmbientHare
 4:24:27.235   Primary Spawner: "Ambient", active: yes, repeat: 1
 4:24:27.235 [02] AmbientHen
 4:24:27.235   Primary Spawner: "Ambient", active: yes, repeat: 1
 4:24:27.235 [03] AnimalBear
 4:24:27.235   Primary Spawner: "Animal", active: yes, repeat: 1
 4:24:27.235 [04] AnimalCow
 4:24:27.235   Primary Spawner: "Animal", active: yes, repeat: 1
 4:24:27.235 [05] AnimalDeer
 4:24:27.235   Primary Spawner: "Animal", active: yes, repeat: 1
 4:24:27.235 [06] AnimalGoat
 4:24:27.235   Primary Spawner: "Animal", active: yes, repeat: 1
 4:24:27.235 [07] AnimalPig
 4:24:27.235   Primary Spawner: "Animal", active: yes, repeat: 1
 4:24:27.235 [08] AnimalRoeDeer
 4:24:27.235   Primary Spawner: "Animal", active: yes, repeat: 1
 4:24:27.235 [09] AnimalSheep
 4:24:27.235   Primary Spawner: "Animal", active: yes, repeat: 1
 4:24:27.235 [10] AnimalWildBoar
 4:24:27.235   Primary Spawner: "Animal", active: yes, repeat: 1
 4:24:27.235 [11] AnimalWolf
 4:24:27.235   Primary Spawner: "Animal", active: yes, repeat: 1
 4:24:27.235 [12] InfectedArmy
 4:24:27.235   Primary Spawner: "Infected", active: yes, repeat: 1
 4:24:27.235 [13] InfectedArmyConvoy
 4:24:27.235   Primary Spawner: "Infected", active: yes, repeat: 1
 4:24:27.235 [14] InfectedArmyHard
 4:24:27.235   Primary Spawner: "Infected", active: yes, repeat: 1
 4:24:27.235 [15] InfectedCity
 4:24:27.235   Primary Spawner: "Infected", active: yes, repeat: 1
 4:24:27.235 [16] InfectedFirefighter
 4:24:27.235   Primary Spawner: "Infected", active: yes, repeat: 1
 4:24:27.235 [17] InfectedIndustrial
 4:24:27.235   Primary Spawner: "Infected", active: yes, repeat: 1
 4:24:27.235 [18] InfectedMedic
 4:24:27.235   Primary Spawner: "Infected", active: yes, repeat: 1
 4:24:27.235 [19] InfectedNBC
 4:24:27.235   Primary Spawner: "Infected", active: yes, repeat: 1
 4:24:27.235 [20] InfectedPolice
 4:24:27.235   Primary Spawner: "Infected", active: yes, repeat: 1
 4:24:27.235 [21] InfectedPoliceHard
 4:24:27.235   Primary Spawner: "Infected", active: yes, repeat: 1
 4:24:27.235 [22] InfectedPrisoner
 4:24:27.235   Primary Spawner: "Infected", active: yes, repeat: 1
 4:24:27.235 [23] InfectedReligious
 4:24:27.235   Primary Spawner: "Infected", active: yes, repeat: 1
 4:24:27.235 [24] InfectedSanta
 4:24:27.235   Primary Spawner: "Infected", active: yes, repeat: 1
 4:24:27.235 [25] InfectedSolitude
 4:24:27.235   Primary Spawner: "Infected", active: yes, repeat: 1
 4:24:27.235 [26] InfectedVillage
 4:24:27.235   Primary Spawner: "Infected", active: yes, repeat: 1
 4:24:27.235 [27] ItemPlanks
 4:24:27.235   Primary Spawner: "Item", active: yes, repeat: 1
 4:24:27.235 [28] Loot
 4:24:27.235   Primary Spawner: "Loot", active: yes, repeat: 2
 4:24:27.235 [29] StaticContaminatedArea
 4:24:27.235   Primary Spawner: "Static", active: yes, repeat: 1
 4:24:27.235 [30] StaticHeliCrash
 4:24:27.235   Primary Spawner: "Static", active: yes, repeat: 1
 4:24:27.235   Secondary Spawner: "Infected", active: yes, repeat: 1
 4:24:27.235 [31] StaticMilitaryConvoy
 4:24:27.235   Primary Spawner: "Static", active: yes, repeat: 1
 4:24:27.235   Secondary Spawner: "Infected", active: yes, repeat: 1
 4:24:27.235 [32] StaticPoliceSituation
 4:24:27.235   Primary Spawner: "Static", active: yes, repeat: 1
 4:24:27.235   Secondary Spawner: "Infected", active: yes, repeat: 1
 4:24:27.235 [33] StaticTrain
 4:24:27.235   Primary Spawner: "Static", active: yes, repeat: 1
 4:24:27.235   Secondary Spawner: "Infected", active: yes, repeat: 1
 4:24:27.235 [34] TrajectoryConiferous
 4:24:27.235   Primary Spawner: "Trajectory", active: yes, repeat: 1
 4:24:27.235 [35] TrajectoryDeciduous
 4:24:27.235   Primary Spawner: "Trajectory", active: yes, repeat: 1
 4:24:27.235 [36] TrajectoryHumus
 4:24:27.235   Primary Spawner: "Trajectory", active: yes, repeat: 1
 4:24:27.235 [37] TrajectoryStones
 4:24:27.235   Primary Spawner: "Trajectory", active: yes, repeat: 1
 4:24:27.235 [38] VehicleBoat
 4:24:27.235   Primary Spawner: "Vehicle", active: yes, repeat: 1
 4:24:27.235 [39] VehicleCivilianSedan
 4:24:27.235   Primary Spawner: "Vehicle", active: yes, repeat: 1
 4:24:27.235 [40] VehicleHatchback02
 4:24:27.235   Primary Spawner: "Vehicle", active: yes, repeat: 1
 4:24:27.235 [41] VehicleOffroad02
 4:24:27.235   Primary Spawner: "Vehicle", active: yes, repeat: 1
 4:24:27.235 [42] VehicleOffroadHatchback
 4:24:27.235   Primary Spawner: "Vehicle", active: yes, repeat: 1
 4:24:27.235 [43] VehicleSedan02
 4:24:27.235   Primary Spawner: "Vehicle", active: yes, repeat: 1
 4:24:27.235 [44] VehicleTruck01
 4:24:27.235   Primary Spawner: "Vehicle", active: yes, repeat: 1
 4:24:27.235 [CE][Hive] :: Initializing of spawners done.
 4:24:27.241 [CE][Hive] :: Init sequence finished.
 4:24:27.241 Player connect enabled
 4:24:48.790 [CE][LootRespawner] (PRIDummy) :: Item [0] is hard to place, performance drops: "LeatherSewingKit"
 4:24:48.887 [CE][LootRespawner] (PRIDummy) :: Item [0] causing search overtime: "KitchenKnife"
 4:24:48.988 [CE][LootRespawner] (PRIDummy) :: Item [1] causing search overtime: "PetrolLighter"
 4:24:49.288 [CE][LootRespawner] (PRIDummy) :: Item [2] causing search overtime: "Jeans_Grey"
 4:24:49.388 [CE][LootRespawner] (PRIDummy) :: Item [3] causing search overtime: "Jeans_Blue"
 4:24:49.488 [CE][LootRespawner] (PRIDummy) :: Item [4] causing search overtime: "ChernarusSportShirt"
 4:24:49.587 [CE][LootRespawner] (PRIDummy) :: Item [5] causing search overtime: "Jeans_Black"
 4:24:49.688 [CE][LootRespawner] (PRIDummy) :: Item [6] causing search overtime: "Jeans_Green"
 4:24:49.787 [CE][LootRespawner] (PRIDummy) :: Item [7] causing search overtime: "Jeans_BlueDark"
 4:24:49.887 [CE][LootRespawner] (PRIDummy) :: Item [8] causing search overtime: "Jeans_Brown"
 4:24:49.988 [CE][LootRespawner] (PRIDummy) :: Item [9] causing search overtime: "BaseballCap_CMMG_Pink"
 4:24:50.87 [CE][LootRespawner] (PRIDummy) :: Item [10] causing search overtime: "BaseballCap_Black"
 4:24:50.187 [CE][LootRespawner] (PRIDummy) :: Item [11] causing search overtime: "BaseballCap_Beige"
 4:24:50.289 [CE][LootRespawner] (PRIDummy) :: Item [12] causing search overtime: "BaseballCap_Olive"
 4:24:50.389 [CE][LootRespawner] (PRIDummy) :: Item [13] causing search overtime: "BaseballCap_Blue"
 4:24:50.487 [CE][LootRespawner] (PRIDummy) :: Item [14] causing search overtime: "BaseballCap_Pink"
 4:24:50.587 [CE][LootRespawner] (PRIDummy) :: Item [15] causing search overtime: "BaseballCap_Red"
 4:24:50.688 [CE][LootRespawner] (PRIDummy) :: Item [16] causing search overtime: "BaseballCap_CMMG_Black"
 4:25:15.768 [CE][LootRespawner] (PRIDummy) :: Item [17] causing search overtime: "BaseballCap_CMMG_Black"
 4:25:15.867 [CE][LootRespawner] (PRIDummy) :: Item [18] causing search overtime: "FlatCap_Brown"
 4:25:15.967 [CE][LootRespawner] (PRIDummy) :: Item [19] causing search overtime: "FlatCap_Grey"
 4:25:16.67 [CE][LootRespawner] (PRIDummy) :: Item [20] causing search overtime: "FlatCap_Black"
 4:25:16.168 [CE][LootRespawner] (PRIDummy) :: Item [21] causing search overtime: "FlatCap_BrownCheck"
 4:25:16.267 [CE][LootRespawner] (PRIDummy) :: Item [22] causing search overtime: "FlatCap_GreyCheck"
 4:25:16.402 [CE][LootRespawner] (PRIDummy) :: Item [23] causing search overtime: "FlatCap_BlackCheck"
 4:25:16.499 [CE][LootRespawner] (PRIDummy) :: Item [24] causing search overtime: "FlatCap_Red"
 4:25:16.599 [CE][LootRespawner] (PRIDummy) :: Item [25] causing search overtime: "DesignerGlasses"
 4:25:16.699 [CE][LootRespawner] (PRIDummy) :: Item [26] causing search overtime: "FlatCap_Blue"
 4:25:16.800 [CE][LootRespawner] (PRIDummy) :: Item [27] causing search overtime: "DressShoes_White"
 4:25:16.900 [CE][LootRespawner] (PRIDummy) :: Item [28] causing search overtime: "BoonieHat_Olive"
 4:25:16.999 [CE][LootRespawner] (PRIDummy) :: Item [29] causing search overtime: "KukriKnife"
 4:25:17.99 [CE][LootRespawner] (PRIDummy) :: Item [30] causing search overtime: "DressShoes_Brown"
 4:25:17.199 [CE][LootRespawner] (PRIDummy) :: Item [31] causing search overtime: "DressShoes_Sunburst"
 4:25:17.299 [CE][LootRespawner] (PRIDummy) :: Item [32] causing search overtime: "SlacksPants_DarkGrey"
 4:25:17.399 [CE][LootRespawner] (PRIDummy) :: Item [33] causing search overtime: "BoonieHat_Blue"
 4:25:17.499 [CE][LootRespawner] (PRIDummy) :: Item [34] causing search overtime: "SlacksPants_Blue"
 4:25:17.599 [CE][LootRespawner] (PRIDummy) :: Item [35] causing search overtime: "WoolGloves_White"
 4:25:17.699 [CE][LootRespawner] (PRIDummy) :: Item [36] causing search overtime: "BoonieHat_Orange"
 4:25:18.798 [CE][VehicleRespawner] (PRIContaminatedArea) :: Initial random enabled for "StaticContaminatedArea" - Chosen nominal: 1
 4:25:27.196  --- Termination successfully completed --- 
