=====================================================================
== G:\SteamLibrary\steamapps\common\DayZServer\DayZServer_x64.exe
== G:\SteamLibrary\steamapps\common\DayZServer\DayZServer_x64.exe -config=serverDZ.cfg "-mod=@Dabs Framework;@DayZ-Expansion-AI;@DayZ-Expansion-Core;@Early Winter or Late Fall Livonia;@AICFireplaceIndoor;@AimSounds;@AmmoStacks;@Basic Ear Plugs;@Bed-Respawning;@Better Medical Pouch;@BetterSuppressors;@CF;@Building Fortifications;@CarVanillaPlus;@CaseBag;@Code Lock;@Combinable RepairKits;@Coupled Mag Vanilla;@Forward Operator Gear;@InediaInfectedAI;@Inventory Move Sounds;@InventoryInCar;@JunkYardDog;@Loot Barrel Transfer;@MagazineLoading;@metabolism;@MountsSights;@Nomadbackpack;@PvZmoD_Spawn_System;@RaG_BaseItems;@RaG_Immersive_Vehicles;@Saline Bag;@StaminaRevised;@Usefull Vanila Tents;@VPPAdminTools;@CJ187-LootChest;@Treasure;@QuickMoveItemsByCategory;@pvez test;@SearchInventory;@CJ187-ToxicZoneAlarm;" -profiles=profiles "-servermod=@DayZ-Dynamic-AI-Addon;@Survivor Missions"
=====================================================================
Exe timestamp: 2025/01/28 02:52:30
Current time:  2025/02/11 05:26:14
Version 1.26.159040
=====================================================================

 5:26:14.656 [Inputs] Loading inputs default "bin/constants.xml"
 5:26:14.671 [Inputs] Loading inputs default "bin/specific.xml"
 5:26:14.672 [Inputs] Loading inputs default "EarPlugs\data\inputs.xml"
 5:26:14.672 [Inputs] Loading inputs default "InventoryMoveSounds/Scripts/Data/Inputs.xml"
 5:26:14.672 [Inputs] Loading inputs default "LIVEN/PvZmoD_Spawn_System/inputs.xml"
 5:26:14.672 [Inputs] Loading inputs default "PVEZ/data/inputs.xml"
 5:26:14.672 [Inputs] Loading inputs default "SearchInventory/Scripts/Data/inputs.xml"
 5:26:14.672 [Inputs] Loading inputs default "VPPAdminTools/data/modded_Inputs.xml"
 5:26:14.673 [Inputs] Loading inputs default "FOG_MOD/Scripts/Data/inputs.xml"
 5:26:14.673 [Inputs] Loading inputs default "rag/rag_immersive_vehicles/scripts/4_world/rag_immersive_vehicles/actions/inputs/inputs.xml"
 5:26:14.673 [Inputs] Loading inputs default "DayZExpansion/AI/Scripts/inputs.xml"
 5:26:14.673 [Inputs] Loading inputs cfg "profiles\Users\Survivor\Server.core.xml"
 5:26:14.673 !!! [Inputs] Cannot read inputs cfg "profiles\Users\Survivor\Server.core.xml", parser error
 5:26:14.673 [Inputs] Loading inputs cfg "bin/core.xml"
 5:26:14.673 !!! [Inputs] Cannot load input preset "#STR_USER", file does not exist
 5:26:14.674 [Inputs] Exporting inputs cfg "profiles\Users\Survivor\Server.core.xml"
 5:26:29.886 Hostname of server: "Project: Genesis"
 5:26:46.333 [CE][Hive] :: Initializing OFFLINE
 5:26:46.334 [StorageDirs] :: Selected storage directory: G:\SteamLibrary\steamapps\common\DayZServer\mpmissions\dayzOffline.enoch\storage_2\
 5:26:46.334 [CE][Hive] :: Loading core data ... 
 5:26:46.338 [CE][CoreData] :: 8 root classes, 19 defaults, 0 updaters...
 5:26:57.984 [CE] :: WARNING :: Preset map "needle1" is EMPTY.
 5:26:57.986 [CE][TypeSetup] :: 683 classes setuped...
 5:26:59.373 [CE][RegisterBind] :: 0 classes binded...
 5:26:59.373 [CE][RegisterConfig] :: 13970 config classes registered, 0 sub-counters...
 5:26:59.373 [CE][Hive] :: Loading map data ... 
 5:26:59.388 [CE][IgnoreList] "cfgignorelist.xml" :: loaded 17 types
 5:26:59.451 [CE][LoadPrototype] :: loaded 445 prototypes
 5:26:59.452   842 containers, 11094 points
 5:26:59.452   83 dispatches, 324 proxies
 5:26:59.452 !!! [CE][LoadPrototype] 4 groups have no points...
 5:26:59.452 !!! [CE][LoadPrototype] 1 groups have wrong points...
 5:26:59.452 [CE][LoadPrototype] :: last group name: StaticObj_Misc_SupplyBox3_DE...
 5:26:59.467 [CE][LoadPrototype] :: loaded 0 prototypes
 5:26:59.467   50 containers, 276 points
 5:26:59.467   0 dispatches, 0 proxies
 5:26:59.467 [CE][LoadPrototype] :: last group name: PathD_7100...
 5:27:00.205 [CE][LoadMap] "Group" :: loaded 5753 groups, groups failed: 0, largest group range: 26.6
 5:27:00.207 [CE][LoadMap] "Dirt" :: loaded 0 groups, groups failed: 0, largest group range: 26.6
 5:27:00.286 [CE][Links] found 556 total links between groups, of 5753
 5:27:00.286 [CE][LoadClusters] "Cluster" :: Loading files...
 5:27:00.432 [CE][LoadClusters] :: file: "mapgroupcluster.xml", 4 types, 50000 instances
 5:27:00.626 [CE][LoadClusters] :: file: "mapgroupcluster01", 4 types, 50000 instances
 5:27:00.802 [CE][LoadClusters] :: file: "mapgroupcluster02", 4 types, 50000 instances
 5:27:00.969 [CE][LoadClusters] :: file: "mapgroupcluster03", 4 types, 50000 instances
 5:27:01.63 [CE][LoadClusters] :: file: "mapgroupcluster04", 4 types, 25015 instances
 5:27:01.78 [CE][Storage] ver:21 stamp:305, valid:yes, name:"G:\SteamLibrary\steamapps\common\DayZServer\mpmissions\dayzOffline.enoch\storage_2\data\types.bin"
 5:27:01.91 [CE][Storage] ver:21 stamp:304, valid:yes, name:"G:\SteamLibrary\steamapps\common\DayZServer\mpmissions\dayzOffline.enoch\storage_2\data\types.001"
 5:27:01.110 [CE][Storage] ver:21 stamp:301, valid:yes, name:"G:\SteamLibrary\steamapps\common\DayZServer\mpmissions\dayzOffline.enoch\storage_2\data\types.002"
 5:27:01.110 [CE][Storage] Restoring file "G:\SteamLibrary\steamapps\common\DayZServer\mpmissions\dayzOffline.enoch\storage_2\data\types.bin".
 5:27:01.292 !!! [CE][offlineDB] :: No Shutdown message present.
 5:27:01.299 [CE][offlineDB] :: Loaded 45 dynamic events 242 total types.
 5:27:01.344 !!! [CE] :: Unknown usage: 'Historical'.
 5:27:01.344 !!! [CE] :: Unknown usage: 'Historical'.
 5:27:01.344 !!! [CE] :: Unknown usage: 'Historical'.
 5:27:01.344 !!! [CE] :: Unknown usage: 'Historical'.
 5:27:01.344 !!! [CE][offlineDB] :: Type 'ChristmasTree' will be ignored. (Not spawnable. (Scope is not public?))
 5:27:01.345 !!! [CE] :: Unknown usage: 'Historical'.
 5:27:01.345 !!! [CE] :: Unknown usage: 'Historical'.
 5:27:01.345 !!! [CE] :: Unknown usage: 'Historical'.
 5:27:01.346 !!! [CE][offlineDB] :: Type 'Static_FrozenScientist_DE' will be ignored. (Type does not exist. (Typo?))
 5:27:01.346 !!! [CE] :: Unknown usage: 'Historical'.
 5:27:01.361 !!! [CE] :: Unknown usage: 'Tier3'.
 5:27:01.361 !!! [CE] :: Unknown usage: 'Tier3'.
 5:27:01.361 !!! [CE] :: Unknown usage: 'Tier3'.
 5:27:01.361 !!! [CE] :: Unknown usage: 'Tier3'.
 5:27:01.361 !!! [CE] :: Unknown usage: 'Tier3'.
 5:27:01.361 !!! [CE] :: Unknown usage: 'Tier3'.
 5:27:01.361 !!! [CE] :: Unknown usage: 'Tier3'.
 5:27:01.361 !!! [CE] :: Unknown usage: 'Tier3'.
 5:27:01.361 !!! [CE] :: Unknown usage: 'Tier3'.
 5:27:01.361 !!! [CE] :: Unknown usage: 'Tier3'.
 5:27:01.361 !!! [CE] :: Unknown usage: 'Tier3'.
 5:27:01.361 !!! [CE] :: Unknown usage: 'Tier3'.
 5:27:01.361 !!! [CE] :: Unknown usage: 'Tier3'.
 5:27:01.361 !!! [CE] :: Unknown usage: 'Tier3'.
 5:27:01.361 !!! [CE] :: Unknown usage: 'Tier3'.
 5:27:01.361 !!! [CE] :: Unknown usage: 'Tier3'.
 5:27:01.361 !!! [CE] :: Unknown usage: 'Tier3'.
 5:27:01.361 !!! [CE] :: Unknown usage: 'Tier3'.
 5:27:01.361 !!! [CE] :: Unknown usage: 'Tier3'.
 5:27:01.361 !!! [CE] :: Unknown usage: 'Tier3'.
 5:27:01.361 !!! [CE] :: Unknown usage: 'Tier3'.
 5:27:01.361 !!! [CE] :: Unknown usage: 'Tier3'.
 5:27:01.361 !!! [CE] :: Unknown usage: 'Tier3'.
 5:27:01.361 !!! [CE] :: Unknown usage: 'Tier3'.
 5:27:01.361 !!! [CE] :: Unknown usage: 'Tier3'.
 5:27:01.361 !!! [CE] :: Unknown usage: 'Tier3'.
 5:27:01.361 !!! [CE] :: Unknown usage: 'Tier3'.
 5:27:01.361 !!! [CE] :: Unknown usage: 'Tier3'.
 5:27:01.361 !!! [CE] :: Unknown usage: 'Tier3'.
 5:27:01.361 !!! [CE] :: Unknown usage: 'Tier3'.
 5:27:01.361 !!! [CE] :: Unknown usage: 'Tier3'.
 5:27:01.361 !!! [CE] :: Unknown usage: 'Tier3'.
 5:27:01.362 !!! [CE] :: Unknown usage: 'Tier3'.
 5:27:01.362 !!! [CE] :: Unknown usage: 'Tier3'.
 5:27:01.362 !!! [CE] :: Unknown usage: 'Tier3'.
 5:27:01.362 !!! [CE] :: Unknown usage: 'Tier3'.
 5:27:01.362 !!! [CE] :: Unknown usage: 'Tier3'.
 5:27:01.362 !!! [CE] :: Unknown usage: 'Tier3'.
 5:27:01.362 !!! [CE] :: Unknown usage: 'Tier3'.
 5:27:01.362 !!! [CE] :: Unknown usage: 'Tier3'.
 5:27:01.362 !!! [CE] :: Unknown usage: 'Tier3'.
 5:27:01.362 !!! [CE] :: Unknown usage: 'Tier3'.
 5:27:01.362 !!! [CE] :: Unknown usage: 'Tier3'.
 5:27:01.362 !!! [CE] :: Unknown usage: 'Tier3'.
 5:27:01.362 !!! [CE] :: Unknown usage: 'Tier3'.
 5:27:01.362 !!! [CE] :: Unknown usage: 'Tier3'.
 5:27:01.362 !!! [CE] :: Unknown usage: 'Tier3'.
 5:27:01.362 !!! [CE] :: Unknown usage: 'Tier3'.
 5:27:01.430 !!! [CE][offlineDB] :: Type 'rag_baseittems_triple_locker_kit' will be ignored. (Type does not exist. (Typo?))
 5:27:01.430 !!! [CE][offlineDB] :: Type 'rag_baseittems_triple_locker' will be ignored. (Type does not exist. (Typo?))
 5:27:01.430 !!! [CE][offlineDB] :: Type 'rag_baseittems_triple_locker_black_kit' will be ignored. (Type does not exist. (Typo?))
 5:27:01.430 !!! [CE][offlineDB] :: Type 'rag_baseittems_triple_locker_black' will be ignored. (Type does not exist. (Typo?))
 5:27:01.431 !!! [CE][offlineDB] :: Type 'rag_baseittems_triple_locker_green_kit' will be ignored. (Type does not exist. (Typo?))
 5:27:01.431 !!! [CE][offlineDB] :: Type 'rag_baseittems_triple_locker_green' will be ignored. (Type does not exist. (Typo?))
 5:27:01.431 !!! [CE][offlineDB] :: Type 'rag_baseittems_triple_locker_purple_kit' will be ignored. (Type does not exist. (Typo?))
 5:27:01.431 !!! [CE][offlineDB] :: Type 'rag_baseittems_triple_locker_purple' will be ignored. (Type does not exist. (Typo?))
 5:27:01.431 !!! [CE][offlineDB] :: Type 'rag_baseittems_triple_locker_red_kit' will be ignored. (Type does not exist. (Typo?))
 5:27:01.431 !!! [CE][offlineDB] :: Type 'rag_baseittems_triple_locker_red' will be ignored. (Type does not exist. (Typo?))
 5:27:01.431 !!! [CE][offlineDB] :: Type 'rag_baseittems_triple_locker_yellow_kit' will be ignored. (Type does not exist. (Typo?))
 5:27:01.431 !!! [CE][offlineDB] :: Type 'rag_baseittems_triple_locker_yellow' will be ignored. (Type does not exist. (Typo?))
 5:27:01.431 !!! [CE][offlineDB] :: Type 'rag_baseitems_spaycan_paint' will be ignored. (Type does not exist. (Typo?))
 5:27:01.431 !!! [CE][offlineDB] :: Type 'rag_baseitems_spaycan_white' will be ignored. (Type does not exist. (Typo?))
 5:27:01.432 !!! [CE][offlineDB] :: Type 'rag_cabin_kit' will be ignored. (Type does not exist. (Typo?))
 5:27:01.432 !!! [CE][offlineDB] :: Type 'rag_cabin' will be ignored. (Type does not exist. (Typo?))
 5:27:01.432 !!! [CE][offlineDB] :: Type 'rag_cabin_water_pump' will be ignored. (Type does not exist. (Typo?))
 5:27:01.432 !!! [CE][offlineDB] :: Type 'RaG_BB_Admin_Hammer' will be ignored. (Type does not exist. (Typo?))
 5:27:01.432 !!! [CE][offlineDB] :: Type 'RaG_BB_Admin_Hatchet' will be ignored. (Type does not exist. (Typo?))
 5:27:01.432 !!! [CE][offlineDB] :: Type 'RaG_BB_PillarKit' will be ignored. (Type does not exist. (Typo?))
 5:27:01.432 !!! [CE][offlineDB] :: Type 'RaG_BB_Pillar' will be ignored. (Type does not exist. (Typo?))
 5:27:01.432 !!! [CE][offlineDB] :: Type 'RaG_BB_RoofKit' will be ignored. (Type does not exist. (Typo?))
 5:27:01.432 !!! [CE][offlineDB] :: Type 'RaG_BB_Roof' will be ignored. (Type does not exist. (Typo?))
 5:27:01.432 !!! [CE][offlineDB] :: Type 'RaG_BB_FloorKit' will be ignored. (Type does not exist. (Typo?))
 5:27:01.432 !!! [CE][offlineDB] :: Type 'RaG_BB_Floor' will be ignored. (Type does not exist. (Typo?))
 5:27:01.432 !!! [CE][offlineDB] :: Type 'RaG_BB_CeilingKit' will be ignored. (Type does not exist. (Typo?))
 5:27:01.432 !!! [CE][offlineDB] :: Type 'RaG_BB_Ceiling' will be ignored. (Type does not exist. (Typo?))
 5:27:01.433 !!! [CE][offlineDB] :: Type 'RaG_BB_StaircaseKit' will be ignored. (Type does not exist. (Typo?))
 5:27:01.433 !!! [CE][offlineDB] :: Type 'RaG_BB_Staircase' will be ignored. (Type does not exist. (Typo?))
 5:27:01.433 !!! [CE][offlineDB] :: Type 'RaG_BB_Staircase_2Kit' will be ignored. (Type does not exist. (Typo?))
 5:27:01.433 !!! [CE][offlineDB] :: Type 'RaG_BB_Staircase_2' will be ignored. (Type does not exist. (Typo?))
 5:27:01.433 !!! [CE][offlineDB] :: Type 'RaG_BB_StairsKit' will be ignored. (Type does not exist. (Typo?))
 5:27:01.433 !!! [CE][offlineDB] :: Type 'RaG_BB_Stairs' will be ignored. (Type does not exist. (Typo?))
 5:27:01.434 !!! [CE][offlineDB] :: Type 'RaG_BB_WallKit' will be ignored. (Type does not exist. (Typo?))
 5:27:01.434 !!! [CE][offlineDB] :: Type 'RaG_BB_Wall' will be ignored. (Type does not exist. (Typo?))
 5:27:01.434 !!! [CE][offlineDB] :: Type 'RaG_BB_DoorKit' will be ignored. (Type does not exist. (Typo?))
 5:27:01.434 !!! [CE][offlineDB] :: Type 'RaG_BB_Door' will be ignored. (Type does not exist. (Typo?))
 5:27:01.434 !!! [CE][offlineDB] :: Type 'RaG_BB_WindowKit' will be ignored. (Type does not exist. (Typo?))
 5:27:01.434 !!! [CE][offlineDB] :: Type 'RaG_BB_Window' will be ignored. (Type does not exist. (Typo?))
 5:27:01.434 !!! [CE][offlineDB] :: Type 'RaG_BB_Window_SmallKit' will be ignored. (Type does not exist. (Typo?))
 5:27:01.434 !!! [CE][offlineDB] :: Type 'RaG_BB_Window_Small' will be ignored. (Type does not exist. (Typo?))
 5:27:01.434 !!! [CE][offlineDB] :: Type 'RaG_BB_Low_WallKit' will be ignored. (Type does not exist. (Typo?))
 5:27:01.434 !!! [CE][offlineDB] :: Type 'RaG_BB_Low_Wall' will be ignored. (Type does not exist. (Typo?))
 5:27:01.434 !!! [CE][offlineDB] :: Type 'RaG_BB_FoundationKit' will be ignored. (Type does not exist. (Typo?))
 5:27:01.434 !!! [CE][offlineDB] :: Type 'RaG_BB_Foundation' will be ignored. (Type does not exist. (Typo?))
 5:27:01.434 !!! [CE][offlineDB] :: Type 'RaG_BB_GateKit' will be ignored. (Type does not exist. (Typo?))
 5:27:01.434 !!! [CE][offlineDB] :: Type 'RaG_BB_Gate' will be ignored. (Type does not exist. (Typo?))
 5:27:01.434 !!! [CE][offlineDB] :: Type 'RaG_BB_GateLeftKit' will be ignored. (Type does not exist. (Typo?))
 5:27:01.434 !!! [CE][offlineDB] :: Type 'RaG_BB_GateLeft' will be ignored. (Type does not exist. (Typo?))
 5:27:01.434 !!! [CE][offlineDB] :: Type 'RaG_BB_GateRightKit' will be ignored. (Type does not exist. (Typo?))
 5:27:01.434 !!! [CE][offlineDB] :: Type 'RaG_BB_GateRight' will be ignored. (Type does not exist. (Typo?))
 5:27:01.434 !!! [CE][offlineDB] :: Type 'RaG_BB_WoodStorageKit' will be ignored. (Type does not exist. (Typo?))
 5:27:01.434 !!! [CE][offlineDB] :: Type 'RaG_BB_WoodStorage' will be ignored. (Type does not exist. (Typo?))
 5:27:01.434 !!! [CE][offlineDB] :: Type 'RaG_BB_RampKit' will be ignored. (Type does not exist. (Typo?))
 5:27:01.434 !!! [CE][offlineDB] :: Type 'RaG_BB_Ramp' will be ignored. (Type does not exist. (Typo?))
 5:27:01.434 !!! [CE][offlineDB] :: Type 'RaG_BB_StepLadderKit' will be ignored. (Type does not exist. (Typo?))
 5:27:01.434 !!! [CE][offlineDB] :: Type 'RaG_BB_StepLadder' will be ignored. (Type does not exist. (Typo?))
 5:27:01.434 !!! [CE][offlineDB] :: Type 'RaG_BB_Ladder' will be ignored. (Type does not exist. (Typo?))
 5:27:01.434 !!! [CE][offlineDB] :: Type 'RaG_BB_Floor_HatchKit' will be ignored. (Type does not exist. (Typo?))
 5:27:01.434 !!! [CE][offlineDB] :: Type 'RaG_BB_Floor_Hatch' will be ignored. (Type does not exist. (Typo?))
 5:27:01.434 !!! [CE][offlineDB] :: Type 'RaG_BB_Single_DoorKit' will be ignored. (Type does not exist. (Typo?))
 5:27:01.434 !!! [CE][offlineDB] :: Type 'RaG_BB_Single_Door' will be ignored. (Type does not exist. (Typo?))
 5:27:01.646 !!! [CE][DE][SPAWNS] :: [WARNING] :: Skipping entry for non-existing event 'VehicleTransitBus'.
 5:27:01.647 [CE][DE][SPAWNS] :: Total positions: 492
 5:27:01.647 [CE][DE][GROUPS] :: Total eventgroups defined: 61, Eventgroups in use: 61
 5:27:01.664 [CE][Storage] ver:25 stamp:305, valid:yes, name:"G:\SteamLibrary\steamapps\common\DayZServer\mpmissions\dayzOffline.enoch\storage_2\data\events.bin"
 5:27:01.680 [CE][Storage] ver:25 stamp:304, valid:yes, name:"G:\SteamLibrary\steamapps\common\DayZServer\mpmissions\dayzOffline.enoch\storage_2\data\events.001"
 5:27:01.680 [CE][Storage] ver:25 stamp:301, valid:yes, name:"G:\SteamLibrary\steamapps\common\DayZServer\mpmissions\dayzOffline.enoch\storage_2\data\events.002"
 5:27:01.681 [CE][Storage] Restoring file "G:\SteamLibrary\steamapps\common\DayZServer\mpmissions\dayzOffline.enoch\storage_2\data\events.bin".
 5:27:01.681 [CE][DynamicEvent] Load  Events:[45] Primary spawners: 45 Secondary spawners: 4
 5:27:01.700 [CE][Storage] ver:25 stamp:305, valid:yes, name:"G:\SteamLibrary\steamapps\common\DayZServer\mpmissions\dayzOffline.enoch\storage_2\data\dynamic_000.bin"
 5:27:01.719 [CE][Storage] ver:25 stamp:304, valid:yes, name:"G:\SteamLibrary\steamapps\common\DayZServer\mpmissions\dayzOffline.enoch\storage_2\data\dynamic_000.001"
 5:27:01.728 [CE][Storage] ver:25 stamp:301, valid:yes, name:"G:\SteamLibrary\steamapps\common\DayZServer\mpmissions\dayzOffline.enoch\storage_2\data\dynamic_000.002"
 5:27:01.728 [CE][Storage] Restoring file "G:\SteamLibrary\steamapps\common\DayZServer\mpmissions\dayzOffline.enoch\storage_2\data\dynamic_000.bin" 728 items.
 5:27:02.383   728 items loaded. (0 failed)
 5:27:02.384 [CE][Storage] ver:25 stamp:305, valid:yes, name:"G:\SteamLibrary\steamapps\common\DayZServer\mpmissions\dayzOffline.enoch\storage_2\data\dynamic_001.bin"
 5:27:02.394 [CE][Storage] ver:25 stamp:304, valid:yes, name:"G:\SteamLibrary\steamapps\common\DayZServer\mpmissions\dayzOffline.enoch\storage_2\data\dynamic_001.001"
 5:27:02.408 [CE][Storage] ver:25 stamp:301, valid:yes, name:"G:\SteamLibrary\steamapps\common\DayZServer\mpmissions\dayzOffline.enoch\storage_2\data\dynamic_001.002"
 5:27:02.408 [CE][Storage] Restoring file "G:\SteamLibrary\steamapps\common\DayZServer\mpmissions\dayzOffline.enoch\storage_2\data\dynamic_001.bin" 3073 items.
 5:27:04.162   3073 items loaded. (0 failed)
 5:27:04.181 [CE][Storage] ver:25 stamp:305, valid:yes, name:"G:\SteamLibrary\steamapps\common\DayZServer\mpmissions\dayzOffline.enoch\storage_2\data\dynamic_002.bin"
 5:27:04.197 [CE][Storage] ver:25 stamp:304, valid:yes, name:"G:\SteamLibrary\steamapps\common\DayZServer\mpmissions\dayzOffline.enoch\storage_2\data\dynamic_002.001"
 5:27:04.209 [CE][Storage] ver:25 stamp:301, valid:yes, name:"G:\SteamLibrary\steamapps\common\DayZServer\mpmissions\dayzOffline.enoch\storage_2\data\dynamic_002.002"
 5:27:04.209 [CE][Storage] Restoring file "G:\SteamLibrary\steamapps\common\DayZServer\mpmissions\dayzOffline.enoch\storage_2\data\dynamic_002.bin" 838 items.
 5:27:04.575   838 items loaded. (0 failed)
 5:27:04.592 [CE][Storage] ver:25 stamp:305, valid:yes, name:"G:\SteamLibrary\steamapps\common\DayZServer\mpmissions\dayzOffline.enoch\storage_2\data\dynamic_003.bin"
 5:27:04.602 [CE][Storage] ver:25 stamp:304, valid:yes, name:"G:\SteamLibrary\steamapps\common\DayZServer\mpmissions\dayzOffline.enoch\storage_2\data\dynamic_003.001"
 5:27:04.612 [CE][Storage] ver:25 stamp:301, valid:yes, name:"G:\SteamLibrary\steamapps\common\DayZServer\mpmissions\dayzOffline.enoch\storage_2\data\dynamic_003.002"
 5:27:04.612 [CE][Storage] Restoring file "G:\SteamLibrary\steamapps\common\DayZServer\mpmissions\dayzOffline.enoch\storage_2\data\dynamic_003.bin" 1858 items.
 5:27:05.654   1858 items loaded. (0 failed)
 5:27:05.662 [CE][Storage] ver:25 stamp:305, valid:yes, name:"G:\SteamLibrary\steamapps\common\DayZServer\mpmissions\dayzOffline.enoch\storage_2\data\dynamic_004.bin"
 5:27:05.673 [CE][Storage] ver:25 stamp:304, valid:yes, name:"G:\SteamLibrary\steamapps\common\DayZServer\mpmissions\dayzOffline.enoch\storage_2\data\dynamic_004.001"
 5:27:05.686 [CE][Storage] ver:25 stamp:301, valid:yes, name:"G:\SteamLibrary\steamapps\common\DayZServer\mpmissions\dayzOffline.enoch\storage_2\data\dynamic_004.002"
 5:27:05.686 [CE][Storage] Restoring file "G:\SteamLibrary\steamapps\common\DayZServer\mpmissions\dayzOffline.enoch\storage_2\data\dynamic_004.bin" 1696 items.
 5:27:06.406   1696 items loaded. (0 failed)
 5:27:06.407 [CE][Storage] ver:25 stamp:305, valid:yes, name:"G:\SteamLibrary\steamapps\common\DayZServer\mpmissions\dayzOffline.enoch\storage_2\data\dynamic_005.bin"
 5:27:06.425 [CE][Storage] ver:25 stamp:304, valid:yes, name:"G:\SteamLibrary\steamapps\common\DayZServer\mpmissions\dayzOffline.enoch\storage_2\data\dynamic_005.001"
 5:27:06.436 [CE][Storage] ver:25 stamp:301, valid:yes, name:"G:\SteamLibrary\steamapps\common\DayZServer\mpmissions\dayzOffline.enoch\storage_2\data\dynamic_005.002"
 5:27:06.436 [CE][Storage] Restoring file "G:\SteamLibrary\steamapps\common\DayZServer\mpmissions\dayzOffline.enoch\storage_2\data\dynamic_005.bin" 2142 items.
 5:27:07.300   2142 items loaded. (0 failed)
 5:27:07.317 [CE][Storage] ver:25 stamp:305, valid:yes, name:"G:\SteamLibrary\steamapps\common\DayZServer\mpmissions\dayzOffline.enoch\storage_2\data\dynamic_006.bin"
 5:27:07.328 [CE][Storage] ver:25 stamp:304, valid:yes, name:"G:\SteamLibrary\steamapps\common\DayZServer\mpmissions\dayzOffline.enoch\storage_2\data\dynamic_006.001"
 5:27:07.329 [CE][Storage] ver:25 stamp:301, valid:yes, name:"G:\SteamLibrary\steamapps\common\DayZServer\mpmissions\dayzOffline.enoch\storage_2\data\dynamic_006.002"
 5:27:07.329 [CE][Storage] Restoring file "G:\SteamLibrary\steamapps\common\DayZServer\mpmissions\dayzOffline.enoch\storage_2\data\dynamic_006.bin" 1280 items.
 5:27:07.841   1280 items loaded. (0 failed)
 5:27:07.852 [CE][Storage] ver:25 stamp:305, valid:yes, name:"G:\SteamLibrary\steamapps\common\DayZServer\mpmissions\dayzOffline.enoch\storage_2\data\dynamic_007.bin"
 5:27:07.866 [CE][Storage] ver:25 stamp:304, valid:yes, name:"G:\SteamLibrary\steamapps\common\DayZServer\mpmissions\dayzOffline.enoch\storage_2\data\dynamic_007.001"
 5:27:07.867 [CE][Storage] ver:25 stamp:301, valid:yes, name:"G:\SteamLibrary\steamapps\common\DayZServer\mpmissions\dayzOffline.enoch\storage_2\data\dynamic_007.002"
 5:27:07.867 [CE][Storage] Restoring file "G:\SteamLibrary\steamapps\common\DayZServer\mpmissions\dayzOffline.enoch\storage_2\data\dynamic_007.bin" 1414 items.
 5:27:08.523   1414 items loaded. (0 failed)
 5:27:08.535 [CE][Storage] ver:25 stamp:305, valid:yes, name:"G:\SteamLibrary\steamapps\common\DayZServer\mpmissions\dayzOffline.enoch\storage_2\data\dynamic_008.bin"
 5:27:08.536 [CE][Storage] ver:25 stamp:304, valid:yes, name:"G:\SteamLibrary\steamapps\common\DayZServer\mpmissions\dayzOffline.enoch\storage_2\data\dynamic_008.001"
 5:27:08.549 [CE][Storage] ver:25 stamp:301, valid:yes, name:"G:\SteamLibrary\steamapps\common\DayZServer\mpmissions\dayzOffline.enoch\storage_2\data\dynamic_008.002"
 5:27:08.549 [CE][Storage] Restoring file "G:\SteamLibrary\steamapps\common\DayZServer\mpmissions\dayzOffline.enoch\storage_2\data\dynamic_008.bin" 1368 items.
 5:27:09.122   1368 items loaded. (0 failed)
 5:27:09.122 [CE][Storage] ver:25 stamp:305, valid:yes, name:"G:\SteamLibrary\steamapps\common\DayZServer\mpmissions\dayzOffline.enoch\storage_2\data\dynamic_009.bin"
 5:27:09.341 [CE][Storage] ver:25 stamp:304, valid:yes, name:"G:\SteamLibrary\steamapps\common\DayZServer\mpmissions\dayzOffline.enoch\storage_2\data\dynamic_009.001"
 5:27:09.342 [CE][Storage] ver:25 stamp:301, valid:yes, name:"G:\SteamLibrary\steamapps\common\DayZServer\mpmissions\dayzOffline.enoch\storage_2\data\dynamic_009.002"
 5:27:09.342 [CE][Storage] Restoring file "G:\SteamLibrary\steamapps\common\DayZServer\mpmissions\dayzOffline.enoch\storage_2\data\dynamic_009.bin" 1171 items.
 5:27:09.819   1171 items loaded. (0 failed)
 5:27:09.833 [CE][Storage] ver:25 stamp:305, valid:yes, name:"G:\SteamLibrary\steamapps\common\DayZServer\mpmissions\dayzOffline.enoch\storage_2\data\dynamic_010.bin"
 5:27:09.848 [CE][Storage] ver:25 stamp:304, valid:yes, name:"G:\SteamLibrary\steamapps\common\DayZServer\mpmissions\dayzOffline.enoch\storage_2\data\dynamic_010.001"
 5:27:09.873 [CE][Storage] ver:25 stamp:301, valid:yes, name:"G:\SteamLibrary\steamapps\common\DayZServer\mpmissions\dayzOffline.enoch\storage_2\data\dynamic_010.002"
 5:27:09.873 [CE][Storage] Restoring file "G:\SteamLibrary\steamapps\common\DayZServer\mpmissions\dayzOffline.enoch\storage_2\data\dynamic_010.bin" 3430 items.
 5:27:11.237   3430 items loaded. (0 failed)
 5:27:11.256 [CE][Storage] ver:25 stamp:305, valid:yes, name:"G:\SteamLibrary\steamapps\common\DayZServer\mpmissions\dayzOffline.enoch\storage_2\data\dynamic_011.bin"
 5:27:11.275 [CE][Storage] ver:25 stamp:304, valid:yes, name:"G:\SteamLibrary\steamapps\common\DayZServer\mpmissions\dayzOffline.enoch\storage_2\data\dynamic_011.001"
 5:27:11.289 [CE][Storage] ver:25 stamp:301, valid:yes, name:"G:\SteamLibrary\steamapps\common\DayZServer\mpmissions\dayzOffline.enoch\storage_2\data\dynamic_011.002"
 5:27:11.289 [CE][Storage] Restoring file "G:\SteamLibrary\steamapps\common\DayZServer\mpmissions\dayzOffline.enoch\storage_2\data\dynamic_011.bin" 546 items.
 5:27:11.516   546 items loaded. (0 failed)
 5:27:11.516 [CE][Storage] ver:26 stamp:305, valid:yes, name:"G:\SteamLibrary\steamapps\common\DayZServer\mpmissions\dayzOffline.enoch\storage_2\data\building.bin"
 5:27:11.516 [CE][Storage] ver:26 stamp:304, valid:yes, name:"G:\SteamLibrary\steamapps\common\DayZServer\mpmissions\dayzOffline.enoch\storage_2\data\building.001"
 5:27:11.517 [CE][Storage] ver:26 stamp:301, valid:yes, name:"G:\SteamLibrary\steamapps\common\DayZServer\mpmissions\dayzOffline.enoch\storage_2\data\building.002"
 5:27:11.517 [CE][Storage] Restoring file "G:\SteamLibrary\steamapps\common\DayZServer\mpmissions\dayzOffline.enoch\storage_2\data\building.bin" 0 items.
 5:27:11.517   0 items loaded. (0 failed)
 5:27:11.530 [CE][Storage] ver:25 stamp:305, valid:yes, name:"G:\SteamLibrary\steamapps\common\DayZServer\mpmissions\dayzOffline.enoch\storage_2\data\vehicles.bin"
 5:27:11.546 [CE][Storage] ver:25 stamp:304, valid:yes, name:"G:\SteamLibrary\steamapps\common\DayZServer\mpmissions\dayzOffline.enoch\storage_2\data\vehicles.001"
 5:27:11.563 [CE][Storage] ver:25 stamp:301, valid:yes, name:"G:\SteamLibrary\steamapps\common\DayZServer\mpmissions\dayzOffline.enoch\storage_2\data\vehicles.002"
 5:27:11.563 [CE][Storage] Restoring file "G:\SteamLibrary\steamapps\common\DayZServer\mpmissions\dayzOffline.enoch\storage_2\data\vehicles.bin" 230 items.
 5:27:12.402   230 items loaded. (0 failed)
 5:27:12.424 [CE][Hive] :: Storage load took:10.74 seconds, recovery stamp:305
 5:27:12.424   entity: 21375, building: 0
 5:27:12.424   no lifetime: 48
 5:27:12.424   pathgraph's: 503
 5:27:12.424 [CE][Hive] :: Initializing ... 
 5:27:12.477 [CE][InitializeMap] :: initialized: 0
 5:27:12.477 [CE][Hive] :: Initializing spawners ... 
 5:27:14.493 [CE][LootRespawner] (PRIDummy) :: Initially (re)spawned:0, Nominal:24024, Total in Map: 19683 at 0 (sec)
 5:27:14.493   tests:0, repeats:0 fails:0, overtime:0
 5:27:14.494 [CE][DynEvent] :: 45 types
 5:27:14.494 [00] AmbientFox
 5:27:14.494   Primary Spawner: "Ambient", active: yes, repeat: 1
 5:27:14.494 [01] AmbientHare
 5:27:14.494   Primary Spawner: "Ambient", active: yes, repeat: 1
 5:27:14.494 [02] AmbientHen
 5:27:14.494   Primary Spawner: "Ambient", active: yes, repeat: 1
 5:27:14.494 [03] AnimalBear
 5:27:14.494   Primary Spawner: "Animal", active: yes, repeat: 1
 5:27:14.494 [04] AnimalCow
 5:27:14.494   Primary Spawner: "Animal", active: yes, repeat: 1
 5:27:14.494 [05] AnimalDeer
 5:27:14.494   Primary Spawner: "Animal", active: yes, repeat: 1
 5:27:14.494 [06] AnimalGoat
 5:27:14.494   Primary Spawner: "Animal", active: yes, repeat: 1
 5:27:14.494 [07] AnimalPig
 5:27:14.494   Primary Spawner: "Animal", active: yes, repeat: 1
 5:27:14.494 [08] AnimalRoeDeer
 5:27:14.494   Primary Spawner: "Animal", active: yes, repeat: 1
 5:27:14.494 [09] AnimalSheep
 5:27:14.494   Primary Spawner: "Animal", active: yes, repeat: 1
 5:27:14.494 [10] AnimalWildBoar
 5:27:14.494   Primary Spawner: "Animal", active: yes, repeat: 1
 5:27:14.494 [11] AnimalWolf
 5:27:14.494   Primary Spawner: "Animal", active: yes, repeat: 1
 5:27:14.494 [12] InfectedArmy
 5:27:14.494   Primary Spawner: "Infected", active: yes, repeat: 1
 5:27:14.494 [13] InfectedArmyConvoy
 5:27:14.494   Primary Spawner: "Infected", active: yes, repeat: 1
 5:27:14.494 [14] InfectedArmyHard
 5:27:14.494   Primary Spawner: "Infected", active: yes, repeat: 1
 5:27:14.494 [15] InfectedCity
 5:27:14.494   Primary Spawner: "Infected", active: yes, repeat: 1
 5:27:14.494 [16] InfectedFirefighter
 5:27:14.494   Primary Spawner: "Infected", active: yes, repeat: 1
 5:27:14.494 [17] InfectedIndustrial
 5:27:14.494   Primary Spawner: "Infected", active: yes, repeat: 1
 5:27:14.494 [18] InfectedMedic
 5:27:14.494   Primary Spawner: "Infected", active: yes, repeat: 1
 5:27:14.494 [19] InfectedNBC
 5:27:14.494   Primary Spawner: "Infected", active: yes, repeat: 1
 5:27:14.494 [20] InfectedPolice
 5:27:14.494   Primary Spawner: "Infected", active: yes, repeat: 1
 5:27:14.494 [21] InfectedPoliceHard
 5:27:14.494   Primary Spawner: "Infected", active: yes, repeat: 1
 5:27:14.494 [22] InfectedPrisoner
 5:27:14.494   Primary Spawner: "Infected", active: yes, repeat: 1
 5:27:14.494 [23] InfectedReligious
 5:27:14.494   Primary Spawner: "Infected", active: yes, repeat: 1
 5:27:14.494 [24] InfectedSanta
 5:27:14.494   Primary Spawner: "Infected", active: yes, repeat: 1
 5:27:14.494 [25] InfectedSolitude
 5:27:14.494   Primary Spawner: "Infected", active: yes, repeat: 1
 5:27:14.494 [26] InfectedVillage
 5:27:14.494   Primary Spawner: "Infected", active: yes, repeat: 1
 5:27:14.494 [27] ItemPlanks
 5:27:14.494   Primary Spawner: "Item", active: yes, repeat: 1
 5:27:14.494 [28] Loot
 5:27:14.494   Primary Spawner: "Loot", active: yes, repeat: 2
 5:27:14.494 [29] StaticContaminatedArea
 5:27:14.494   Primary Spawner: "Static", active: yes, repeat: 1
 5:27:14.494 [30] StaticHeliCrash
 5:27:14.494   Primary Spawner: "Static", active: yes, repeat: 1
 5:27:14.494   Secondary Spawner: "Infected", active: yes, repeat: 1
 5:27:14.494 [31] StaticMilitaryConvoy
 5:27:14.494   Primary Spawner: "Static", active: yes, repeat: 1
 5:27:14.494   Secondary Spawner: "Infected", active: yes, repeat: 1
 5:27:14.494 [32] StaticPoliceSituation
 5:27:14.494   Primary Spawner: "Static", active: yes, repeat: 1
 5:27:14.494   Secondary Spawner: "Infected", active: yes, repeat: 1
 5:27:14.494 [33] StaticTrain
 5:27:14.494   Primary Spawner: "Static", active: yes, repeat: 1
 5:27:14.494   Secondary Spawner: "Infected", active: yes, repeat: 1
 5:27:14.494 [34] TrajectoryConiferous
 5:27:14.494   Primary Spawner: "Trajectory", active: yes, repeat: 1
 5:27:14.494 [35] TrajectoryDeciduous
 5:27:14.494   Primary Spawner: "Trajectory", active: yes, repeat: 1
 5:27:14.494 [36] TrajectoryHumus
 5:27:14.494   Primary Spawner: "Trajectory", active: yes, repeat: 1
 5:27:14.494 [37] TrajectoryStones
 5:27:14.494   Primary Spawner: "Trajectory", active: yes, repeat: 1
 5:27:14.494 [38] VehicleBoat
 5:27:14.494   Primary Spawner: "Vehicle", active: yes, repeat: 1
 5:27:14.494 [39] VehicleCivilianSedan
 5:27:14.494   Primary Spawner: "Vehicle", active: yes, repeat: 1
 5:27:14.494 [40] VehicleHatchback02
 5:27:14.494   Primary Spawner: "Vehicle", active: yes, repeat: 1
 5:27:14.494 [41] VehicleOffroad02
 5:27:14.494   Primary Spawner: "Vehicle", active: yes, repeat: 1
 5:27:14.494 [42] VehicleOffroadHatchback
 5:27:14.494   Primary Spawner: "Vehicle", active: yes, repeat: 1
 5:27:14.494 [43] VehicleSedan02
 5:27:14.494   Primary Spawner: "Vehicle", active: yes, repeat: 1
 5:27:14.494 [44] VehicleTruck01
 5:27:14.494   Primary Spawner: "Vehicle", active: yes, repeat: 1
 5:27:14.494 [CE][Hive] :: Initializing of spawners done.
 5:27:14.500 [CE][Hive] :: Init sequence finished.
 5:27:14.500 Player connect enabled
 5:27:34.746 [CE][LootRespawner] (PRIDummy) :: Item [0] is hard to place, performance drops: "CodeLock"
 5:27:34.845 [CE][LootRespawner] (PRIDummy) :: Item [0] causing search overtime: "PetrolLighter"
 5:27:34.945 [CE][LootRespawner] (PRIDummy) :: Item [1] causing search overtime: "Sneakers_Black"
 5:27:35.45 [CE][LootRespawner] (PRIDummy) :: Item [2] causing search overtime: "Jeans_Blue"
 5:27:35.145 [CE][LootRespawner] (PRIDummy) :: Item [3] causing search overtime: "Jeans_Black"
 5:27:35.245 [CE][LootRespawner] (PRIDummy) :: Item [4] causing search overtime: "Jeans_Brown"
 5:27:35.345 [CE][LootRespawner] (PRIDummy) :: Item [5] causing search overtime: "BaseballCap_CMMG_Pink"
 5:27:35.445 [CE][LootRespawner] (PRIDummy) :: Item [6] causing search overtime: "BaseballCap_Black"
 5:27:35.545 [CE][LootRespawner] (PRIDummy) :: Item [7] causing search overtime: "BaseballCap_Beige"
 5:27:35.645 [CE][LootRespawner] (PRIDummy) :: Item [8] causing search overtime: "AmmoBox_357_20Rnd"
 5:27:35.746 [CE][LootRespawner] (PRIDummy) :: Item [9] causing search overtime: "BaseballCap_Olive"
 5:27:35.844 [CE][LootRespawner] (PRIDummy) :: Item [10] causing search overtime: "BaseballCap_Blue"
 5:27:35.945 [CE][LootRespawner] (PRIDummy) :: Item [11] causing search overtime: "BaseballCap_Pink"
 5:27:36.45 [CE][LootRespawner] (PRIDummy) :: Item [12] causing search overtime: "BaseballCap_Red"
 5:27:36.145 [CE][LootRespawner] (PRIDummy) :: Item [13] causing search overtime: "BaseballCap_CMMG_Black"
 5:27:36.245 [CE][LootRespawner] (PRIDummy) :: Item [14] causing search overtime: "FlatCap_Blue"
 5:27:36.345 [CE][LootRespawner] (PRIDummy) :: Item [15] causing search overtime: "FlatCap_GreyCheck"
 5:27:36.445 [CE][LootRespawner] (PRIDummy) :: Item [16] causing search overtime: "FlatCap_BlackCheck"
 5:27:36.544 [CE][LootRespawner] (PRIDummy) :: Item [17] causing search overtime: "Magnum"
 5:27:36.645 [CE][LootRespawner] (PRIDummy) :: Item [18] causing search overtime: "FlatCap_Black"
 5:28:01.853 [CE][LootRespawner] (PRIDummy) :: Item [19] causing search overtime: "FlatCap_Black"
 5:28:01.953 [CE][LootRespawner] (PRIDummy) :: Item [20] causing search overtime: "FlatCap_BrownCheck"
 5:28:02.52 [CE][LootRespawner] (PRIDummy) :: Item [21] causing search overtime: "FlatCap_Red"
 5:28:02.153 [CE][LootRespawner] (PRIDummy) :: Item [22] causing search overtime: "FlatCap_Brown"
 5:28:02.253 [CE][LootRespawner] (PRIDummy) :: Item [23] causing search overtime: "WoolGloves_White"
 5:28:02.353 [CE][LootRespawner] (PRIDummy) :: Item [24] causing search overtime: "BoxCerealCrunchin"
 5:28:02.452 [CE][LootRespawner] (PRIDummy) :: Item [25] causing search overtime: "DressShoes_White"
 5:28:02.553 [CE][LootRespawner] (PRIDummy) :: Item [26] causing search overtime: "DressShoes_Beige"
 5:28:02.652 [CE][LootRespawner] (PRIDummy) :: Item [27] causing search overtime: "ZmijovkaCap_Blue"
 5:28:02.753 [CE][LootRespawner] (PRIDummy) :: Item [28] causing search overtime: "SlacksPants_Blue"
 5:28:02.853 [CE][LootRespawner] (PRIDummy) :: Item [29] causing search overtime: "SlacksPants_Brown"
 5:28:02.952 [CE][LootRespawner] (PRIDummy) :: Item [30] causing search overtime: "BoonieHat_Olive"
 5:28:03.52 [CE][LootRespawner] (PRIDummy) :: Item [31] causing search overtime: "KukriKnife"
 5:28:03.153 [CE][LootRespawner] (PRIDummy) :: Item [32] causing search overtime: "InediaPain_Vikasol"
 5:28:03.253 [CE][LootRespawner] (PRIDummy) :: Item [33] causing search overtime: "InediaPain_Sorbifer"
 5:28:03.353 [CE][LootRespawner] (PRIDummy) :: Item [34] causing search overtime: "InediaPain_Calcium"
 5:28:03.453 [CE][LootRespawner] (PRIDummy) :: Item [35] causing search overtime: "DressShoes_Brown"
 5:28:03.553 [CE][LootRespawner] (PRIDummy) :: Item [36] causing search overtime: "BoonieHat_Black"
 5:28:03.653 [CE][LootRespawner] (PRIDummy) :: Item [37] causing search overtime: "SlacksPants_Black"
 5:28:03.753 [CE][LootRespawner] (PRIDummy) :: Item [38] causing search overtime: "InediaPain_Metoclopramide"
 5:28:04.853 [CE][VehicleRespawner] (PRIContaminatedArea) :: Initial random enabled for "StaticContaminatedArea" - Chosen nominal: 3
 5:28:28.794 [CE][LootRespawner] (PRIDummy) :: Item [39] causing search overtime: "InediaPain_Metoclopramide"
 5:28:28.895 [CE][LootRespawner] (PRIDummy) :: Item [40] causing search overtime: "SlacksPants_White"
 5:28:28.995 [CE][LootRespawner] (PRIDummy) :: Item [41] causing search overtime: "BoonieHat_Red"
 5:28:29.95 [CE][LootRespawner] (PRIDummy) :: Item [42] causing search overtime: "SlacksPants_Beige"
 5:28:29.194 [CE][LootRespawner] (PRIDummy) :: Item [43] causing search overtime: "DressShoes_Sunburst"
 5:28:29.295 [CE][LootRespawner] (PRIDummy) :: Item [44] causing search overtime: "InediaPain_SplintKit"
 5:28:29.395 [CE][LootRespawner] (PRIDummy) :: Item [45] causing search overtime: "Mag_CZ61_20Rnd"
 5:28:29.495 [CE][LootRespawner] (PRIDummy) :: Item [46] causing search overtime: "SlacksPants_DarkGrey"
 5:28:29.594 [CE][LootRespawner] (PRIDummy) :: Item [47] causing search overtime: "InediaPain_SurgicalKit"
 5:28:29.695 [CE][LootRespawner] (PRIDummy) :: Item [48] causing search overtime: "InediaPain_Tramadol"
 5:28:29.796 [CE][LootRespawner] (PRIDummy) :: Item [49] causing search overtime: "ManSuit_DarkGrey"
 5:28:29.895 [CE][LootRespawner] (PRIDummy) :: Item [50] causing search overtime: "WomanSuit_Khaki"
 5:28:29.994 [CE][LootRespawner] (PRIDummy) :: Item [51] causing search overtime: "ManSuit_Brown"
 5:28:30.95 [CE][LootRespawner] (PRIDummy) :: Item [52] causing search overtime: "WomanSuit_Brown"
 5:28:30.195 [CE][LootRespawner] (PRIDummy) :: Item [53] causing search overtime: "WomanSuit_LightGrey"
 5:28:30.294 [CE][LootRespawner] (PRIDummy) :: Item [54] causing search overtime: "WomanSuit_Blue"
 5:28:30.395 [CE][LootRespawner] (PRIDummy) :: Item [55] causing search overtime: "ManSuit_LightGrey"
 5:28:30.495 [CE][LootRespawner] (PRIDummy) :: Item [56] causing search overtime: "Mag_SSG82_5rnd"
 5:28:30.595 [CE][LootRespawner] (PRIDummy) :: Item [57] causing search overtime: "WomanSuit_Black"
 5:28:30.694 [CE][LootRespawner] (PRIDummy) :: Item [58] causing search overtime: "ManSuit_Black"
 5:28:56.09 [CE][LootRespawner] (PRIDummy) :: Item [59] causing search overtime: "ManSuit_Black"
 5:28:56.110 [CE][LootRespawner] (PRIDummy) :: Item [60] causing search overtime: "WomanSuit_White"
 5:28:56.210 [CE][LootRespawner] (PRIDummy) :: Item [61] causing search overtime: "ManSuit_White"
 5:28:56.309 [CE][LootRespawner] (PRIDummy) :: Item [62] causing search overtime: "ManSuit_Beige"
 5:28:56.410 [CE][LootRespawner] (PRIDummy) :: Item [63] causing search overtime: "WomanSuit_Beige"
 5:28:56.510 [CE][LootRespawner] (PRIDummy) :: Item [64] causing search overtime: "PressVest_Blue"
 5:28:56.610 [CE][LootRespawner] (PRIDummy) :: Item [1] is hard to place, performance drops: "AmmoBox_12gaRubberSlug_10Rnd"
 5:28:56.610 [CE][LootRespawner] (PRIDummy) :: Item [65] causing search overtime: "AmmoBox_12gaRubberSlug_10Rnd"
 5:28:56.709 [CE][LootRespawner] (PRIDummy) :: Item [66] causing search overtime: "HipPack_Black"
 5:28:56.810 [CE][LootRespawner] (PRIDummy) :: Item [67] causing search overtime: "RidersJacket_Black"
 5:28:56.910 [CE][LootRespawner] (PRIDummy) :: Item [68] causing search overtime: "ManSuit_Blue"
 5:28:57.10 [CE][LootRespawner] (PRIDummy) :: Item [69] causing search overtime: "ShortJeans_Brown"
 5:28:57.110 [CE][LootRespawner] (PRIDummy) :: Item [70] causing search overtime: "ShortJeans_Blue"
 5:28:57.210 [CE][LootRespawner] (PRIDummy) :: Item [71] causing search overtime: "ShortJeans_Green"
 5:28:57.310 [CE][LootRespawner] (PRIDummy) :: Item [72] causing search overtime: "ShortJeans_Darkblue"
 5:28:57.409 [CE][LootRespawner] (PRIDummy) :: Item [73] causing search overtime: "Blouse_Green"
 5:28:57.509 [CE][LootRespawner] (PRIDummy) :: Item [74] causing search overtime: "ShortJeans_Red"
 5:28:57.610 [CE][LootRespawner] (PRIDummy) :: Item [75] causing search overtime: "InediaPain_HemostaticDressing"
 5:28:57.710 [CE][LootRespawner] (PRIDummy) :: Item [76] causing search overtime: "ShortJeans_Black"
 5:28:57.810 [CE][LootRespawner] (PRIDummy) :: Item [77] causing search overtime: "Blouse_White"
 5:28:57.910 [CE][LootRespawner] (PRIDummy) :: Item [78] causing search overtime: "Blouse_Blue"
 5:29:22.935 [CE][LootRespawner] (PRIDummy) :: Item [79] causing search overtime: "Blouse_Blue"
 5:29:23.36 [CE][LootRespawner] (PRIDummy) :: Item [80] causing search overtime: "HandcuffKeys"
 5:29:23.136 [CE][LootRespawner] (PRIDummy) :: Item [81] causing search overtime: "TunaCan"
 5:29:23.236 [CE][LootRespawner] (PRIDummy) :: Item [82] causing search overtime: "SlingBag_Gray"
 5:29:23.336 [CE][LootRespawner] (PRIDummy) :: Item [83] causing search overtime: "PetushokHat_Green"
 5:29:23.435 [CE][LootRespawner] (PRIDummy) :: Item [84] causing search overtime: "PetushokHat_Black"
 5:29:23.535 [CE][LootRespawner] (PRIDummy) :: Item [85] causing search overtime: "PetushokHat_Yellow"
 5:29:23.637 [CE][LootRespawner] (PRIDummy) :: Item [86] causing search overtime: "Ki_Mag_SVDCoupled_10Rnd"
 5:29:23.736 [CE][LootRespawner] (PRIDummy) :: Item [87] causing search overtime: "Ki_Mag_M14Coupled_10Rnd"
 5:29:23.837 [CE][LootRespawner] (PRIDummy) :: Item [88] causing search overtime: "Ki_Mag_CMAGCoupled_40Rnd"
 5:29:23.936 [CE][LootRespawner] (PRIDummy) :: Item [89] causing search overtime: "Ki_Mag_AK101Coupled_30Rnd"
 5:29:24.36 [CE][LootRespawner] (PRIDummy) :: Item [90] causing search overtime: "Ki_Mag_AKMCoupled_Palm30Rnd"
 5:29:24.136 [CE][LootRespawner] (PRIDummy) :: Item [91] causing search overtime: "Ki_Mag_CMAGCoupled_30Rnd"
 5:29:24.235 [CE][LootRespawner] (PRIDummy) :: Item [92] causing search overtime: "Ki_Mag_FALCoupled_20Rnd"
 5:29:24.336 [CE][LootRespawner] (PRIDummy) :: Item [93] causing search overtime: "Ki_Mag_MP5Coupled_30Rnd"
 5:29:24.436 [CE][LootRespawner] (PRIDummy) :: Item [94] causing search overtime: "Ki_Mag_VikhrCoupled_30Rnd"
 5:29:24.535 [CE][LootRespawner] (PRIDummy) :: Item [95] causing search overtime: "Ki_Mag_SaigaCoupled_8Rnd"
 5:29:24.635 [CE][LootRespawner] (PRIDummy) :: Item [96] causing search overtime: "Ki_Mag_AK74Coupled_45Rnd"
 5:29:24.736 [CE][LootRespawner] (PRIDummy) :: Item [97] causing search overtime: "Ki_Mag_CMAGCoupled_20Rnd"
 5:29:24.836 [CE][LootRespawner] (PRIDummy) :: Item [98] causing search overtime: "Ki_Mag_FAMASCoupled_25Rnd"
 5:29:25.636 [CE][VehicleRespawner] (PRIContaminatedArea) :: Initial random enabled for "StaticContaminatedArea" - Chosen nominal: 2
 5:29:41.844  --- Termination successfully completed --- 
