=====================================================================
== G:\SteamLibrary\steamapps\common\DayZServer\DayZServer_x64.exe
== G:\SteamLibrary\steamapps\common\DayZServer\DayZServer_x64.exe -config=serverDZ.cfg "-mod=@Dabs Framework;@DayZ-Expansion-AI;@DayZ-Expansion-Core;@DayZ-Expansion-Licensed;@DayZ-Expansion-BaseBuilding;@Early Winter or Late Fall Livonia;@AICFireplaceIndoor;@AimSounds;@AmmoStacks;@Basic Ear Plugs;@Bed-Respawning;@Better Medical Pouch;@BetterSuppressors;@CF;@Building Fortifications;@CarVanillaPlus;@CaseBag;@Code Lock;@Combinable RepairKits;@Coupled Mag Vanilla;@Forward Operator Gear;@InediaInfectedAI;@Inventory Move Sounds;@InventoryInCar;@JunkYardDog;@Loot Barrel Transfer;@MagazineLoading;@metabolism;@MountsSights;@Nomadbackpack;@PvZmoD_Spawn_System;@RaG_BaseItems;@RaG_Immersive_Vehicles;@Saline Bag;@StaminaRevised;@Usefull Vanila Tents;@VPPAdminTools;@SearchInventory;@CJ187-ToxicZoneAlarm;" -profiles=profiles "-servermod=@DayZ-Dynamic-AI-Addon;@Survivor Missions"
=====================================================================
Exe timestamp: 2025/01/28 02:52:30
Current time:  2025/02/11 05:33:49
Version 1.26.159040
=====================================================================

 5:33:49.87 [Inputs] Loading inputs default "bin/constants.xml"
 5:33:49.110 [Inputs] Loading inputs default "bin/specific.xml"
 5:33:49.110 [Inputs] Loading inputs default "EarPlugs\data\inputs.xml"
 5:33:49.110 [Inputs] Loading inputs default "InventoryMoveSounds/Scripts/Data/Inputs.xml"
 5:33:49.110 [Inputs] Loading inputs default "LIVEN/PvZmoD_Spawn_System/inputs.xml"
 5:33:49.111 [Inputs] Loading inputs default "SearchInventory/Scripts/Data/inputs.xml"
 5:33:49.111 [Inputs] Loading inputs default "VPPAdminTools/data/modded_Inputs.xml"
 5:33:49.111 [Inputs] Loading inputs default "FOG_MOD/Scripts/Data/inputs.xml"
 5:33:49.111 [Inputs] Loading inputs default "rag/rag_immersive_vehicles/scripts/4_world/rag_immersive_vehicles/actions/inputs/inputs.xml"
 5:33:49.111 [Inputs] Loading inputs default "DayZExpansion/AI/Scripts/inputs.xml"
 5:33:49.112 [Inputs] Loading inputs default "DayZExpansion/BaseBuilding/Scripts/Data/Inputs.xml"
 5:33:49.112 [Inputs] Loading inputs cfg "profiles\Users\Survivor\Server.core.xml"
 5:33:49.112 !!! [Inputs] Cannot read inputs cfg "profiles\Users\Survivor\Server.core.xml", parser error
 5:33:49.112 [Inputs] Loading inputs cfg "bin/core.xml"
 5:33:49.112 !!! [Inputs] Cannot load input preset "#STR_USER", file does not exist
 5:33:49.113 [Inputs] Exporting inputs cfg "profiles\Users\Survivor\Server.core.xml"
 5:34:01.423 Hostname of server: "Project: Genesis"
 5:34:17.413 [CE][Hive] :: Initializing OFFLINE
 5:34:17.413 [StorageDirs] :: Selected storage directory: G:\SteamLibrary\steamapps\common\DayZServer\mpmissions\dayzOffline.enoch\storage_2\
 5:34:17.413 [CE][Hive] :: Loading core data ... 
 5:34:17.418 [CE][CoreData] :: 8 root classes, 19 defaults, 0 updaters...
 5:34:29.673 [CE] :: WARNING :: Preset map "needle1" is EMPTY.
 5:34:29.675 [CE][TypeSetup] :: 683 classes setuped...
 5:34:31.122 [CE][RegisterBind] :: 0 classes binded...
 5:34:31.122 [CE][RegisterConfig] :: 14342 config classes registered, 0 sub-counters...
 5:34:31.122 [CE][Hive] :: Loading map data ... 
 5:34:31.143 [CE][IgnoreList] "cfgignorelist.xml" :: loaded 17 types
 5:34:31.205 [CE][LoadPrototype] :: loaded 445 prototypes
 5:34:31.205   842 containers, 11094 points
 5:34:31.205   83 dispatches, 324 proxies
 5:34:31.205 !!! [CE][LoadPrototype] 4 groups have no points...
 5:34:31.205 !!! [CE][LoadPrototype] 1 groups have wrong points...
 5:34:31.205 [CE][LoadPrototype] :: last group name: StaticObj_Misc_SupplyBox3_DE...
 5:34:31.222 [CE][LoadPrototype] :: loaded 0 prototypes
 5:34:31.222   50 containers, 276 points
 5:34:31.222   0 dispatches, 0 proxies
 5:34:31.222 [CE][LoadPrototype] :: last group name: PathD_7100...
 5:34:31.974 [CE][LoadMap] "Group" :: loaded 5753 groups, groups failed: 0, largest group range: 26.6
 5:34:31.976 [CE][LoadMap] "Dirt" :: loaded 0 groups, groups failed: 0, largest group range: 26.6
 5:34:32.73 [CE][Links] found 556 total links between groups, of 5753
 5:34:32.73 [CE][LoadClusters] "Cluster" :: Loading files...
 5:34:32.246 [CE][LoadClusters] :: file: "mapgroupcluster.xml", 4 types, 50000 instances
 5:34:32.415 [CE][LoadClusters] :: file: "mapgroupcluster01", 4 types, 50000 instances
 5:34:32.583 [CE][LoadClusters] :: file: "mapgroupcluster02", 4 types, 50000 instances
 5:34:32.761 [CE][LoadClusters] :: file: "mapgroupcluster03", 4 types, 50000 instances
 5:34:32.854 [CE][LoadClusters] :: file: "mapgroupcluster04", 4 types, 25015 instances
 5:34:32.872 [CE][Storage] ver:21 stamp:316, valid:yes, name:"G:\SteamLibrary\steamapps\common\DayZServer\mpmissions\dayzOffline.enoch\storage_2\data\types.bin"
 5:34:32.881 [CE][Storage] ver:21 stamp:315, valid:yes, name:"G:\SteamLibrary\steamapps\common\DayZServer\mpmissions\dayzOffline.enoch\storage_2\data\types.001"
 5:34:32.899 [CE][Storage] ver:21 stamp:313, valid:yes, name:"G:\SteamLibrary\steamapps\common\DayZServer\mpmissions\dayzOffline.enoch\storage_2\data\types.002"
 5:34:32.899 [CE][Storage] Restoring file "G:\SteamLibrary\steamapps\common\DayZServer\mpmissions\dayzOffline.enoch\storage_2\data\types.bin".
 5:34:33.97 !!! [CE][offlineDB] :: No Shutdown message present.
 5:34:33.104 [CE][offlineDB] :: Loaded 45 dynamic events 242 total types.
 5:34:33.141 !!! [CE] :: Unknown usage: 'Historical'.
 5:34:33.141 !!! [CE] :: Unknown usage: 'Historical'.
 5:34:33.141 !!! [CE] :: Unknown usage: 'Historical'.
 5:34:33.141 !!! [CE] :: Unknown usage: 'Historical'.
 5:34:33.141 !!! [CE][offlineDB] :: Type 'ChristmasTree' will be ignored. (Not spawnable. (Scope is not public?))
 5:34:33.141 !!! [CE] :: Unknown usage: 'Historical'.
 5:34:33.141 !!! [CE] :: Unknown usage: 'Historical'.
 5:34:33.141 !!! [CE] :: Unknown usage: 'Historical'.
 5:34:33.142 !!! [CE][offlineDB] :: Type 'Static_FrozenScientist_DE' will be ignored. (Type does not exist. (Typo?))
 5:34:33.142 !!! [CE] :: Unknown usage: 'Historical'.
 5:34:33.158 !!! [CE] :: Unknown usage: 'Tier3'.
 5:34:33.158 !!! [CE] :: Unknown usage: 'Tier3'.
 5:34:33.158 !!! [CE] :: Unknown usage: 'Tier3'.
 5:34:33.158 !!! [CE] :: Unknown usage: 'Tier3'.
 5:34:33.158 !!! [CE] :: Unknown usage: 'Tier3'.
 5:34:33.158 !!! [CE] :: Unknown usage: 'Tier3'.
 5:34:33.158 !!! [CE] :: Unknown usage: 'Tier3'.
 5:34:33.158 !!! [CE] :: Unknown usage: 'Tier3'.
 5:34:33.158 !!! [CE] :: Unknown usage: 'Tier3'.
 5:34:33.158 !!! [CE] :: Unknown usage: 'Tier3'.
 5:34:33.158 !!! [CE] :: Unknown usage: 'Tier3'.
 5:34:33.158 !!! [CE] :: Unknown usage: 'Tier3'.
 5:34:33.158 !!! [CE] :: Unknown usage: 'Tier3'.
 5:34:33.158 !!! [CE] :: Unknown usage: 'Tier3'.
 5:34:33.158 !!! [CE] :: Unknown usage: 'Tier3'.
 5:34:33.158 !!! [CE] :: Unknown usage: 'Tier3'.
 5:34:33.158 !!! [CE] :: Unknown usage: 'Tier3'.
 5:34:33.158 !!! [CE] :: Unknown usage: 'Tier3'.
 5:34:33.158 !!! [CE] :: Unknown usage: 'Tier3'.
 5:34:33.158 !!! [CE] :: Unknown usage: 'Tier3'.
 5:34:33.158 !!! [CE] :: Unknown usage: 'Tier3'.
 5:34:33.158 !!! [CE] :: Unknown usage: 'Tier3'.
 5:34:33.158 !!! [CE] :: Unknown usage: 'Tier3'.
 5:34:33.158 !!! [CE] :: Unknown usage: 'Tier3'.
 5:34:33.158 !!! [CE] :: Unknown usage: 'Tier3'.
 5:34:33.158 !!! [CE] :: Unknown usage: 'Tier3'.
 5:34:33.158 !!! [CE] :: Unknown usage: 'Tier3'.
 5:34:33.158 !!! [CE] :: Unknown usage: 'Tier3'.
 5:34:33.158 !!! [CE] :: Unknown usage: 'Tier3'.
 5:34:33.158 !!! [CE] :: Unknown usage: 'Tier3'.
 5:34:33.158 !!! [CE] :: Unknown usage: 'Tier3'.
 5:34:33.158 !!! [CE] :: Unknown usage: 'Tier3'.
 5:34:33.158 !!! [CE] :: Unknown usage: 'Tier3'.
 5:34:33.158 !!! [CE] :: Unknown usage: 'Tier3'.
 5:34:33.158 !!! [CE] :: Unknown usage: 'Tier3'.
 5:34:33.158 !!! [CE] :: Unknown usage: 'Tier3'.
 5:34:33.158 !!! [CE] :: Unknown usage: 'Tier3'.
 5:34:33.158 !!! [CE] :: Unknown usage: 'Tier3'.
 5:34:33.158 !!! [CE] :: Unknown usage: 'Tier3'.
 5:34:33.158 !!! [CE] :: Unknown usage: 'Tier3'.
 5:34:33.158 !!! [CE] :: Unknown usage: 'Tier3'.
 5:34:33.158 !!! [CE] :: Unknown usage: 'Tier3'.
 5:34:33.158 !!! [CE] :: Unknown usage: 'Tier3'.
 5:34:33.158 !!! [CE] :: Unknown usage: 'Tier3'.
 5:34:33.158 !!! [CE] :: Unknown usage: 'Tier3'.
 5:34:33.158 !!! [CE] :: Unknown usage: 'Tier3'.
 5:34:33.158 !!! [CE] :: Unknown usage: 'Tier3'.
 5:34:33.158 !!! [CE] :: Unknown usage: 'Tier3'.
 5:34:33.292 !!! [CE][offlineDB] :: Type 'rag_baseittems_triple_locker_kit' will be ignored. (Type does not exist. (Typo?))
 5:34:33.293 !!! [CE][offlineDB] :: Type 'rag_baseittems_triple_locker' will be ignored. (Type does not exist. (Typo?))
 5:34:33.293 !!! [CE][offlineDB] :: Type 'rag_baseittems_triple_locker_black_kit' will be ignored. (Type does not exist. (Typo?))
 5:34:33.293 !!! [CE][offlineDB] :: Type 'rag_baseittems_triple_locker_black' will be ignored. (Type does not exist. (Typo?))
 5:34:33.293 !!! [CE][offlineDB] :: Type 'rag_baseittems_triple_locker_green_kit' will be ignored. (Type does not exist. (Typo?))
 5:34:33.293 !!! [CE][offlineDB] :: Type 'rag_baseittems_triple_locker_green' will be ignored. (Type does not exist. (Typo?))
 5:34:33.293 !!! [CE][offlineDB] :: Type 'rag_baseittems_triple_locker_purple_kit' will be ignored. (Type does not exist. (Typo?))
 5:34:33.293 !!! [CE][offlineDB] :: Type 'rag_baseittems_triple_locker_purple' will be ignored. (Type does not exist. (Typo?))
 5:34:33.293 !!! [CE][offlineDB] :: Type 'rag_baseittems_triple_locker_red_kit' will be ignored. (Type does not exist. (Typo?))
 5:34:33.293 !!! [CE][offlineDB] :: Type 'rag_baseittems_triple_locker_red' will be ignored. (Type does not exist. (Typo?))
 5:34:33.293 !!! [CE][offlineDB] :: Type 'rag_baseittems_triple_locker_yellow_kit' will be ignored. (Type does not exist. (Typo?))
 5:34:33.293 !!! [CE][offlineDB] :: Type 'rag_baseittems_triple_locker_yellow' will be ignored. (Type does not exist. (Typo?))
 5:34:33.293 !!! [CE][offlineDB] :: Type 'rag_baseitems_spaycan_paint' will be ignored. (Type does not exist. (Typo?))
 5:34:33.293 !!! [CE][offlineDB] :: Type 'rag_baseitems_spaycan_white' will be ignored. (Type does not exist. (Typo?))
 5:34:33.294 !!! [CE][offlineDB] :: Type 'rag_cabin_kit' will be ignored. (Type does not exist. (Typo?))
 5:34:33.294 !!! [CE][offlineDB] :: Type 'rag_cabin' will be ignored. (Type does not exist. (Typo?))
 5:34:33.294 !!! [CE][offlineDB] :: Type 'rag_cabin_water_pump' will be ignored. (Type does not exist. (Typo?))
 5:34:33.294 !!! [CE][offlineDB] :: Type 'RaG_BB_Admin_Hammer' will be ignored. (Type does not exist. (Typo?))
 5:34:33.294 !!! [CE][offlineDB] :: Type 'RaG_BB_Admin_Hatchet' will be ignored. (Type does not exist. (Typo?))
 5:34:33.294 !!! [CE][offlineDB] :: Type 'RaG_BB_PillarKit' will be ignored. (Type does not exist. (Typo?))
 5:34:33.294 !!! [CE][offlineDB] :: Type 'RaG_BB_Pillar' will be ignored. (Type does not exist. (Typo?))
 5:34:33.294 !!! [CE][offlineDB] :: Type 'RaG_BB_RoofKit' will be ignored. (Type does not exist. (Typo?))
 5:34:33.294 !!! [CE][offlineDB] :: Type 'RaG_BB_Roof' will be ignored. (Type does not exist. (Typo?))
 5:34:33.294 !!! [CE][offlineDB] :: Type 'RaG_BB_FloorKit' will be ignored. (Type does not exist. (Typo?))
 5:34:33.294 !!! [CE][offlineDB] :: Type 'RaG_BB_Floor' will be ignored. (Type does not exist. (Typo?))
 5:34:33.294 !!! [CE][offlineDB] :: Type 'RaG_BB_CeilingKit' will be ignored. (Type does not exist. (Typo?))
 5:34:33.294 !!! [CE][offlineDB] :: Type 'RaG_BB_Ceiling' will be ignored. (Type does not exist. (Typo?))
 5:34:33.294 !!! [CE][offlineDB] :: Type 'RaG_BB_StaircaseKit' will be ignored. (Type does not exist. (Typo?))
 5:34:33.294 !!! [CE][offlineDB] :: Type 'RaG_BB_Staircase' will be ignored. (Type does not exist. (Typo?))
 5:34:33.295 !!! [CE][offlineDB] :: Type 'RaG_BB_Staircase_2Kit' will be ignored. (Type does not exist. (Typo?))
 5:34:33.295 !!! [CE][offlineDB] :: Type 'RaG_BB_Staircase_2' will be ignored. (Type does not exist. (Typo?))
 5:34:33.295 !!! [CE][offlineDB] :: Type 'RaG_BB_StairsKit' will be ignored. (Type does not exist. (Typo?))
 5:34:33.295 !!! [CE][offlineDB] :: Type 'RaG_BB_Stairs' will be ignored. (Type does not exist. (Typo?))
 5:34:33.295 !!! [CE][offlineDB] :: Type 'RaG_BB_WallKit' will be ignored. (Type does not exist. (Typo?))
 5:34:33.295 !!! [CE][offlineDB] :: Type 'RaG_BB_Wall' will be ignored. (Type does not exist. (Typo?))
 5:34:33.295 !!! [CE][offlineDB] :: Type 'RaG_BB_DoorKit' will be ignored. (Type does not exist. (Typo?))
 5:34:33.295 !!! [CE][offlineDB] :: Type 'RaG_BB_Door' will be ignored. (Type does not exist. (Typo?))
 5:34:33.295 !!! [CE][offlineDB] :: Type 'RaG_BB_WindowKit' will be ignored. (Type does not exist. (Typo?))
 5:34:33.295 !!! [CE][offlineDB] :: Type 'RaG_BB_Window' will be ignored. (Type does not exist. (Typo?))
 5:34:33.295 !!! [CE][offlineDB] :: Type 'RaG_BB_Window_SmallKit' will be ignored. (Type does not exist. (Typo?))
 5:34:33.295 !!! [CE][offlineDB] :: Type 'RaG_BB_Window_Small' will be ignored. (Type does not exist. (Typo?))
 5:34:33.295 !!! [CE][offlineDB] :: Type 'RaG_BB_Low_WallKit' will be ignored. (Type does not exist. (Typo?))
 5:34:33.295 !!! [CE][offlineDB] :: Type 'RaG_BB_Low_Wall' will be ignored. (Type does not exist. (Typo?))
 5:34:33.295 !!! [CE][offlineDB] :: Type 'RaG_BB_FoundationKit' will be ignored. (Type does not exist. (Typo?))
 5:34:33.295 !!! [CE][offlineDB] :: Type 'RaG_BB_Foundation' will be ignored. (Type does not exist. (Typo?))
 5:34:33.295 !!! [CE][offlineDB] :: Type 'RaG_BB_GateKit' will be ignored. (Type does not exist. (Typo?))
 5:34:33.295 !!! [CE][offlineDB] :: Type 'RaG_BB_Gate' will be ignored. (Type does not exist. (Typo?))
 5:34:33.295 !!! [CE][offlineDB] :: Type 'RaG_BB_GateLeftKit' will be ignored. (Type does not exist. (Typo?))
 5:34:33.296 !!! [CE][offlineDB] :: Type 'RaG_BB_GateLeft' will be ignored. (Type does not exist. (Typo?))
 5:34:33.296 !!! [CE][offlineDB] :: Type 'RaG_BB_GateRightKit' will be ignored. (Type does not exist. (Typo?))
 5:34:33.296 !!! [CE][offlineDB] :: Type 'RaG_BB_GateRight' will be ignored. (Type does not exist. (Typo?))
 5:34:33.296 !!! [CE][offlineDB] :: Type 'RaG_BB_WoodStorageKit' will be ignored. (Type does not exist. (Typo?))
 5:34:33.296 !!! [CE][offlineDB] :: Type 'RaG_BB_WoodStorage' will be ignored. (Type does not exist. (Typo?))
 5:34:33.296 !!! [CE][offlineDB] :: Type 'RaG_BB_RampKit' will be ignored. (Type does not exist. (Typo?))
 5:34:33.296 !!! [CE][offlineDB] :: Type 'RaG_BB_Ramp' will be ignored. (Type does not exist. (Typo?))
 5:34:33.296 !!! [CE][offlineDB] :: Type 'RaG_BB_StepLadderKit' will be ignored. (Type does not exist. (Typo?))
 5:34:33.296 !!! [CE][offlineDB] :: Type 'RaG_BB_StepLadder' will be ignored. (Type does not exist. (Typo?))
 5:34:33.296 !!! [CE][offlineDB] :: Type 'RaG_BB_Ladder' will be ignored. (Type does not exist. (Typo?))
 5:34:33.296 !!! [CE][offlineDB] :: Type 'RaG_BB_Floor_HatchKit' will be ignored. (Type does not exist. (Typo?))
 5:34:33.296 !!! [CE][offlineDB] :: Type 'RaG_BB_Floor_Hatch' will be ignored. (Type does not exist. (Typo?))
 5:34:33.296 !!! [CE][offlineDB] :: Type 'RaG_BB_Single_DoorKit' will be ignored. (Type does not exist. (Typo?))
 5:34:33.296 !!! [CE][offlineDB] :: Type 'RaG_BB_Single_Door' will be ignored. (Type does not exist. (Typo?))
 5:34:33.323 !!! [CE][offlineDB] :: Type 'TRMetalDetector' will be ignored. (Type does not exist. (Typo?))
 5:34:33.323 !!! [CE][offlineDB] :: Type 'TRMetalDetectorMil' will be ignored. (Type does not exist. (Typo?))
 5:34:33.323 !!! [CE][offlineDB] :: Type 'HiddenStash' will be ignored. (Type does not exist. (Typo?))
 5:34:33.323 !!! [CE][offlineDB] :: Type 'HauntedStash' will be ignored. (Type does not exist. (Typo?))
 5:34:33.323 !!! [CE][offlineDB] :: Type 'RadioBeaconStash' will be ignored. (Type does not exist. (Typo?))
 5:34:33.323 !!! [CE][offlineDB] :: Type 'ItemPhoto01' will be ignored. (Type does not exist. (Typo?))
 5:34:33.323 !!! [CE][offlineDB] :: Type 'ItemPhoto02' will be ignored. (Type does not exist. (Typo?))
 5:34:33.324 !!! [CE][offlineDB] :: Type 'ItemPhoto03' will be ignored. (Type does not exist. (Typo?))
 5:34:33.324 !!! [CE][offlineDB] :: Type 'ItemPhoto04' will be ignored. (Type does not exist. (Typo?))
 5:34:33.324 !!! [CE][offlineDB] :: Type 'ItemPhoto05' will be ignored. (Type does not exist. (Typo?))
 5:34:33.324 !!! [CE][offlineDB] :: Type 'ItemPhoto06' will be ignored. (Type does not exist. (Typo?))
 5:34:33.324 !!! [CE][offlineDB] :: Type 'ItemPhoto07' will be ignored. (Type does not exist. (Typo?))
 5:34:33.324 !!! [CE][offlineDB] :: Type 'ItemPhoto08' will be ignored. (Type does not exist. (Typo?))
 5:34:33.324 !!! [CE][offlineDB] :: Type 'ItemPhoto09' will be ignored. (Type does not exist. (Typo?))
 5:34:33.324 !!! [CE][offlineDB] :: Type 'ItemPhoto10' will be ignored. (Type does not exist. (Typo?))
 5:34:33.324 !!! [CE][offlineDB] :: Type 'ItemPhoto11' will be ignored. (Type does not exist. (Typo?))
 5:34:33.324 !!! [CE][offlineDB] :: Type 'ItemPhoto12' will be ignored. (Type does not exist. (Typo?))
 5:34:33.324 !!! [CE][offlineDB] :: Type 'ItemPhoto13' will be ignored. (Type does not exist. (Typo?))
 5:34:33.324 !!! [CE][offlineDB] :: Type 'ItemPhoto14' will be ignored. (Type does not exist. (Typo?))
 5:34:33.324 !!! [CE][offlineDB] :: Type 'ItemPhoto15' will be ignored. (Type does not exist. (Typo?))
 5:34:33.324 !!! [CE][offlineDB] :: Type 'ItemPhoto16' will be ignored. (Type does not exist. (Typo?))
 5:34:33.324 !!! [CE][offlineDB] :: Type 'ItemPhoto17' will be ignored. (Type does not exist. (Typo?))
 5:34:33.324 !!! [CE][offlineDB] :: Type 'ItemPhoto18' will be ignored. (Type does not exist. (Typo?))
 5:34:33.324 !!! [CE][offlineDB] :: Type 'ItemPhoto19' will be ignored. (Type does not exist. (Typo?))
 5:34:33.324 !!! [CE][offlineDB] :: Type 'ItemPhoto20' will be ignored. (Type does not exist. (Typo?))
 5:34:33.509 !!! [CE][DE][SPAWNS] :: [WARNING] :: Skipping entry for non-existing event 'VehicleTransitBus'.
 5:34:33.509 [CE][DE][SPAWNS] :: Total positions: 492
 5:34:33.509 [CE][DE][GROUPS] :: Total eventgroups defined: 61, Eventgroups in use: 61
 5:34:33.523 [CE][Storage] ver:25 stamp:316, valid:yes, name:"G:\SteamLibrary\steamapps\common\DayZServer\mpmissions\dayzOffline.enoch\storage_2\data\events.bin"
 5:34:33.531 [CE][Storage] ver:25 stamp:315, valid:yes, name:"G:\SteamLibrary\steamapps\common\DayZServer\mpmissions\dayzOffline.enoch\storage_2\data\events.001"
 5:34:33.544 [CE][Storage] ver:25 stamp:313, valid:yes, name:"G:\SteamLibrary\steamapps\common\DayZServer\mpmissions\dayzOffline.enoch\storage_2\data\events.002"
 5:34:33.544 [CE][Storage] Restoring file "G:\SteamLibrary\steamapps\common\DayZServer\mpmissions\dayzOffline.enoch\storage_2\data\events.bin".
 5:34:33.544 [CE][DynamicEvent] Load  Events:[45] Primary spawners: 45 Secondary spawners: 4
 5:34:33.558 [CE][Storage] ver:25 stamp:316, valid:yes, name:"G:\SteamLibrary\steamapps\common\DayZServer\mpmissions\dayzOffline.enoch\storage_2\data\dynamic_000.bin"
 5:34:33.574 [CE][Storage] ver:25 stamp:315, valid:yes, name:"G:\SteamLibrary\steamapps\common\DayZServer\mpmissions\dayzOffline.enoch\storage_2\data\dynamic_000.001"
 5:34:33.588 [CE][Storage] ver:25 stamp:313, valid:yes, name:"G:\SteamLibrary\steamapps\common\DayZServer\mpmissions\dayzOffline.enoch\storage_2\data\dynamic_000.002"
 5:34:33.588 [CE][Storage] Restoring file "G:\SteamLibrary\steamapps\common\DayZServer\mpmissions\dayzOffline.enoch\storage_2\data\dynamic_000.bin" 730 items.
 5:34:34.214   730 items loaded. (0 failed)
 5:34:34.232 [CE][Storage] ver:25 stamp:316, valid:yes, name:"G:\SteamLibrary\steamapps\common\DayZServer\mpmissions\dayzOffline.enoch\storage_2\data\dynamic_001.bin"
 5:34:34.246 [CE][Storage] ver:25 stamp:315, valid:yes, name:"G:\SteamLibrary\steamapps\common\DayZServer\mpmissions\dayzOffline.enoch\storage_2\data\dynamic_001.001"
 5:34:34.277 [CE][Storage] ver:25 stamp:313, valid:yes, name:"G:\SteamLibrary\steamapps\common\DayZServer\mpmissions\dayzOffline.enoch\storage_2\data\dynamic_001.002"
 5:34:34.277 [CE][Storage] Restoring file "G:\SteamLibrary\steamapps\common\DayZServer\mpmissions\dayzOffline.enoch\storage_2\data\dynamic_001.bin" 3072 items.
 5:34:35.600   3072 items loaded. (0 failed)
 5:34:35.610 [CE][Storage] ver:25 stamp:316, valid:yes, name:"G:\SteamLibrary\steamapps\common\DayZServer\mpmissions\dayzOffline.enoch\storage_2\data\dynamic_002.bin"
 5:34:35.620 [CE][Storage] ver:25 stamp:315, valid:yes, name:"G:\SteamLibrary\steamapps\common\DayZServer\mpmissions\dayzOffline.enoch\storage_2\data\dynamic_002.001"
 5:34:35.632 [CE][Storage] ver:25 stamp:313, valid:yes, name:"G:\SteamLibrary\steamapps\common\DayZServer\mpmissions\dayzOffline.enoch\storage_2\data\dynamic_002.002"
 5:34:35.632 [CE][Storage] Restoring file "G:\SteamLibrary\steamapps\common\DayZServer\mpmissions\dayzOffline.enoch\storage_2\data\dynamic_002.bin" 838 items.
 5:34:35.995   838 items loaded. (0 failed)
 5:34:36.14 [CE][Storage] ver:25 stamp:316, valid:yes, name:"G:\SteamLibrary\steamapps\common\DayZServer\mpmissions\dayzOffline.enoch\storage_2\data\dynamic_003.bin"
 5:34:36.21 [CE][Storage] ver:25 stamp:315, valid:yes, name:"G:\SteamLibrary\steamapps\common\DayZServer\mpmissions\dayzOffline.enoch\storage_2\data\dynamic_003.001"
 5:34:36.40 [CE][Storage] ver:25 stamp:313, valid:yes, name:"G:\SteamLibrary\steamapps\common\DayZServer\mpmissions\dayzOffline.enoch\storage_2\data\dynamic_003.002"
 5:34:36.40 [CE][Storage] Restoring file "G:\SteamLibrary\steamapps\common\DayZServer\mpmissions\dayzOffline.enoch\storage_2\data\dynamic_003.bin" 1872 items.
 5:34:36.892   1872 items loaded. (0 failed)
 5:34:36.904 [CE][Storage] ver:25 stamp:316, valid:yes, name:"G:\SteamLibrary\steamapps\common\DayZServer\mpmissions\dayzOffline.enoch\storage_2\data\dynamic_004.bin"
 5:34:36.908 [CE][Storage] ver:25 stamp:315, valid:yes, name:"G:\SteamLibrary\steamapps\common\DayZServer\mpmissions\dayzOffline.enoch\storage_2\data\dynamic_004.001"
 5:34:36.923 !!! [CE][Storage] Failed to read [Storage] data file "G:\SteamLibrary\steamapps\common\DayZServer\mpmissions\dayzOffline.enoch\storage_2\data\dynamic_004.002".
 5:34:36.923   File not closed...
 5:34:36.923 [CE][Storage] ver:25 stamp:316, valid:NO, name:"G:\SteamLibrary\steamapps\common\DayZServer\mpmissions\dayzOffline.enoch\storage_2\data\dynamic_004.002"
 5:34:36.923 [CE][Storage] Restoring file "G:\SteamLibrary\steamapps\common\DayZServer\mpmissions\dayzOffline.enoch\storage_2\data\dynamic_004.bin" 1697 items.
 5:34:37.753   1697 items loaded. (0 failed)
 5:34:37.768 [CE][Storage] ver:25 stamp:316, valid:yes, name:"G:\SteamLibrary\steamapps\common\DayZServer\mpmissions\dayzOffline.enoch\storage_2\data\dynamic_005.bin"
 5:34:37.780 [CE][Storage] ver:25 stamp:315, valid:yes, name:"G:\SteamLibrary\steamapps\common\DayZServer\mpmissions\dayzOffline.enoch\storage_2\data\dynamic_005.001"
 5:34:37.790 [CE][Storage] ver:25 stamp:316, valid:yes, name:"G:\SteamLibrary\steamapps\common\DayZServer\mpmissions\dayzOffline.enoch\storage_2\data\dynamic_005.002"
 5:34:37.790 [CE][Storage] Restoring file "G:\SteamLibrary\steamapps\common\DayZServer\mpmissions\dayzOffline.enoch\storage_2\data\dynamic_005.bin" 2152 items.
 5:34:38.808   2152 items loaded. (0 failed)
 5:34:38.813 [CE][Storage] ver:25 stamp:316, valid:yes, name:"G:\SteamLibrary\steamapps\common\DayZServer\mpmissions\dayzOffline.enoch\storage_2\data\dynamic_006.bin"
 5:34:38.827 [CE][Storage] ver:25 stamp:315, valid:yes, name:"G:\SteamLibrary\steamapps\common\DayZServer\mpmissions\dayzOffline.enoch\storage_2\data\dynamic_006.001"
 5:34:38.837 [CE][Storage] ver:25 stamp:316, valid:yes, name:"G:\SteamLibrary\steamapps\common\DayZServer\mpmissions\dayzOffline.enoch\storage_2\data\dynamic_006.002"
 5:34:38.837 [CE][Storage] Restoring file "G:\SteamLibrary\steamapps\common\DayZServer\mpmissions\dayzOffline.enoch\storage_2\data\dynamic_006.bin" 1280 items.
 5:34:39.445   1280 items loaded. (0 failed)
 5:34:39.458 [CE][Storage] ver:25 stamp:316, valid:yes, name:"G:\SteamLibrary\steamapps\common\DayZServer\mpmissions\dayzOffline.enoch\storage_2\data\dynamic_007.bin"
 5:34:39.478 [CE][Storage] ver:25 stamp:315, valid:yes, name:"G:\SteamLibrary\steamapps\common\DayZServer\mpmissions\dayzOffline.enoch\storage_2\data\dynamic_007.001"
 5:34:39.499 [CE][Storage] ver:25 stamp:316, valid:yes, name:"G:\SteamLibrary\steamapps\common\DayZServer\mpmissions\dayzOffline.enoch\storage_2\data\dynamic_007.002"
 5:34:39.499 [CE][Storage] Restoring file "G:\SteamLibrary\steamapps\common\DayZServer\mpmissions\dayzOffline.enoch\storage_2\data\dynamic_007.bin" 1414 items.
 5:34:40.76   1414 items loaded. (0 failed)
 5:34:40.91 [CE][Storage] ver:25 stamp:316, valid:yes, name:"G:\SteamLibrary\steamapps\common\DayZServer\mpmissions\dayzOffline.enoch\storage_2\data\dynamic_008.bin"
 5:34:40.103 [CE][Storage] ver:25 stamp:315, valid:yes, name:"G:\SteamLibrary\steamapps\common\DayZServer\mpmissions\dayzOffline.enoch\storage_2\data\dynamic_008.001"
 5:34:40.105 [CE][Storage] ver:25 stamp:316, valid:yes, name:"G:\SteamLibrary\steamapps\common\DayZServer\mpmissions\dayzOffline.enoch\storage_2\data\dynamic_008.002"
 5:34:40.105 [CE][Storage] Restoring file "G:\SteamLibrary\steamapps\common\DayZServer\mpmissions\dayzOffline.enoch\storage_2\data\dynamic_008.bin" 1376 items.
 5:34:40.694   1376 items loaded. (0 failed)
 5:34:40.694 [CE][Storage] ver:25 stamp:316, valid:yes, name:"G:\SteamLibrary\steamapps\common\DayZServer\mpmissions\dayzOffline.enoch\storage_2\data\dynamic_009.bin"
 5:34:40.710 [CE][Storage] ver:25 stamp:315, valid:yes, name:"G:\SteamLibrary\steamapps\common\DayZServer\mpmissions\dayzOffline.enoch\storage_2\data\dynamic_009.001"
 5:34:40.727 [CE][Storage] ver:25 stamp:316, valid:yes, name:"G:\SteamLibrary\steamapps\common\DayZServer\mpmissions\dayzOffline.enoch\storage_2\data\dynamic_009.002"
 5:34:40.727 [CE][Storage] Restoring file "G:\SteamLibrary\steamapps\common\DayZServer\mpmissions\dayzOffline.enoch\storage_2\data\dynamic_009.bin" 1171 items.
 5:34:41.233   1171 items loaded. (0 failed)
 5:34:41.241 [CE][Storage] ver:25 stamp:316, valid:yes, name:"G:\SteamLibrary\steamapps\common\DayZServer\mpmissions\dayzOffline.enoch\storage_2\data\dynamic_010.bin"
 5:34:41.250 [CE][Storage] ver:25 stamp:315, valid:yes, name:"G:\SteamLibrary\steamapps\common\DayZServer\mpmissions\dayzOffline.enoch\storage_2\data\dynamic_010.001"
 5:34:41.260 [CE][Storage] ver:25 stamp:316, valid:yes, name:"G:\SteamLibrary\steamapps\common\DayZServer\mpmissions\dayzOffline.enoch\storage_2\data\dynamic_010.002"
 5:34:41.260 [CE][Storage] Restoring file "G:\SteamLibrary\steamapps\common\DayZServer\mpmissions\dayzOffline.enoch\storage_2\data\dynamic_010.bin" 3430 items.
 5:34:42.704   3430 items loaded. (0 failed)
 5:34:42.714 [CE][Storage] ver:25 stamp:316, valid:yes, name:"G:\SteamLibrary\steamapps\common\DayZServer\mpmissions\dayzOffline.enoch\storage_2\data\dynamic_011.bin"
 5:34:42.728 [CE][Storage] ver:25 stamp:315, valid:yes, name:"G:\SteamLibrary\steamapps\common\DayZServer\mpmissions\dayzOffline.enoch\storage_2\data\dynamic_011.001"
 5:34:42.734 [CE][Storage] ver:25 stamp:316, valid:yes, name:"G:\SteamLibrary\steamapps\common\DayZServer\mpmissions\dayzOffline.enoch\storage_2\data\dynamic_011.002"
 5:34:42.734 [CE][Storage] Restoring file "G:\SteamLibrary\steamapps\common\DayZServer\mpmissions\dayzOffline.enoch\storage_2\data\dynamic_011.bin" 546 items.
 5:34:42.955   546 items loaded. (0 failed)
 5:34:42.955 [CE][Storage] ver:26 stamp:316, valid:yes, name:"G:\SteamLibrary\steamapps\common\DayZServer\mpmissions\dayzOffline.enoch\storage_2\data\building.bin"
 5:34:42.955 [CE][Storage] ver:26 stamp:315, valid:yes, name:"G:\SteamLibrary\steamapps\common\DayZServer\mpmissions\dayzOffline.enoch\storage_2\data\building.001"
 5:34:42.955 [CE][Storage] ver:26 stamp:313, valid:yes, name:"G:\SteamLibrary\steamapps\common\DayZServer\mpmissions\dayzOffline.enoch\storage_2\data\building.002"
 5:34:42.955 [CE][Storage] Restoring file "G:\SteamLibrary\steamapps\common\DayZServer\mpmissions\dayzOffline.enoch\storage_2\data\building.bin" 0 items.
 5:34:42.955   0 items loaded. (0 failed)
 5:34:42.956 [CE][Storage] ver:25 stamp:316, valid:yes, name:"G:\SteamLibrary\steamapps\common\DayZServer\mpmissions\dayzOffline.enoch\storage_2\data\vehicles.bin"
 5:34:42.967 [CE][Storage] ver:25 stamp:315, valid:yes, name:"G:\SteamLibrary\steamapps\common\DayZServer\mpmissions\dayzOffline.enoch\storage_2\data\vehicles.001"
 5:34:42.980 [CE][Storage] ver:25 stamp:313, valid:yes, name:"G:\SteamLibrary\steamapps\common\DayZServer\mpmissions\dayzOffline.enoch\storage_2\data\vehicles.002"
 5:34:42.980 [CE][Storage] Restoring file "G:\SteamLibrary\steamapps\common\DayZServer\mpmissions\dayzOffline.enoch\storage_2\data\vehicles.bin" 229 items.
 5:34:43.862   229 items loaded. (0 failed)
 5:34:43.895 [CE][Hive] :: Storage load took:10.34 seconds, recovery stamp:316
 5:34:43.895   entity: 21408, building: 0
 5:34:43.895   no lifetime: 48
 5:34:43.895   pathgraph's: 503
 5:34:43.895 [CE][Hive] :: Initializing ... 
 5:34:43.940 [CE][InitializeMap] :: initialized: 0
 5:34:43.940 [CE][Hive] :: Initializing spawners ... 
 5:34:45.930 [CE][LootRespawner] (PRIDummy) :: Initially (re)spawned:0, Nominal:23995, Total in Map: 19716 at 0 (sec)
 5:34:45.930   tests:0, repeats:0 fails:0, overtime:0
 5:34:45.931 [CE][DynEvent] :: 45 types
 5:34:45.931 [00] AmbientFox
 5:34:45.931   Primary Spawner: "Ambient", active: yes, repeat: 1
 5:34:45.931 [01] AmbientHare
 5:34:45.931   Primary Spawner: "Ambient", active: yes, repeat: 1
 5:34:45.931 [02] AmbientHen
 5:34:45.931   Primary Spawner: "Ambient", active: yes, repeat: 1
 5:34:45.931 [03] AnimalBear
 5:34:45.931   Primary Spawner: "Animal", active: yes, repeat: 1
 5:34:45.931 [04] AnimalCow
 5:34:45.931   Primary Spawner: "Animal", active: yes, repeat: 1
 5:34:45.931 [05] AnimalDeer
 5:34:45.931   Primary Spawner: "Animal", active: yes, repeat: 1
 5:34:45.931 [06] AnimalGoat
 5:34:45.931   Primary Spawner: "Animal", active: yes, repeat: 1
 5:34:45.931 [07] AnimalPig
 5:34:45.931   Primary Spawner: "Animal", active: yes, repeat: 1
 5:34:45.931 [08] AnimalRoeDeer
 5:34:45.931   Primary Spawner: "Animal", active: yes, repeat: 1
 5:34:45.931 [09] AnimalSheep
 5:34:45.931   Primary Spawner: "Animal", active: yes, repeat: 1
 5:34:45.931 [10] AnimalWildBoar
 5:34:45.931   Primary Spawner: "Animal", active: yes, repeat: 1
 5:34:45.931 [11] AnimalWolf
 5:34:45.931   Primary Spawner: "Animal", active: yes, repeat: 1
 5:34:45.931 [12] InfectedArmy
 5:34:45.931   Primary Spawner: "Infected", active: yes, repeat: 1
 5:34:45.931 [13] InfectedArmyConvoy
 5:34:45.931   Primary Spawner: "Infected", active: yes, repeat: 1
 5:34:45.931 [14] InfectedArmyHard
 5:34:45.931   Primary Spawner: "Infected", active: yes, repeat: 1
 5:34:45.931 [15] InfectedCity
 5:34:45.931   Primary Spawner: "Infected", active: yes, repeat: 1
 5:34:45.931 [16] InfectedFirefighter
 5:34:45.931   Primary Spawner: "Infected", active: yes, repeat: 1
 5:34:45.931 [17] InfectedIndustrial
 5:34:45.931   Primary Spawner: "Infected", active: yes, repeat: 1
 5:34:45.931 [18] InfectedMedic
 5:34:45.931   Primary Spawner: "Infected", active: yes, repeat: 1
 5:34:45.931 [19] InfectedNBC
 5:34:45.931   Primary Spawner: "Infected", active: yes, repeat: 1
 5:34:45.931 [20] InfectedPolice
 5:34:45.931   Primary Spawner: "Infected", active: yes, repeat: 1
 5:34:45.931 [21] InfectedPoliceHard
 5:34:45.931   Primary Spawner: "Infected", active: yes, repeat: 1
 5:34:45.931 [22] InfectedPrisoner
 5:34:45.931   Primary Spawner: "Infected", active: yes, repeat: 1
 5:34:45.931 [23] InfectedReligious
 5:34:45.931   Primary Spawner: "Infected", active: yes, repeat: 1
 5:34:45.931 [24] InfectedSanta
 5:34:45.931   Primary Spawner: "Infected", active: yes, repeat: 1
 5:34:45.931 [25] InfectedSolitude
 5:34:45.931   Primary Spawner: "Infected", active: yes, repeat: 1
 5:34:45.931 [26] InfectedVillage
 5:34:45.931   Primary Spawner: "Infected", active: yes, repeat: 1
 5:34:45.931 [27] ItemPlanks
 5:34:45.931   Primary Spawner: "Item", active: yes, repeat: 1
 5:34:45.931 [28] Loot
 5:34:45.931   Primary Spawner: "Loot", active: yes, repeat: 2
 5:34:45.931 [29] StaticContaminatedArea
 5:34:45.931   Primary Spawner: "Static", active: yes, repeat: 1
 5:34:45.931 [30] StaticHeliCrash
 5:34:45.931   Primary Spawner: "Static", active: yes, repeat: 1
 5:34:45.931   Secondary Spawner: "Infected", active: yes, repeat: 1
 5:34:45.931 [31] StaticMilitaryConvoy
 5:34:45.931   Primary Spawner: "Static", active: yes, repeat: 1
 5:34:45.931   Secondary Spawner: "Infected", active: yes, repeat: 1
 5:34:45.931 [32] StaticPoliceSituation
 5:34:45.931   Primary Spawner: "Static", active: yes, repeat: 1
 5:34:45.931   Secondary Spawner: "Infected", active: yes, repeat: 1
 5:34:45.931 [33] StaticTrain
 5:34:45.931   Primary Spawner: "Static", active: yes, repeat: 1
 5:34:45.931   Secondary Spawner: "Infected", active: yes, repeat: 1
 5:34:45.931 [34] TrajectoryConiferous
 5:34:45.931   Primary Spawner: "Trajectory", active: yes, repeat: 1
 5:34:45.931 [35] TrajectoryDeciduous
 5:34:45.931   Primary Spawner: "Trajectory", active: yes, repeat: 1
 5:34:45.931 [36] TrajectoryHumus
 5:34:45.931   Primary Spawner: "Trajectory", active: yes, repeat: 1
 5:34:45.931 [37] TrajectoryStones
 5:34:45.931   Primary Spawner: "Trajectory", active: yes, repeat: 1
 5:34:45.931 [38] VehicleBoat
 5:34:45.931   Primary Spawner: "Vehicle", active: yes, repeat: 1
 5:34:45.931 [39] VehicleCivilianSedan
 5:34:45.931   Primary Spawner: "Vehicle", active: yes, repeat: 1
 5:34:45.931 [40] VehicleHatchback02
 5:34:45.931   Primary Spawner: "Vehicle", active: yes, repeat: 1
 5:34:45.931 [41] VehicleOffroad02
 5:34:45.931   Primary Spawner: "Vehicle", active: yes, repeat: 1
 5:34:45.931 [42] VehicleOffroadHatchback
 5:34:45.931   Primary Spawner: "Vehicle", active: yes, repeat: 1
 5:34:45.931 [43] VehicleSedan02
 5:34:45.931   Primary Spawner: "Vehicle", active: yes, repeat: 1
 5:34:45.931 [44] VehicleTruck01
 5:34:45.931   Primary Spawner: "Vehicle", active: yes, repeat: 1
 5:34:45.931 [CE][Hive] :: Initializing of spawners done.
 5:34:45.937 [CE][Hive] :: Init sequence finished.
 5:34:45.937 Player connect enabled
 5:35:08.351  --- Termination successfully completed --- 
